?   	sigs.k8s.io/kustomize/api	[no test files]
?   	sigs.k8s.io/kustomize/api/builtins	[no test files]
?   	sigs.k8s.io/kustomize/api/filesys	[no test files]
?   	sigs.k8s.io/kustomize/api/filters	[no test files]
=== RUN   TestAnnotations_Filter
=== RUN   TestAnnotations_Filter/data-fieldspecs
=== RUN   TestAnnotations_Filter/number
=== RUN   TestAnnotations_Filter/yaml_1_1_compatibility
=== RUN   TestAnnotations_Filter/null_annotations
=== RUN   TestAnnotations_Filter/set_entry_callback
=== RUN   TestAnnotations_Filter/add
=== RUN   TestAnnotations_Filter/update
--- PASS: TestAnnotations_Filter (0.00s)
    --- PASS: TestAnnotations_Filter/data-fieldspecs (0.00s)
    --- PASS: TestAnnotations_Filter/number (0.00s)
    --- PASS: TestAnnotations_Filter/yaml_1_1_compatibility (0.00s)
    --- PASS: TestAnnotations_Filter/null_annotations (0.00s)
    --- PASS: TestAnnotations_Filter/set_entry_callback (0.00s)
    --- PASS: TestAnnotations_Filter/add (0.00s)
    --- PASS: TestAnnotations_Filter/update (0.00s)
=== RUN   ExampleFilter
--- PASS: ExampleFilter (0.00s)
PASS
ok  	sigs.k8s.io/kustomize/api/filters/annotations	0.403s
=== RUN   TestFilter_Filter
=== RUN   TestFilter_Filter/fieldname_with_multiple_'/'
=== RUN   TestFilter_Filter/path_not_found
=== RUN   TestFilter_Filter/update
=== RUN   TestFilter_Filter/bad-meta
=== RUN   TestFilter_Filter/miss-match-type
=== RUN   TestFilter_Filter/group_v1
=== RUN   TestFilter_Filter/version_v1
=== RUN   TestFilter_Filter/failure_to_set_field_on_array_entry_with_sequence_hint_in_path
=== RUN   TestFilter_Filter/fieldname_with_slash_'/'
=== RUN   TestFilter_Filter/update-group-not-match
=== RUN   TestFilter_Filter/update-version-not-match
=== RUN   TestFilter_Filter/bad-version
=== RUN   TestFilter_Filter/update-in-sequence
=== RUN   TestFilter_Filter/empty-sequence-create
=== RUN   TestFilter_Filter/update-kind-not-match
=== RUN   TestFilter_Filter/add
=== RUN   TestFilter_Filter/empty-sequence-no-create
=== RUN   TestFilter_Filter/failure_to_set_field_on_array_entry,_no_sequence_hint_in_path
=== RUN   TestFilter_Filter/empty_path
=== RUN   TestFilter_Filter/successfully_set_field_on_array_entry_no_sequence_hint
=== RUN   TestFilter_Filter/successfully_set_field_on_array_entry_with_sequence_hint
--- PASS: TestFilter_Filter (0.00s)
    --- PASS: TestFilter_Filter/fieldname_with_multiple_'/' (0.00s)
    --- PASS: TestFilter_Filter/path_not_found (0.00s)
    --- PASS: TestFilter_Filter/update (0.00s)
    --- PASS: TestFilter_Filter/bad-meta (0.00s)
    --- PASS: TestFilter_Filter/miss-match-type (0.00s)
    --- PASS: TestFilter_Filter/group_v1 (0.00s)
    --- PASS: TestFilter_Filter/version_v1 (0.00s)
    --- PASS: TestFilter_Filter/failure_to_set_field_on_array_entry_with_sequence_hint_in_path (0.00s)
    --- PASS: TestFilter_Filter/fieldname_with_slash_'/' (0.00s)
    --- PASS: TestFilter_Filter/update-group-not-match (0.00s)
    --- PASS: TestFilter_Filter/update-version-not-match (0.00s)
    --- PASS: TestFilter_Filter/bad-version (0.00s)
    --- PASS: TestFilter_Filter/update-in-sequence (0.00s)
    --- PASS: TestFilter_Filter/empty-sequence-create (0.00s)
    --- PASS: TestFilter_Filter/update-kind-not-match (0.00s)
    --- PASS: TestFilter_Filter/add (0.00s)
    --- PASS: TestFilter_Filter/empty-sequence-no-create (0.00s)
    --- PASS: TestFilter_Filter/failure_to_set_field_on_array_entry,_no_sequence_hint_in_path (0.00s)
    --- PASS: TestFilter_Filter/empty_path (0.00s)
    --- PASS: TestFilter_Filter/successfully_set_field_on_array_entry_no_sequence_hint (0.00s)
    --- PASS: TestFilter_Filter/successfully_set_field_on_array_entry_with_sequence_hint (0.00s)
=== RUN   TestFilter_FieldPaths
=== RUN   TestFilter_FieldPaths/fieldpath_containing_SequenceNode
=== RUN   TestFilter_FieldPaths/fieldpath_with_MappingNode
--- PASS: TestFilter_FieldPaths (0.00s)
    --- PASS: TestFilter_FieldPaths/fieldpath_containing_SequenceNode (0.00s)
    --- PASS: TestFilter_FieldPaths/fieldpath_with_MappingNode (0.00s)
=== RUN   ExampleFilter
--- PASS: ExampleFilter (0.00s)
PASS
ok  	sigs.k8s.io/kustomize/api/filters/fieldspec	0.631s
=== RUN   TestTrackableSetter_SetScalarIfEmpty
=== RUN   TestTrackableSetter_SetScalarIfEmpty/sets_null_values
=== RUN   TestTrackableSetter_SetScalarIfEmpty/sets_empty_values
=== RUN   TestTrackableSetter_SetScalarIfEmpty/does_not_overwrite_values
--- PASS: TestTrackableSetter_SetScalarIfEmpty (0.00s)
    --- PASS: TestTrackableSetter_SetScalarIfEmpty/sets_null_values (0.00s)
    --- PASS: TestTrackableSetter_SetScalarIfEmpty/sets_empty_values (0.00s)
    --- PASS: TestTrackableSetter_SetScalarIfEmpty/does_not_overwrite_values (0.00s)
=== RUN   TestTrackableSetter_SetEntryIfEmpty
=== RUN   TestTrackableSetter_SetEntryIfEmpty/sets_empty_values
=== RUN   TestTrackableSetter_SetEntryIfEmpty/sets_missing_keys
=== RUN   TestTrackableSetter_SetEntryIfEmpty/does_not_overwrite_values
--- PASS: TestTrackableSetter_SetEntryIfEmpty (0.00s)
    --- PASS: TestTrackableSetter_SetEntryIfEmpty/sets_empty_values (0.00s)
    --- PASS: TestTrackableSetter_SetEntryIfEmpty/sets_missing_keys (0.00s)
    --- PASS: TestTrackableSetter_SetEntryIfEmpty/does_not_overwrite_values (0.00s)
=== RUN   TestTrackableSetter_SetEntryIfEmpty_BadInputNodeKind
--- PASS: TestTrackableSetter_SetEntryIfEmpty_BadInputNodeKind (0.00s)
PASS
ok  	sigs.k8s.io/kustomize/api/filters/filtersutil	(cached)
=== RUN   TestFilter
=== RUN   TestFilter/two
=== RUN   TestFilter/empty
--- PASS: TestFilter (0.00s)
    --- PASS: TestFilter/two (0.00s)
    --- PASS: TestFilter/empty (0.00s)
=== RUN   ExampleFilter
--- PASS: ExampleFilter (0.00s)
PASS
ok  	sigs.k8s.io/kustomize/api/filters/fsslice	2.078s
=== RUN   TestFilter
=== RUN   TestFilter/with_namespace
=== RUN   TestFilter/without_namespace
--- PASS: TestFilter (0.00s)
    --- PASS: TestFilter/with_namespace (0.00s)
    --- PASS: TestFilter/without_namespace (0.00s)
=== RUN   ExampleFilter
--- PASS: ExampleFilter (0.00s)
PASS
ok  	sigs.k8s.io/kustomize/api/filters/iampolicygenerator	2.309s
=== RUN   TestImageTagUpdater_Filter
=== RUN   TestImageTagUpdater_Filter/newImageAndTag
=== RUN   TestImageTagUpdater_Filter/emptyContainers
=== RUN   TestImageTagUpdater_Filter/legacy_both_containers_and_initContainers
=== RUN   TestImageTagUpdater_Filter/newImage
=== RUN   TestImageTagUpdater_Filter/image_with_tag_and_digest_new_name_new_tag_and_digest
=== RUN   TestImageTagUpdater_Filter/updateimagesuffix
=== RUN   TestImageTagUpdater_Filter/new_Tag
=== RUN   TestImageTagUpdater_Filter/image_with_tag_and_digest_new_name
=== RUN   TestImageTagUpdater_Filter/multiple_matches_in_sequence
=== RUN   TestImageTagUpdater_Filter/newDigest
=== RUN   TestImageTagUpdater_Filter/newImageAndDigest
=== RUN   TestImageTagUpdater_Filter/tagWithBraces
=== RUN   TestImageTagUpdater_Filter/ignore_CustomResourceDefinition
=== RUN   TestImageTagUpdater_Filter/legacy_multiple_images_in_containers
=== RUN   TestImageTagUpdater_Filter/legacy_updates_at_multiple_depths
=== RUN   TestImageTagUpdater_Filter/update_with_digest
=== RUN   TestImageTagUpdater_Filter/mutation_tracker
=== RUN   TestImageTagUpdater_Filter/image_with_tag_and_digest_new_name_new_tag
--- PASS: TestImageTagUpdater_Filter (0.02s)
    --- PASS: TestImageTagUpdater_Filter/newImageAndTag (0.00s)
    --- PASS: TestImageTagUpdater_Filter/emptyContainers (0.00s)
    --- PASS: TestImageTagUpdater_Filter/legacy_both_containers_and_initContainers (0.00s)
    --- PASS: TestImageTagUpdater_Filter/newImage (0.00s)
    --- PASS: TestImageTagUpdater_Filter/image_with_tag_and_digest_new_name_new_tag_and_digest (0.00s)
    --- PASS: TestImageTagUpdater_Filter/updateimagesuffix (0.00s)
    --- PASS: TestImageTagUpdater_Filter/new_Tag (0.00s)
    --- PASS: TestImageTagUpdater_Filter/image_with_tag_and_digest_new_name (0.00s)
    --- PASS: TestImageTagUpdater_Filter/multiple_matches_in_sequence (0.00s)
    --- PASS: TestImageTagUpdater_Filter/newDigest (0.00s)
    --- PASS: TestImageTagUpdater_Filter/newImageAndDigest (0.00s)
    --- PASS: TestImageTagUpdater_Filter/tagWithBraces (0.00s)
    --- PASS: TestImageTagUpdater_Filter/ignore_CustomResourceDefinition (0.00s)
    --- PASS: TestImageTagUpdater_Filter/legacy_multiple_images_in_containers (0.00s)
    --- PASS: TestImageTagUpdater_Filter/legacy_updates_at_multiple_depths (0.00s)
    --- PASS: TestImageTagUpdater_Filter/update_with_digest (0.00s)
    --- PASS: TestImageTagUpdater_Filter/mutation_tracker (0.00s)
    --- PASS: TestImageTagUpdater_Filter/image_with_tag_and_digest_new_name_new_tag (0.00s)
=== RUN   TestLegacyImageTag_Filter
=== RUN   TestLegacyImageTag_Filter/updates_inside_both_containers_and_initContainers
=== RUN   TestLegacyImageTag_Filter/updates_on_multiple_depths
=== RUN   TestLegacyImageTag_Filter/updates_multiple_images_inside_containers
--- PASS: TestLegacyImageTag_Filter (0.00s)
    --- PASS: TestLegacyImageTag_Filter/updates_inside_both_containers_and_initContainers (0.00s)
    --- PASS: TestLegacyImageTag_Filter/updates_on_multiple_depths (0.00s)
    --- PASS: TestLegacyImageTag_Filter/updates_multiple_images_inside_containers (0.00s)
=== RUN   ExampleFilter
--- PASS: ExampleFilter (0.00s)
=== RUN   ExampleLegacyFilter
--- PASS: ExampleLegacyFilter (0.00s)
PASS
ok  	sigs.k8s.io/kustomize/api/filters/imagetag	1.566s
=== RUN   TestLabels_Filter
=== RUN   TestLabels_Filter/fieldSpecWithKind
=== RUN   TestLabels_Filter/fieldSpecWithVersionInConfigButNoGroupInData
=== RUN   TestLabels_Filter/number
=== RUN   TestLabels_Filter/null_labels
=== RUN   TestLabels_Filter/add
=== RUN   TestLabels_Filter/update
=== RUN   TestLabels_Filter/data-fieldspecs
=== RUN   TestLabels_Filter/fieldSpecWithVersion
=== RUN   TestLabels_Filter/yaml_1_1_compatibility
=== RUN   TestLabels_Filter/set_entry_callback
--- PASS: TestLabels_Filter (0.00s)
    --- PASS: TestLabels_Filter/fieldSpecWithKind (0.00s)
    --- PASS: TestLabels_Filter/fieldSpecWithVersionInConfigButNoGroupInData (0.00s)
    --- PASS: TestLabels_Filter/number (0.00s)
    --- PASS: TestLabels_Filter/null_labels (0.00s)
    --- PASS: TestLabels_Filter/add (0.00s)
    --- PASS: TestLabels_Filter/update (0.00s)
    --- PASS: TestLabels_Filter/data-fieldspecs (0.00s)
    --- PASS: TestLabels_Filter/fieldSpecWithVersion (0.00s)
    --- PASS: TestLabels_Filter/yaml_1_1_compatibility (0.00s)
    --- PASS: TestLabels_Filter/set_entry_callback (0.00s)
=== RUN   ExampleFilter
--- PASS: ExampleFilter (0.01s)
PASS
ok  	sigs.k8s.io/kustomize/api/filters/labels	1.074s
=== RUN   TestNamerefFilter
=== RUN   TestNamerefFilter/simple_scalar
=== RUN   TestNamerefFilter/sequence
=== RUN   TestNamerefFilter/mapping
=== RUN   TestNamerefFilter/mapping_with_namespace
=== RUN   TestNamerefFilter/null_value
--- PASS: TestNamerefFilter (0.17s)
    --- PASS: TestNamerefFilter/simple_scalar (0.17s)
    --- PASS: TestNamerefFilter/sequence (0.00s)
    --- PASS: TestNamerefFilter/mapping (0.00s)
    --- PASS: TestNamerefFilter/mapping_with_namespace (0.00s)
    --- PASS: TestNamerefFilter/null_value (0.00s)
=== RUN   TestNamerefFilterUnhappy
=== RUN   TestNamerefFilterUnhappy/multiple_match
=== RUN   TestNamerefFilterUnhappy/no_name
--- PASS: TestNamerefFilterUnhappy (0.00s)
    --- PASS: TestNamerefFilterUnhappy/multiple_match (0.00s)
    --- PASS: TestNamerefFilterUnhappy/no_name (0.00s)
=== RUN   TestCandidatesWithDifferentPrefixSuffix
=== RUN   TestCandidatesWithDifferentPrefixSuffix/prefix_match
=== RUN   TestCandidatesWithDifferentPrefixSuffix/no_match:_suffix_doesn't_match
=== RUN   TestCandidatesWithDifferentPrefixSuffix/suffix_match
=== RUN   TestCandidatesWithDifferentPrefixSuffix/prefix_suffix_both_match
=== RUN   TestCandidatesWithDifferentPrefixSuffix/multiple_match:_both
=== RUN   TestCandidatesWithDifferentPrefixSuffix/multiple_match:_only_prefix
=== RUN   TestCandidatesWithDifferentPrefixSuffix/multiple_match:_only_suffix
=== RUN   TestCandidatesWithDifferentPrefixSuffix/no_match:_neither_match
=== RUN   TestCandidatesWithDifferentPrefixSuffix/no_match:_prefix_doesn't_match
--- PASS: TestCandidatesWithDifferentPrefixSuffix (0.01s)
    --- PASS: TestCandidatesWithDifferentPrefixSuffix/prefix_match (0.00s)
    --- PASS: TestCandidatesWithDifferentPrefixSuffix/no_match:_suffix_doesn't_match (0.00s)
    --- PASS: TestCandidatesWithDifferentPrefixSuffix/suffix_match (0.00s)
    --- PASS: TestCandidatesWithDifferentPrefixSuffix/prefix_suffix_both_match (0.00s)
    --- PASS: TestCandidatesWithDifferentPrefixSuffix/multiple_match:_both (0.00s)
    --- PASS: TestCandidatesWithDifferentPrefixSuffix/multiple_match:_only_prefix (0.00s)
    --- PASS: TestCandidatesWithDifferentPrefixSuffix/multiple_match:_only_suffix (0.00s)
    --- PASS: TestCandidatesWithDifferentPrefixSuffix/no_match:_neither_match (0.00s)
    --- PASS: TestCandidatesWithDifferentPrefixSuffix/no_match:_prefix_doesn't_match (0.00s)
=== RUN   TestApplyFilterToSeq
=== RUN   TestApplyFilterToSeq/replace_in_seq
--- PASS: TestApplyFilterToSeq (0.00s)
    --- PASS: TestApplyFilterToSeq/replace_in_seq (0.00s)
=== RUN   TestApplyFilterToSeqUnhappy
=== RUN   TestApplyFilterToSeqUnhappy/replace_in_seq
--- PASS: TestApplyFilterToSeqUnhappy (0.00s)
    --- PASS: TestApplyFilterToSeqUnhappy/replace_in_seq (0.00s)
PASS
ok  	sigs.k8s.io/kustomize/api/filters/nameref	2.673s
=== RUN   TestNamespace_Filter
=== RUN   TestNamespace_Filter/add
=== RUN   TestNamespace_Filter/null_ns
=== RUN   TestNamespace_Filter/add-recurse
=== RUN   TestNamespace_Filter/update
=== RUN   TestNamespace_Filter/update-rolebinding
=== RUN   TestNamespace_Filter/update-clusterrolebinding
=== RUN   TestNamespace_Filter/data-fieldspecs
=== RUN   TestNamespace_Filter/mutation_tracker
=== RUN   TestNamespace_Filter/numeric
--- PASS: TestNamespace_Filter (0.08s)
    --- PASS: TestNamespace_Filter/add (0.08s)
    --- PASS: TestNamespace_Filter/null_ns (0.00s)
    --- PASS: TestNamespace_Filter/add-recurse (0.00s)
    --- PASS: TestNamespace_Filter/update (0.00s)
    --- PASS: TestNamespace_Filter/update-rolebinding (0.00s)
    --- PASS: TestNamespace_Filter/update-clusterrolebinding (0.00s)
    --- PASS: TestNamespace_Filter/data-fieldspecs (0.00s)
    --- PASS: TestNamespace_Filter/mutation_tracker (0.00s)
    --- PASS: TestNamespace_Filter/numeric (0.00s)
=== RUN   ExampleFilter
--- PASS: ExampleFilter (0.00s)
PASS
ok  	sigs.k8s.io/kustomize/api/filters/namespace	1.909s
=== RUN   TestSomething
=== RUN   TestSomething/single_operation,_json
=== RUN   TestSomething/multiple_operations,_json
=== RUN   TestSomething/single_operation,_yaml
=== RUN   TestSomething/multiple_operations,_yaml
--- PASS: TestSomething (0.00s)
    --- PASS: TestSomething/single_operation,_json (0.00s)
    --- PASS: TestSomething/multiple_operations,_json (0.00s)
    --- PASS: TestSomething/single_operation,_yaml (0.00s)
    --- PASS: TestSomething/multiple_operations,_yaml (0.00s)
=== RUN   ExampleFilter
--- PASS: ExampleFilter (0.00s)
PASS
ok  	sigs.k8s.io/kustomize/api/filters/patchjson6902	0.834s
=== RUN   TestFilter
=== RUN   TestFilter/nested_patch
=== RUN   TestFilter/list_map_keys_-_add_a_port,_no_protocol
=== RUN   TestFilter/simple
=== RUN   TestFilter/simple_patch
=== RUN   TestFilter/replace_list_-_directive
=== RUN   TestFilter/list_map_keys_-_add_a_port,_no_names
=== RUN   TestFilter/list_map_keys_-_replace_port_name
=== RUN   TestFilter/should_retain_existing_null_values_in_targets
=== RUN   TestFilter/nullMapEntry1
=== RUN   TestFilter/container_patch
=== RUN   TestFilter/merge_mapping_-_directive
=== RUN   TestFilter/remove_list_-_directive
=== RUN   TestFilter/merge_list_-_directive
=== RUN   TestFilter/nullMapEntry2
=== RUN   TestFilter/remove_mapping_-_directive
=== RUN   TestFilter/list_map_keys_-_add_name_to_port
=== RUN   TestFilter/list_map_keys_-_protocol_only_present_on_some_ports
=== RUN   TestFilter/volumes_patch
=== RUN   TestFilter/replace_mapping_-_directive
--- PASS: TestFilter (0.09s)
    --- PASS: TestFilter/nested_patch (0.08s)
    --- PASS: TestFilter/list_map_keys_-_add_a_port,_no_protocol (0.00s)
    --- PASS: TestFilter/simple (0.00s)
    --- PASS: TestFilter/simple_patch (0.00s)
    --- PASS: TestFilter/replace_list_-_directive (0.00s)
    --- PASS: TestFilter/list_map_keys_-_add_a_port,_no_names (0.00s)
    --- PASS: TestFilter/list_map_keys_-_replace_port_name (0.00s)
    --- PASS: TestFilter/should_retain_existing_null_values_in_targets (0.00s)
    --- PASS: TestFilter/nullMapEntry1 (0.00s)
    --- PASS: TestFilter/container_patch (0.00s)
    --- PASS: TestFilter/merge_mapping_-_directive (0.00s)
    --- PASS: TestFilter/remove_list_-_directive (0.00s)
    --- PASS: TestFilter/merge_list_-_directive (0.00s)
    --- PASS: TestFilter/nullMapEntry2 (0.00s)
    --- PASS: TestFilter/remove_mapping_-_directive (0.00s)
    --- PASS: TestFilter/list_map_keys_-_add_name_to_port (0.00s)
    --- PASS: TestFilter/list_map_keys_-_protocol_only_present_on_some_ports (0.00s)
    --- PASS: TestFilter/volumes_patch (0.00s)
    --- PASS: TestFilter/replace_mapping_-_directive (0.00s)
=== RUN   ExampleFilter
--- PASS: ExampleFilter (0.00s)
PASS
ok  	sigs.k8s.io/kustomize/api/filters/patchstrategicmerge	1.399s
=== RUN   TestFilter
=== RUN   TestFilter/prefix
=== RUN   TestFilter/data-fieldspecs
=== RUN   TestFilter/mutation_tracker
--- PASS: TestFilter (0.00s)
    --- PASS: TestFilter/prefix (0.00s)
    --- PASS: TestFilter/data-fieldspecs (0.00s)
    --- PASS: TestFilter/mutation_tracker (0.00s)
=== RUN   ExampleFilter
--- PASS: ExampleFilter (0.00s)
PASS
ok  	sigs.k8s.io/kustomize/api/filters/prefix	2.701s
=== RUN   TestPrimitiveReplacer
2023/04/06 12:16:03 MakePrimitiveReplacer: bad replacement type=map[string]int val=map[crazy:200]
--- PASS: TestPrimitiveReplacer (0.00s)
=== RUN   TestMapReference
--- PASS: TestMapReference (0.00s)
=== RUN   TestMapping
--- PASS: TestMapping (0.00s)
=== RUN   TestFilter
=== RUN   TestFilter/maps
=== RUN   TestFilter/complicated_case
=== RUN   TestFilter/null_value
=== RUN   TestFilter/simple_scalar
=== RUN   TestFilter/non-string_scalar
=== RUN   TestFilter/wrong_path
=== RUN   TestFilter/sequence
--- PASS: TestFilter (0.00s)
    --- PASS: TestFilter/maps (0.00s)
    --- PASS: TestFilter/complicated_case (0.00s)
    --- PASS: TestFilter/null_value (0.00s)
    --- PASS: TestFilter/simple_scalar (0.00s)
    --- PASS: TestFilter/non-string_scalar (0.00s)
    --- PASS: TestFilter/wrong_path (0.00s)
    --- PASS: TestFilter/sequence (0.00s)
=== RUN   TestFilterUnhappy
=== RUN   TestFilterUnhappy/non-string_in_sequence
=== RUN   TestFilterUnhappy/invalid_key_in_map
--- PASS: TestFilterUnhappy (0.00s)
    --- PASS: TestFilterUnhappy/non-string_in_sequence (0.00s)
    --- PASS: TestFilterUnhappy/invalid_key_in_map (0.00s)
PASS
ok  	sigs.k8s.io/kustomize/api/filters/refvar	2.869s
=== RUN   TestFilter
=== RUN   TestFilter/boolean_source_->_string_target
=== RUN   TestFilter/select_by_group_and_version
=== RUN   TestFilter/partial_string_replacement_-_prefix
=== RUN   TestFilter/complex_type_with_delimiter_in_source
=== RUN   TestFilter/mapping_value_contains_'.'_character
=== RUN   TestFilter/replacement_source.fieldPath_does_not_exist
=== RUN   TestFilter/multiple_matches_for_source_select
=== RUN   TestFilter/field_paths_with_key-value_pairs
=== RUN   TestFilter/complex_type_with_delimiter_in_target
=== RUN   TestFilter/options.index_out_of_bounds
=== RUN   TestFilter/one_replacements_target_has_multiple_value
=== RUN   TestFilter/using_a_previous_ID
=== RUN   TestFilter/string_source_->_boolean_target
=== RUN   TestFilter/issue4761_-_wildcard_solution
=== RUN   TestFilter/replacement_has_no_source
=== RUN   TestFilter/missing_metadata
=== RUN   TestFilter/reject_3
=== RUN   TestFilter/annotationSelector
=== RUN   TestFilter/labelSelector
=== RUN   TestFilter/string_source_->_integer_target
=== RUN   TestFilter/simple
=== RUN   TestFilter/reject_1
=== RUN   TestFilter/create
=== RUN   TestFilter/reject_via_labelSelector
=== RUN   TestFilter/numerical_string_source_->_integer_creation
=== RUN   TestFilter/issue4761_-_path_not_in_target_with_create:_true
=== RUN   TestFilter/issue4761_-_path_not_in_target_with_create:_false
=== RUN   TestFilter/partial_string_replacement_-_suffix
=== RUN   TestFilter/partial_string_replacement_-_last_element
=== RUN   TestFilter/list_index_contains_'.'_character
=== RUN   TestFilter/partial_string_replacement_-_first_element
=== RUN   TestFilter/one_replacements_target_should_create_multiple_values
=== RUN   TestFilter/index_contains_'*'_character
=== RUN   TestFilter/Issue_1493:_wildcard_to_create_or_replace_field_in_all_containers_in_all_workloads
=== RUN   TestFilter/integer_source_->_integer_creation
=== RUN   TestFilter/complex_type
=== RUN   TestFilter/from_ConfigMap
=== RUN   TestFilter/reject_2
=== RUN   TestFilter/replace_an_existing_mapping_value
=== RUN   TestFilter/partial_string_replacement_-_replace
=== RUN   TestFilter/list_index_contains_'*'_character
=== RUN   TestFilter/multiple_field_paths_in_target
=== RUN   TestFilter/fail_to_append_to_sequence_using_a_distant_index
=== RUN   TestFilter/index_contains_'*'_character_and_create_options
=== RUN   TestFilter/integer_source_->_string_target
=== RUN   TestFilter/append_to_sequence_using_index
--- PASS: TestFilter (0.03s)
    --- PASS: TestFilter/boolean_source_->_string_target (0.00s)
    --- PASS: TestFilter/select_by_group_and_version (0.00s)
    --- PASS: TestFilter/partial_string_replacement_-_prefix (0.00s)
    --- PASS: TestFilter/complex_type_with_delimiter_in_source (0.00s)
    --- PASS: TestFilter/mapping_value_contains_'.'_character (0.00s)
    --- PASS: TestFilter/replacement_source.fieldPath_does_not_exist (0.00s)
    --- PASS: TestFilter/multiple_matches_for_source_select (0.00s)
    --- PASS: TestFilter/field_paths_with_key-value_pairs (0.00s)
    --- PASS: TestFilter/complex_type_with_delimiter_in_target (0.00s)
    --- PASS: TestFilter/options.index_out_of_bounds (0.00s)
    --- PASS: TestFilter/one_replacements_target_has_multiple_value (0.00s)
    --- PASS: TestFilter/using_a_previous_ID (0.00s)
    --- PASS: TestFilter/string_source_->_boolean_target (0.00s)
    --- PASS: TestFilter/issue4761_-_wildcard_solution (0.00s)
    --- PASS: TestFilter/replacement_has_no_source (0.00s)
    --- PASS: TestFilter/missing_metadata (0.00s)
    --- PASS: TestFilter/reject_3 (0.00s)
    --- PASS: TestFilter/annotationSelector (0.00s)
    --- PASS: TestFilter/labelSelector (0.00s)
    --- PASS: TestFilter/string_source_->_integer_target (0.00s)
    --- PASS: TestFilter/simple (0.00s)
    --- PASS: TestFilter/reject_1 (0.00s)
    --- PASS: TestFilter/create (0.00s)
    --- PASS: TestFilter/reject_via_labelSelector (0.00s)
    --- PASS: TestFilter/numerical_string_source_->_integer_creation (0.00s)
    --- PASS: TestFilter/issue4761_-_path_not_in_target_with_create:_true (0.00s)
    --- PASS: TestFilter/issue4761_-_path_not_in_target_with_create:_false (0.00s)
    --- PASS: TestFilter/partial_string_replacement_-_suffix (0.00s)
    --- PASS: TestFilter/partial_string_replacement_-_last_element (0.00s)
    --- PASS: TestFilter/list_index_contains_'.'_character (0.00s)
    --- PASS: TestFilter/partial_string_replacement_-_first_element (0.00s)
    --- PASS: TestFilter/one_replacements_target_should_create_multiple_values (0.00s)
    --- PASS: TestFilter/index_contains_'*'_character (0.00s)
    --- PASS: TestFilter/Issue_1493:_wildcard_to_create_or_replace_field_in_all_containers_in_all_workloads (0.00s)
    --- PASS: TestFilter/integer_source_->_integer_creation (0.00s)
    --- PASS: TestFilter/complex_type (0.00s)
    --- PASS: TestFilter/from_ConfigMap (0.00s)
    --- PASS: TestFilter/reject_2 (0.00s)
    --- PASS: TestFilter/replace_an_existing_mapping_value (0.00s)
    --- PASS: TestFilter/partial_string_replacement_-_replace (0.00s)
    --- PASS: TestFilter/list_index_contains_'*'_character (0.00s)
    --- PASS: TestFilter/multiple_field_paths_in_target (0.00s)
    --- PASS: TestFilter/fail_to_append_to_sequence_using_a_distant_index (0.00s)
    --- PASS: TestFilter/index_contains_'*'_character_and_create_options (0.00s)
    --- PASS: TestFilter/integer_source_->_string_target (0.00s)
    --- PASS: TestFilter/append_to_sequence_using_index (0.00s)
=== RUN   ExampleFilter
--- PASS: ExampleFilter (0.00s)
PASS
ok  	sigs.k8s.io/kustomize/api/filters/replacement	2.771s
=== RUN   TestFilter
=== RUN   TestFilter/add_field
=== RUN   TestFilter/add_field_null
=== RUN   TestFilter/no_update_if_CreateIfNotPresent_is_false
=== RUN   TestFilter/update_multiple_fields
=== RUN   TestFilter/mutation_tracker
=== RUN   TestFilter/update_field
--- PASS: TestFilter (0.00s)
    --- PASS: TestFilter/add_field (0.00s)
    --- PASS: TestFilter/add_field_null (0.00s)
    --- PASS: TestFilter/no_update_if_CreateIfNotPresent_is_false (0.00s)
    --- PASS: TestFilter/update_multiple_fields (0.00s)
    --- PASS: TestFilter/mutation_tracker (0.00s)
    --- PASS: TestFilter/update_field (0.00s)
=== RUN   ExampleFilter
--- PASS: ExampleFilter (0.00s)
PASS
ok  	sigs.k8s.io/kustomize/api/filters/replicacount	2.775s
=== RUN   TestFilter
=== RUN   TestFilter/suffix
=== RUN   TestFilter/data-fieldspecs
=== RUN   TestFilter/mutation_tracker
--- PASS: TestFilter (0.00s)
    --- PASS: TestFilter/suffix (0.00s)
    --- PASS: TestFilter/data-fieldspecs (0.00s)
    --- PASS: TestFilter/mutation_tracker (0.00s)
=== RUN   ExampleFilter
--- PASS: ExampleFilter (0.00s)
PASS
ok  	sigs.k8s.io/kustomize/api/filters/suffix	2.875s
=== RUN   TestValueAddFilter
=== RUN   TestValueAddFilter/placeInMiddleOfExisting
=== RUN   TestValueAddFilter/backSlash
=== RUN   TestValueAddFilter/simpleAdd
=== RUN   TestValueAddFilter/replaceExisting
=== RUN   TestValueAddFilter/prefixExisting
=== RUN   TestValueAddFilter/postfixExisting
--- PASS: TestValueAddFilter (0.00s)
    --- PASS: TestValueAddFilter/placeInMiddleOfExisting (0.00s)
    --- PASS: TestValueAddFilter/backSlash (0.00s)
    --- PASS: TestValueAddFilter/simpleAdd (0.00s)
    --- PASS: TestValueAddFilter/replaceExisting (0.00s)
    --- PASS: TestValueAddFilter/prefixExisting (0.00s)
    --- PASS: TestValueAddFilter/postfixExisting (0.00s)
PASS
ok  	sigs.k8s.io/kustomize/api/filters/valueadd	2.983s
=== RUN   TestSortArrayAndComputeHash
--- PASS: TestSortArrayAndComputeHash (0.00s)
=== RUN   Test_hex256
--- PASS: Test_hex256 (0.00s)
=== RUN   TestConfigMapHash
--- PASS: TestConfigMapHash (0.00s)
=== RUN   TestSecretHash
--- PASS: TestSecretHash (0.00s)
=== RUN   TestBasicHash
=== RUN   TestBasicHash/minimal
=== RUN   TestBasicHash/with_spec
--- PASS: TestBasicHash (0.00s)
    --- PASS: TestBasicHash/minimal (0.00s)
    --- PASS: TestBasicHash/with_spec (0.00s)
=== RUN   TestEncodeConfigMap
--- PASS: TestEncodeConfigMap (0.00s)
=== RUN   TestEncodeSecret
--- PASS: TestEncodeSecret (0.00s)
PASS
ok  	sigs.k8s.io/kustomize/api/hasher	(cached)
?   	sigs.k8s.io/kustomize/api/ifc	[no test files]
=== RUN   TestIsImageMatched
=== RUN   TestIsImageMatched/identical
=== RUN   TestIsImageMatched/name_is_match_with_tag
=== RUN   TestIsImageMatched/name_is_match_with_digest
=== RUN   TestIsImageMatched/name_is_match_with_tag_and_digest
=== RUN   TestIsImageMatched/name_is_not_a_match
--- PASS: TestIsImageMatched (0.00s)
    --- PASS: TestIsImageMatched/identical (0.00s)
    --- PASS: TestIsImageMatched/name_is_match_with_tag (0.00s)
    --- PASS: TestIsImageMatched/name_is_match_with_digest (0.00s)
    --- PASS: TestIsImageMatched/name_is_match_with_tag_and_digest (0.00s)
    --- PASS: TestIsImageMatched/name_is_not_a_match (0.00s)
=== RUN   TestSplit
=== RUN   TestSplit/no_tag
=== RUN   TestSplit/with_tag
=== RUN   TestSplit/with_digest
=== RUN   TestSplit/with_tag_and_digest
=== RUN   TestSplit/with_domain
=== RUN   TestSplit/with_domain_and_port
=== RUN   TestSplit/with_domain,_port,_tag_and_digest
--- PASS: TestSplit (0.00s)
    --- PASS: TestSplit/no_tag (0.00s)
    --- PASS: TestSplit/with_tag (0.00s)
    --- PASS: TestSplit/with_digest (0.00s)
    --- PASS: TestSplit/with_tag_and_digest (0.00s)
    --- PASS: TestSplit/with_domain (0.00s)
    --- PASS: TestSplit/with_domain_and_port (0.00s)
    --- PASS: TestSplit/with_domain,_port,_tag_and_digest (0.00s)
PASS
ok  	sigs.k8s.io/kustomize/api/image	(cached)
=== RUN   TestNameReferenceHappyRun
--- PASS: TestNameReferenceHappyRun (0.11s)
=== RUN   TestNameReferenceUnhappyRun
--- PASS: TestNameReferenceUnhappyRun (0.01s)
=== RUN   TestNameReferencePersistentVolumeHappyRun
--- PASS: TestNameReferencePersistentVolumeHappyRun (0.01s)
=== RUN   TestNameReferenceNamespace
--- PASS: TestNameReferenceNamespace (0.01s)
=== RUN   TestNameReferenceClusterWide
--- PASS: TestNameReferenceClusterWide (0.01s)
=== RUN   TestNameReferenceNamespaceTransformation
--- PASS: TestNameReferenceNamespaceTransformation (0.01s)
=== RUN   TestNameReferenceCandidateSelection
--- PASS: TestNameReferenceCandidateSelection (0.01s)
=== RUN   TestNameReferenceCandidateDisambiguationByNamespace
--- PASS: TestNameReferenceCandidateDisambiguationByNamespace (0.00s)
=== RUN   TestRefVarTransformer
=== RUN   TestRefVarTransformer/var_replacement_in_map[string]
=== RUN   TestRefVarTransformer/var_replacement_panic_in_map[string]
=== RUN   TestRefVarTransformer/var_replacement_in_nil
--- PASS: TestRefVarTransformer (0.00s)
    --- PASS: TestRefVarTransformer/var_replacement_in_map[string] (0.00s)
    --- PASS: TestRefVarTransformer/var_replacement_panic_in_map[string] (0.00s)
    --- PASS: TestRefVarTransformer/var_replacement_in_nil (0.00s)
=== RUN   TestLoadCRDs
--- PASS: TestLoadCRDs (0.00s)
=== RUN   TestResolveVarsHappy
--- PASS: TestResolveVarsHappy (0.00s)
=== RUN   TestResolveVarsOneUnused
--- PASS: TestResolveVarsOneUnused (0.00s)
=== RUN   TestResolveVarsVarNeedsDisambiguation
--- PASS: TestResolveVarsVarNeedsDisambiguation (0.01s)
=== RUN   TestResolveVarConflicts
--- PASS: TestResolveVarConflicts (0.00s)
=== RUN   TestResolveVarsGoodResIdBadField
--- PASS: TestResolveVarsGoodResIdBadField (0.01s)
=== RUN   TestResolveVarsUnmappableVar
--- PASS: TestResolveVarsUnmappableVar (0.00s)
=== RUN   TestResolveVarsWithNoambiguation
--- PASS: TestResolveVarsWithNoambiguation (0.01s)
PASS
ok  	sigs.k8s.io/kustomize/api/internal/accumulator	(cached)
?   	sigs.k8s.io/kustomize/api/internal/builtins	[no test files]
=== RUN   TestMakeConfigMap
=== RUN   TestMakeConfigMap/construct_config_map_from_env
=== RUN   TestMakeConfigMap/construct_config_map_from_text_file
=== RUN   TestMakeConfigMap/construct_config_map_from_text_and_binary_file
=== RUN   TestMakeConfigMap/construct_config_map_from_literal
=== RUN   TestMakeConfigMap/construct_config_map_from_literal_with_GeneratorOptions_in_ConfigMapArgs
--- PASS: TestMakeConfigMap (0.00s)
    --- PASS: TestMakeConfigMap/construct_config_map_from_env (0.00s)
    --- PASS: TestMakeConfigMap/construct_config_map_from_text_file (0.00s)
    --- PASS: TestMakeConfigMap/construct_config_map_from_text_and_binary_file (0.00s)
    --- PASS: TestMakeConfigMap/construct_config_map_from_literal (0.00s)
    --- PASS: TestMakeConfigMap/construct_config_map_from_literal_with_GeneratorOptions_in_ConfigMapArgs (0.00s)
=== RUN   TestMakeSecret
=== RUN   TestMakeSecret/construct_secret_from_literal
=== RUN   TestMakeSecret/construct_secret_with_type
=== RUN   TestMakeSecret/construct_secret_from_literal_with_GeneratorOptions_in_SecretArgs
=== RUN   TestMakeSecret/construct_secret_from_env
=== RUN   TestMakeSecret/construct_secret_from_text_file
=== RUN   TestMakeSecret/construct_secret_from_text_and_binary_file
--- PASS: TestMakeSecret (0.00s)
    --- PASS: TestMakeSecret/construct_secret_from_literal (0.00s)
    --- PASS: TestMakeSecret/construct_secret_with_type (0.00s)
    --- PASS: TestMakeSecret/construct_secret_from_literal_with_GeneratorOptions_in_SecretArgs (0.00s)
    --- PASS: TestMakeSecret/construct_secret_from_env (0.00s)
    --- PASS: TestMakeSecret/construct_secret_from_text_file (0.00s)
    --- PASS: TestMakeSecret/construct_secret_from_text_and_binary_file (0.00s)
=== RUN   TestParseFileSource
=== RUN   TestParseFileSource/filename_only
=== RUN   TestParseFileSource/key_and_filename
=== RUN   TestParseFileSource/multiple_=
=== RUN   TestParseFileSource/missing_key
--- PASS: TestParseFileSource (0.00s)
    --- PASS: TestParseFileSource/filename_only (0.00s)
    --- PASS: TestParseFileSource/key_and_filename (0.00s)
    --- PASS: TestParseFileSource/multiple_= (0.00s)
    --- PASS: TestParseFileSource/missing_key (0.00s)
PASS
ok  	sigs.k8s.io/kustomize/api/internal/generators	(cached)
=== RUN   TestNewRepoSpecFromUrl_Permute
=== RUN   TestNewRepoSpecFromUrl_Permute/t0
=== RUN   TestNewRepoSpecFromUrl_Permute/t1
=== RUN   TestNewRepoSpecFromUrl_Permute/t2
=== RUN   TestNewRepoSpecFromUrl_Permute/t3
=== RUN   TestNewRepoSpecFromUrl_Permute/t4
=== RUN   TestNewRepoSpecFromUrl_Permute/t5
=== RUN   TestNewRepoSpecFromUrl_Permute/t6
=== RUN   TestNewRepoSpecFromUrl_Permute/t7
=== RUN   TestNewRepoSpecFromUrl_Permute/t8
=== RUN   TestNewRepoSpecFromUrl_Permute/t9
=== RUN   TestNewRepoSpecFromUrl_Permute/t10
=== RUN   TestNewRepoSpecFromUrl_Permute/t11
=== RUN   TestNewRepoSpecFromUrl_Permute/t12
=== RUN   TestNewRepoSpecFromUrl_Permute/t13
=== RUN   TestNewRepoSpecFromUrl_Permute/t14
=== RUN   TestNewRepoSpecFromUrl_Permute/t15
=== RUN   TestNewRepoSpecFromUrl_Permute/t16
=== RUN   TestNewRepoSpecFromUrl_Permute/t17
=== RUN   TestNewRepoSpecFromUrl_Permute/t18
=== RUN   TestNewRepoSpecFromUrl_Permute/t19
=== RUN   TestNewRepoSpecFromUrl_Permute/t20
=== RUN   TestNewRepoSpecFromUrl_Permute/t21
=== RUN   TestNewRepoSpecFromUrl_Permute/t22
=== RUN   TestNewRepoSpecFromUrl_Permute/t23
=== RUN   TestNewRepoSpecFromUrl_Permute/t24
=== RUN   TestNewRepoSpecFromUrl_Permute/t25
=== RUN   TestNewRepoSpecFromUrl_Permute/t26
=== RUN   TestNewRepoSpecFromUrl_Permute/t27
=== RUN   TestNewRepoSpecFromUrl_Permute/t28
=== RUN   TestNewRepoSpecFromUrl_Permute/t29
=== RUN   TestNewRepoSpecFromUrl_Permute/t30
=== RUN   TestNewRepoSpecFromUrl_Permute/t31
=== RUN   TestNewRepoSpecFromUrl_Permute/t32
=== RUN   TestNewRepoSpecFromUrl_Permute/t33
=== RUN   TestNewRepoSpecFromUrl_Permute/t34
=== RUN   TestNewRepoSpecFromUrl_Permute/t35
=== RUN   TestNewRepoSpecFromUrl_Permute/t36
=== RUN   TestNewRepoSpecFromUrl_Permute/t37
=== RUN   TestNewRepoSpecFromUrl_Permute/t38
=== RUN   TestNewRepoSpecFromUrl_Permute/t39
=== RUN   TestNewRepoSpecFromUrl_Permute/t40
=== RUN   TestNewRepoSpecFromUrl_Permute/t41
=== RUN   TestNewRepoSpecFromUrl_Permute/t42
=== RUN   TestNewRepoSpecFromUrl_Permute/t43
=== RUN   TestNewRepoSpecFromUrl_Permute/t44
=== RUN   TestNewRepoSpecFromUrl_Permute/t45
=== RUN   TestNewRepoSpecFromUrl_Permute/t46
=== RUN   TestNewRepoSpecFromUrl_Permute/t47
=== RUN   TestNewRepoSpecFromUrl_Permute/t48
=== RUN   TestNewRepoSpecFromUrl_Permute/t49
=== RUN   TestNewRepoSpecFromUrl_Permute/t50
=== RUN   TestNewRepoSpecFromUrl_Permute/t51
=== RUN   TestNewRepoSpecFromUrl_Permute/t52
=== RUN   TestNewRepoSpecFromUrl_Permute/t53
=== RUN   TestNewRepoSpecFromUrl_Permute/t54
=== RUN   TestNewRepoSpecFromUrl_Permute/t55
=== RUN   TestNewRepoSpecFromUrl_Permute/t56
=== RUN   TestNewRepoSpecFromUrl_Permute/t57
=== RUN   TestNewRepoSpecFromUrl_Permute/t58
=== RUN   TestNewRepoSpecFromUrl_Permute/t59
=== RUN   TestNewRepoSpecFromUrl_Permute/t60
=== RUN   TestNewRepoSpecFromUrl_Permute/t61
=== RUN   TestNewRepoSpecFromUrl_Permute/t62
=== RUN   TestNewRepoSpecFromUrl_Permute/t63
=== RUN   TestNewRepoSpecFromUrl_Permute/t64
=== RUN   TestNewRepoSpecFromUrl_Permute/t65
=== RUN   TestNewRepoSpecFromUrl_Permute/t66
=== RUN   TestNewRepoSpecFromUrl_Permute/t67
=== RUN   TestNewRepoSpecFromUrl_Permute/t68
=== RUN   TestNewRepoSpecFromUrl_Permute/t69
=== RUN   TestNewRepoSpecFromUrl_Permute/t70
=== RUN   TestNewRepoSpecFromUrl_Permute/t71
=== RUN   TestNewRepoSpecFromUrl_Permute/t72
=== RUN   TestNewRepoSpecFromUrl_Permute/t73
=== RUN   TestNewRepoSpecFromUrl_Permute/t74
=== RUN   TestNewRepoSpecFromUrl_Permute/t75
=== RUN   TestNewRepoSpecFromUrl_Permute/t76
=== RUN   TestNewRepoSpecFromUrl_Permute/t77
=== RUN   TestNewRepoSpecFromUrl_Permute/t78
=== RUN   TestNewRepoSpecFromUrl_Permute/t79
=== RUN   TestNewRepoSpecFromUrl_Permute/t80
=== RUN   TestNewRepoSpecFromUrl_Permute/t81
=== RUN   TestNewRepoSpecFromUrl_Permute/t82
=== RUN   TestNewRepoSpecFromUrl_Permute/t83
=== RUN   TestNewRepoSpecFromUrl_Permute/t84
=== RUN   TestNewRepoSpecFromUrl_Permute/t85
=== RUN   TestNewRepoSpecFromUrl_Permute/t86
=== RUN   TestNewRepoSpecFromUrl_Permute/t87
=== RUN   TestNewRepoSpecFromUrl_Permute/t88
=== RUN   TestNewRepoSpecFromUrl_Permute/t89
=== RUN   TestNewRepoSpecFromUrl_Permute/t90
=== RUN   TestNewRepoSpecFromUrl_Permute/t91
=== RUN   TestNewRepoSpecFromUrl_Permute/t92
=== RUN   TestNewRepoSpecFromUrl_Permute/t93
=== RUN   TestNewRepoSpecFromUrl_Permute/t94
=== RUN   TestNewRepoSpecFromUrl_Permute/t95
=== RUN   TestNewRepoSpecFromUrl_Permute/t96
=== RUN   TestNewRepoSpecFromUrl_Permute/t97
=== RUN   TestNewRepoSpecFromUrl_Permute/t98
=== RUN   TestNewRepoSpecFromUrl_Permute/t99
=== RUN   TestNewRepoSpecFromUrl_Permute/t100
=== RUN   TestNewRepoSpecFromUrl_Permute/t101
=== RUN   TestNewRepoSpecFromUrl_Permute/t102
=== RUN   TestNewRepoSpecFromUrl_Permute/t103
=== RUN   TestNewRepoSpecFromUrl_Permute/t104
=== RUN   TestNewRepoSpecFromUrl_Permute/t105
=== RUN   TestNewRepoSpecFromUrl_Permute/t106
=== RUN   TestNewRepoSpecFromUrl_Permute/t107
=== RUN   TestNewRepoSpecFromUrl_Permute/t108
=== RUN   TestNewRepoSpecFromUrl_Permute/t109
=== RUN   TestNewRepoSpecFromUrl_Permute/t110
=== RUN   TestNewRepoSpecFromUrl_Permute/t111
=== RUN   TestNewRepoSpecFromUrl_Permute/t112
=== RUN   TestNewRepoSpecFromUrl_Permute/t113
=== RUN   TestNewRepoSpecFromUrl_Permute/t114
=== RUN   TestNewRepoSpecFromUrl_Permute/t115
=== RUN   TestNewRepoSpecFromUrl_Permute/t116
=== RUN   TestNewRepoSpecFromUrl_Permute/t117
=== RUN   TestNewRepoSpecFromUrl_Permute/t118
=== RUN   TestNewRepoSpecFromUrl_Permute/t119
=== RUN   TestNewRepoSpecFromUrl_Permute/t120
=== RUN   TestNewRepoSpecFromUrl_Permute/t121
=== RUN   TestNewRepoSpecFromUrl_Permute/t122
=== RUN   TestNewRepoSpecFromUrl_Permute/t123
=== RUN   TestNewRepoSpecFromUrl_Permute/t124
=== RUN   TestNewRepoSpecFromUrl_Permute/t125
=== RUN   TestNewRepoSpecFromUrl_Permute/t126
=== RUN   TestNewRepoSpecFromUrl_Permute/t127
=== RUN   TestNewRepoSpecFromUrl_Permute/t128
=== RUN   TestNewRepoSpecFromUrl_Permute/t129
=== RUN   TestNewRepoSpecFromUrl_Permute/t130
=== RUN   TestNewRepoSpecFromUrl_Permute/t131
=== RUN   TestNewRepoSpecFromUrl_Permute/t132
=== RUN   TestNewRepoSpecFromUrl_Permute/t133
=== RUN   TestNewRepoSpecFromUrl_Permute/t134
=== RUN   TestNewRepoSpecFromUrl_Permute/t135
=== RUN   TestNewRepoSpecFromUrl_Permute/t136
=== RUN   TestNewRepoSpecFromUrl_Permute/t137
=== RUN   TestNewRepoSpecFromUrl_Permute/t138
=== RUN   TestNewRepoSpecFromUrl_Permute/t139
=== RUN   TestNewRepoSpecFromUrl_Permute/t140
=== RUN   TestNewRepoSpecFromUrl_Permute/t141
=== RUN   TestNewRepoSpecFromUrl_Permute/t142
=== RUN   TestNewRepoSpecFromUrl_Permute/t143
=== RUN   TestNewRepoSpecFromUrl_Permute/t144
=== RUN   TestNewRepoSpecFromUrl_Permute/t145
=== RUN   TestNewRepoSpecFromUrl_Permute/t146
=== RUN   TestNewRepoSpecFromUrl_Permute/t147
=== RUN   TestNewRepoSpecFromUrl_Permute/t148
=== RUN   TestNewRepoSpecFromUrl_Permute/t149
=== RUN   TestNewRepoSpecFromUrl_Permute/t150
=== RUN   TestNewRepoSpecFromUrl_Permute/t151
=== RUN   TestNewRepoSpecFromUrl_Permute/t152
=== RUN   TestNewRepoSpecFromUrl_Permute/t153
=== RUN   TestNewRepoSpecFromUrl_Permute/t154
=== RUN   TestNewRepoSpecFromUrl_Permute/t155
=== RUN   TestNewRepoSpecFromUrl_Permute/t156
=== RUN   TestNewRepoSpecFromUrl_Permute/t157
=== RUN   TestNewRepoSpecFromUrl_Permute/t158
=== RUN   TestNewRepoSpecFromUrl_Permute/t159
=== RUN   TestNewRepoSpecFromUrl_Permute/t160
=== RUN   TestNewRepoSpecFromUrl_Permute/t161
=== RUN   TestNewRepoSpecFromUrl_Permute/t162
=== RUN   TestNewRepoSpecFromUrl_Permute/t163
=== RUN   TestNewRepoSpecFromUrl_Permute/t164
=== RUN   TestNewRepoSpecFromUrl_Permute/t165
=== RUN   TestNewRepoSpecFromUrl_Permute/t166
=== RUN   TestNewRepoSpecFromUrl_Permute/t167
=== RUN   TestNewRepoSpecFromUrl_Permute/t168
=== RUN   TestNewRepoSpecFromUrl_Permute/t169
=== RUN   TestNewRepoSpecFromUrl_Permute/t170
=== RUN   TestNewRepoSpecFromUrl_Permute/t171
=== RUN   TestNewRepoSpecFromUrl_Permute/t172
=== RUN   TestNewRepoSpecFromUrl_Permute/t173
=== RUN   TestNewRepoSpecFromUrl_Permute/t174
=== RUN   TestNewRepoSpecFromUrl_Permute/t175
=== RUN   TestNewRepoSpecFromUrl_Permute/t176
=== RUN   TestNewRepoSpecFromUrl_Permute/t177
=== RUN   TestNewRepoSpecFromUrl_Permute/t178
=== RUN   TestNewRepoSpecFromUrl_Permute/t179
=== RUN   TestNewRepoSpecFromUrl_Permute/t180
=== RUN   TestNewRepoSpecFromUrl_Permute/t181
=== RUN   TestNewRepoSpecFromUrl_Permute/t182
=== RUN   TestNewRepoSpecFromUrl_Permute/t183
=== RUN   TestNewRepoSpecFromUrl_Permute/t184
=== RUN   TestNewRepoSpecFromUrl_Permute/t185
=== RUN   TestNewRepoSpecFromUrl_Permute/t186
=== RUN   TestNewRepoSpecFromUrl_Permute/t187
=== RUN   TestNewRepoSpecFromUrl_Permute/t188
=== RUN   TestNewRepoSpecFromUrl_Permute/t189
=== RUN   TestNewRepoSpecFromUrl_Permute/t190
=== RUN   TestNewRepoSpecFromUrl_Permute/t191
=== RUN   TestNewRepoSpecFromUrl_Permute/t192
=== RUN   TestNewRepoSpecFromUrl_Permute/t193
=== RUN   TestNewRepoSpecFromUrl_Permute/t194
=== RUN   TestNewRepoSpecFromUrl_Permute/t195
=== RUN   TestNewRepoSpecFromUrl_Permute/t196
=== RUN   TestNewRepoSpecFromUrl_Permute/t197
=== RUN   TestNewRepoSpecFromUrl_Permute/t198
=== RUN   TestNewRepoSpecFromUrl_Permute/t199
=== RUN   TestNewRepoSpecFromUrl_Permute/t200
=== RUN   TestNewRepoSpecFromUrl_Permute/t201
=== RUN   TestNewRepoSpecFromUrl_Permute/t202
=== RUN   TestNewRepoSpecFromUrl_Permute/t203
=== RUN   TestNewRepoSpecFromUrl_Permute/t204
=== RUN   TestNewRepoSpecFromUrl_Permute/t205
=== RUN   TestNewRepoSpecFromUrl_Permute/t206
=== RUN   TestNewRepoSpecFromUrl_Permute/t207
=== RUN   TestNewRepoSpecFromUrl_Permute/t208
=== RUN   TestNewRepoSpecFromUrl_Permute/t209
=== RUN   TestNewRepoSpecFromUrl_Permute/t210
=== RUN   TestNewRepoSpecFromUrl_Permute/t211
=== RUN   TestNewRepoSpecFromUrl_Permute/t212
=== RUN   TestNewRepoSpecFromUrl_Permute/t213
=== RUN   TestNewRepoSpecFromUrl_Permute/t214
=== RUN   TestNewRepoSpecFromUrl_Permute/t215
=== RUN   TestNewRepoSpecFromUrl_Permute/t216
=== RUN   TestNewRepoSpecFromUrl_Permute/t217
=== RUN   TestNewRepoSpecFromUrl_Permute/t218
=== RUN   TestNewRepoSpecFromUrl_Permute/t219
=== RUN   TestNewRepoSpecFromUrl_Permute/t220
=== RUN   TestNewRepoSpecFromUrl_Permute/t221
=== RUN   TestNewRepoSpecFromUrl_Permute/t222
=== RUN   TestNewRepoSpecFromUrl_Permute/t223
=== RUN   TestNewRepoSpecFromUrl_Permute/t224
=== RUN   TestNewRepoSpecFromUrl_Permute/t225
=== RUN   TestNewRepoSpecFromUrl_Permute/t226
=== RUN   TestNewRepoSpecFromUrl_Permute/t227
=== RUN   TestNewRepoSpecFromUrl_Permute/t228
=== RUN   TestNewRepoSpecFromUrl_Permute/t229
=== RUN   TestNewRepoSpecFromUrl_Permute/t230
=== RUN   TestNewRepoSpecFromUrl_Permute/t231
=== RUN   TestNewRepoSpecFromUrl_Permute/t232
=== RUN   TestNewRepoSpecFromUrl_Permute/t233
=== RUN   TestNewRepoSpecFromUrl_Permute/t234
=== RUN   TestNewRepoSpecFromUrl_Permute/t235
=== RUN   TestNewRepoSpecFromUrl_Permute/t236
=== RUN   TestNewRepoSpecFromUrl_Permute/t237
=== RUN   TestNewRepoSpecFromUrl_Permute/t238
=== RUN   TestNewRepoSpecFromUrl_Permute/t239
=== RUN   TestNewRepoSpecFromUrl_Permute/t240
2023/04/06 09:21:19 Warning: Forcing the git protocol using the 'git::' URL prefix is not supported. Kustomize currently strips this invalid prefix, but will stop doing so in a future release. Please remove the 'git::' prefix from your configuration.
=== RUN   TestNewRepoSpecFromUrl_Permute/t241
2023/04/06 09:21:19 Warning: Forcing the git protocol using the 'git::' URL prefix is not supported. Kustomize currently strips this invalid prefix, but will stop doing so in a future release. Please remove the 'git::' prefix from your configuration.
=== RUN   TestNewRepoSpecFromUrl_Permute/t242
2023/04/06 09:21:19 Warning: Forcing the git protocol using the 'git::' URL prefix is not supported. Kustomize currently strips this invalid prefix, but will stop doing so in a future release. Please remove the 'git::' prefix from your configuration.
=== RUN   TestNewRepoSpecFromUrl_Permute/t243
2023/04/06 09:21:19 Warning: Forcing the git protocol using the 'git::' URL prefix is not supported. Kustomize currently strips this invalid prefix, but will stop doing so in a future release. Please remove the 'git::' prefix from your configuration.
=== RUN   TestNewRepoSpecFromUrl_Permute/t244
2023/04/06 09:21:19 Warning: Forcing the git protocol using the 'git::' URL prefix is not supported. Kustomize currently strips this invalid prefix, but will stop doing so in a future release. Please remove the 'git::' prefix from your configuration.
=== RUN   TestNewRepoSpecFromUrl_Permute/t245
2023/04/06 09:21:19 Warning: Forcing the git protocol using the 'git::' URL prefix is not supported. Kustomize currently strips this invalid prefix, but will stop doing so in a future release. Please remove the 'git::' prefix from your configuration.
=== RUN   TestNewRepoSpecFromUrl_Permute/t246
2023/04/06 09:21:19 Warning: Forcing the git protocol using the 'git::' URL prefix is not supported. Kustomize currently strips this invalid prefix, but will stop doing so in a future release. Please remove the 'git::' prefix from your configuration.
=== RUN   TestNewRepoSpecFromUrl_Permute/t247
2023/04/06 09:21:19 Warning: Forcing the git protocol using the 'git::' URL prefix is not supported. Kustomize currently strips this invalid prefix, but will stop doing so in a future release. Please remove the 'git::' prefix from your configuration.
=== RUN   TestNewRepoSpecFromUrl_Permute/t248
2023/04/06 09:21:19 Warning: Forcing the git protocol using the 'git::' URL prefix is not supported. Kustomize currently strips this invalid prefix, but will stop doing so in a future release. Please remove the 'git::' prefix from your configuration.
=== RUN   TestNewRepoSpecFromUrl_Permute/t249
2023/04/06 09:21:19 Warning: Forcing the git protocol using the 'git::' URL prefix is not supported. Kustomize currently strips this invalid prefix, but will stop doing so in a future release. Please remove the 'git::' prefix from your configuration.
=== RUN   TestNewRepoSpecFromUrl_Permute/t250
2023/04/06 09:21:19 Warning: Forcing the git protocol using the 'git::' URL prefix is not supported. Kustomize currently strips this invalid prefix, but will stop doing so in a future release. Please remove the 'git::' prefix from your configuration.
=== RUN   TestNewRepoSpecFromUrl_Permute/t251
2023/04/06 09:21:19 Warning: Forcing the git protocol using the 'git::' URL prefix is not supported. Kustomize currently strips this invalid prefix, but will stop doing so in a future release. Please remove the 'git::' prefix from your configuration.
=== RUN   TestNewRepoSpecFromUrl_Permute/t252
2023/04/06 09:21:19 Warning: Forcing the git protocol using the 'git::' URL prefix is not supported. Kustomize currently strips this invalid prefix, but will stop doing so in a future release. Please remove the 'git::' prefix from your configuration.
=== RUN   TestNewRepoSpecFromUrl_Permute/t253
2023/04/06 09:21:19 Warning: Forcing the git protocol using the 'git::' URL prefix is not supported. Kustomize currently strips this invalid prefix, but will stop doing so in a future release. Please remove the 'git::' prefix from your configuration.
=== RUN   TestNewRepoSpecFromUrl_Permute/t254
2023/04/06 09:21:19 Warning: Forcing the git protocol using the 'git::' URL prefix is not supported. Kustomize currently strips this invalid prefix, but will stop doing so in a future release. Please remove the 'git::' prefix from your configuration.
=== RUN   TestNewRepoSpecFromUrl_Permute/t255
2023/04/06 09:21:19 Warning: Forcing the git protocol using the 'git::' URL prefix is not supported. Kustomize currently strips this invalid prefix, but will stop doing so in a future release. Please remove the 'git::' prefix from your configuration.
=== RUN   TestNewRepoSpecFromUrl_Permute/t256
2023/04/06 09:21:19 Warning: Forcing the git protocol using the 'git::' URL prefix is not supported. Kustomize currently strips this invalid prefix, but will stop doing so in a future release. Please remove the 'git::' prefix from your configuration.
=== RUN   TestNewRepoSpecFromUrl_Permute/t257
2023/04/06 09:21:19 Warning: Forcing the git protocol using the 'git::' URL prefix is not supported. Kustomize currently strips this invalid prefix, but will stop doing so in a future release. Please remove the 'git::' prefix from your configuration.
=== RUN   TestNewRepoSpecFromUrl_Permute/t258
2023/04/06 09:21:19 Warning: Forcing the git protocol using the 'git::' URL prefix is not supported. Kustomize currently strips this invalid prefix, but will stop doing so in a future release. Please remove the 'git::' prefix from your configuration.
=== RUN   TestNewRepoSpecFromUrl_Permute/t259
2023/04/06 09:21:19 Warning: Forcing the git protocol using the 'git::' URL prefix is not supported. Kustomize currently strips this invalid prefix, but will stop doing so in a future release. Please remove the 'git::' prefix from your configuration.
=== RUN   TestNewRepoSpecFromUrl_Permute/t260
2023/04/06 09:21:19 Warning: Forcing the git protocol using the 'git::' URL prefix is not supported. Kustomize currently strips this invalid prefix, but will stop doing so in a future release. Please remove the 'git::' prefix from your configuration.
=== RUN   TestNewRepoSpecFromUrl_Permute/t261
2023/04/06 09:21:19 Warning: Forcing the git protocol using the 'git::' URL prefix is not supported. Kustomize currently strips this invalid prefix, but will stop doing so in a future release. Please remove the 'git::' prefix from your configuration.
=== RUN   TestNewRepoSpecFromUrl_Permute/t262
2023/04/06 09:21:19 Warning: Forcing the git protocol using the 'git::' URL prefix is not supported. Kustomize currently strips this invalid prefix, but will stop doing so in a future release. Please remove the 'git::' prefix from your configuration.
=== RUN   TestNewRepoSpecFromUrl_Permute/t263
2023/04/06 09:21:19 Warning: Forcing the git protocol using the 'git::' URL prefix is not supported. Kustomize currently strips this invalid prefix, but will stop doing so in a future release. Please remove the 'git::' prefix from your configuration.
=== RUN   TestNewRepoSpecFromUrl_Permute/t264
2023/04/06 09:21:19 Warning: Forcing the git protocol using the 'git::' URL prefix is not supported. Kustomize currently strips this invalid prefix, but will stop doing so in a future release. Please remove the 'git::' prefix from your configuration.
=== RUN   TestNewRepoSpecFromUrl_Permute/t265
2023/04/06 09:21:19 Warning: Forcing the git protocol using the 'git::' URL prefix is not supported. Kustomize currently strips this invalid prefix, but will stop doing so in a future release. Please remove the 'git::' prefix from your configuration.
=== RUN   TestNewRepoSpecFromUrl_Permute/t266
2023/04/06 09:21:19 Warning: Forcing the git protocol using the 'git::' URL prefix is not supported. Kustomize currently strips this invalid prefix, but will stop doing so in a future release. Please remove the 'git::' prefix from your configuration.
=== RUN   TestNewRepoSpecFromUrl_Permute/t267
2023/04/06 09:21:19 Warning: Forcing the git protocol using the 'git::' URL prefix is not supported. Kustomize currently strips this invalid prefix, but will stop doing so in a future release. Please remove the 'git::' prefix from your configuration.
=== RUN   TestNewRepoSpecFromUrl_Permute/t268
2023/04/06 09:21:19 Warning: Forcing the git protocol using the 'git::' URL prefix is not supported. Kustomize currently strips this invalid prefix, but will stop doing so in a future release. Please remove the 'git::' prefix from your configuration.
=== RUN   TestNewRepoSpecFromUrl_Permute/t269
2023/04/06 09:21:19 Warning: Forcing the git protocol using the 'git::' URL prefix is not supported. Kustomize currently strips this invalid prefix, but will stop doing so in a future release. Please remove the 'git::' prefix from your configuration.
=== RUN   TestNewRepoSpecFromUrl_Permute/t270
2023/04/06 09:21:19 Warning: Forcing the git protocol using the 'git::' URL prefix is not supported. Kustomize currently strips this invalid prefix, but will stop doing so in a future release. Please remove the 'git::' prefix from your configuration.
=== RUN   TestNewRepoSpecFromUrl_Permute/t271
2023/04/06 09:21:19 Warning: Forcing the git protocol using the 'git::' URL prefix is not supported. Kustomize currently strips this invalid prefix, but will stop doing so in a future release. Please remove the 'git::' prefix from your configuration.
=== RUN   TestNewRepoSpecFromUrl_Permute/t272
2023/04/06 09:21:19 Warning: Forcing the git protocol using the 'git::' URL prefix is not supported. Kustomize currently strips this invalid prefix, but will stop doing so in a future release. Please remove the 'git::' prefix from your configuration.
=== RUN   TestNewRepoSpecFromUrl_Permute/t273
2023/04/06 09:21:19 Warning: Forcing the git protocol using the 'git::' URL prefix is not supported. Kustomize currently strips this invalid prefix, but will stop doing so in a future release. Please remove the 'git::' prefix from your configuration.
=== RUN   TestNewRepoSpecFromUrl_Permute/t274
2023/04/06 09:21:19 Warning: Forcing the git protocol using the 'git::' URL prefix is not supported. Kustomize currently strips this invalid prefix, but will stop doing so in a future release. Please remove the 'git::' prefix from your configuration.
=== RUN   TestNewRepoSpecFromUrl_Permute/t275
2023/04/06 09:21:19 Warning: Forcing the git protocol using the 'git::' URL prefix is not supported. Kustomize currently strips this invalid prefix, but will stop doing so in a future release. Please remove the 'git::' prefix from your configuration.
=== RUN   TestNewRepoSpecFromUrl_Permute/t276
2023/04/06 09:21:19 Warning: Forcing the git protocol using the 'git::' URL prefix is not supported. Kustomize currently strips this invalid prefix, but will stop doing so in a future release. Please remove the 'git::' prefix from your configuration.
=== RUN   TestNewRepoSpecFromUrl_Permute/t277
2023/04/06 09:21:19 Warning: Forcing the git protocol using the 'git::' URL prefix is not supported. Kustomize currently strips this invalid prefix, but will stop doing so in a future release. Please remove the 'git::' prefix from your configuration.
=== RUN   TestNewRepoSpecFromUrl_Permute/t278
2023/04/06 09:21:19 Warning: Forcing the git protocol using the 'git::' URL prefix is not supported. Kustomize currently strips this invalid prefix, but will stop doing so in a future release. Please remove the 'git::' prefix from your configuration.
=== RUN   TestNewRepoSpecFromUrl_Permute/t279
2023/04/06 09:21:19 Warning: Forcing the git protocol using the 'git::' URL prefix is not supported. Kustomize currently strips this invalid prefix, but will stop doing so in a future release. Please remove the 'git::' prefix from your configuration.
=== RUN   TestNewRepoSpecFromUrl_Permute/t280
2023/04/06 09:21:19 Warning: Forcing the git protocol using the 'git::' URL prefix is not supported. Kustomize currently strips this invalid prefix, but will stop doing so in a future release. Please remove the 'git::' prefix from your configuration.
=== RUN   TestNewRepoSpecFromUrl_Permute/t281
2023/04/06 09:21:19 Warning: Forcing the git protocol using the 'git::' URL prefix is not supported. Kustomize currently strips this invalid prefix, but will stop doing so in a future release. Please remove the 'git::' prefix from your configuration.
=== RUN   TestNewRepoSpecFromUrl_Permute/t282
2023/04/06 09:21:19 Warning: Forcing the git protocol using the 'git::' URL prefix is not supported. Kustomize currently strips this invalid prefix, but will stop doing so in a future release. Please remove the 'git::' prefix from your configuration.
=== RUN   TestNewRepoSpecFromUrl_Permute/t283
2023/04/06 09:21:19 Warning: Forcing the git protocol using the 'git::' URL prefix is not supported. Kustomize currently strips this invalid prefix, but will stop doing so in a future release. Please remove the 'git::' prefix from your configuration.
=== RUN   TestNewRepoSpecFromUrl_Permute/t284
2023/04/06 09:21:19 Warning: Forcing the git protocol using the 'git::' URL prefix is not supported. Kustomize currently strips this invalid prefix, but will stop doing so in a future release. Please remove the 'git::' prefix from your configuration.
=== RUN   TestNewRepoSpecFromUrl_Permute/t285
2023/04/06 09:21:19 Warning: Forcing the git protocol using the 'git::' URL prefix is not supported. Kustomize currently strips this invalid prefix, but will stop doing so in a future release. Please remove the 'git::' prefix from your configuration.
=== RUN   TestNewRepoSpecFromUrl_Permute/t286
2023/04/06 09:21:19 Warning: Forcing the git protocol using the 'git::' URL prefix is not supported. Kustomize currently strips this invalid prefix, but will stop doing so in a future release. Please remove the 'git::' prefix from your configuration.
=== RUN   TestNewRepoSpecFromUrl_Permute/t287
2023/04/06 09:21:19 Warning: Forcing the git protocol using the 'git::' URL prefix is not supported. Kustomize currently strips this invalid prefix, but will stop doing so in a future release. Please remove the 'git::' prefix from your configuration.
=== RUN   TestNewRepoSpecFromUrl_Permute/t288
2023/04/06 09:21:19 Warning: Forcing the git protocol using the 'git::' URL prefix is not supported. Kustomize currently strips this invalid prefix, but will stop doing so in a future release. Please remove the 'git::' prefix from your configuration.
=== RUN   TestNewRepoSpecFromUrl_Permute/t289
2023/04/06 09:21:19 Warning: Forcing the git protocol using the 'git::' URL prefix is not supported. Kustomize currently strips this invalid prefix, but will stop doing so in a future release. Please remove the 'git::' prefix from your configuration.
=== RUN   TestNewRepoSpecFromUrl_Permute/t290
2023/04/06 09:21:19 Warning: Forcing the git protocol using the 'git::' URL prefix is not supported. Kustomize currently strips this invalid prefix, but will stop doing so in a future release. Please remove the 'git::' prefix from your configuration.
=== RUN   TestNewRepoSpecFromUrl_Permute/t291
2023/04/06 09:21:19 Warning: Forcing the git protocol using the 'git::' URL prefix is not supported. Kustomize currently strips this invalid prefix, but will stop doing so in a future release. Please remove the 'git::' prefix from your configuration.
=== RUN   TestNewRepoSpecFromUrl_Permute/t292
2023/04/06 09:21:19 Warning: Forcing the git protocol using the 'git::' URL prefix is not supported. Kustomize currently strips this invalid prefix, but will stop doing so in a future release. Please remove the 'git::' prefix from your configuration.
=== RUN   TestNewRepoSpecFromUrl_Permute/t293
2023/04/06 09:21:19 Warning: Forcing the git protocol using the 'git::' URL prefix is not supported. Kustomize currently strips this invalid prefix, but will stop doing so in a future release. Please remove the 'git::' prefix from your configuration.
=== RUN   TestNewRepoSpecFromUrl_Permute/t294
2023/04/06 09:21:19 Warning: Forcing the git protocol using the 'git::' URL prefix is not supported. Kustomize currently strips this invalid prefix, but will stop doing so in a future release. Please remove the 'git::' prefix from your configuration.
=== RUN   TestNewRepoSpecFromUrl_Permute/t295
2023/04/06 09:21:19 Warning: Forcing the git protocol using the 'git::' URL prefix is not supported. Kustomize currently strips this invalid prefix, but will stop doing so in a future release. Please remove the 'git::' prefix from your configuration.
=== RUN   TestNewRepoSpecFromUrl_Permute/t296
2023/04/06 09:21:19 Warning: Forcing the git protocol using the 'git::' URL prefix is not supported. Kustomize currently strips this invalid prefix, but will stop doing so in a future release. Please remove the 'git::' prefix from your configuration.
=== RUN   TestNewRepoSpecFromUrl_Permute/t297
2023/04/06 09:21:19 Warning: Forcing the git protocol using the 'git::' URL prefix is not supported. Kustomize currently strips this invalid prefix, but will stop doing so in a future release. Please remove the 'git::' prefix from your configuration.
=== RUN   TestNewRepoSpecFromUrl_Permute/t298
2023/04/06 09:21:19 Warning: Forcing the git protocol using the 'git::' URL prefix is not supported. Kustomize currently strips this invalid prefix, but will stop doing so in a future release. Please remove the 'git::' prefix from your configuration.
=== RUN   TestNewRepoSpecFromUrl_Permute/t299
2023/04/06 09:21:19 Warning: Forcing the git protocol using the 'git::' URL prefix is not supported. Kustomize currently strips this invalid prefix, but will stop doing so in a future release. Please remove the 'git::' prefix from your configuration.
=== RUN   TestNewRepoSpecFromUrl_Permute/t300
2023/04/06 09:21:19 Warning: Forcing the git protocol using the 'git::' URL prefix is not supported. Kustomize currently strips this invalid prefix, but will stop doing so in a future release. Please remove the 'git::' prefix from your configuration.
=== RUN   TestNewRepoSpecFromUrl_Permute/t301
2023/04/06 09:21:19 Warning: Forcing the git protocol using the 'git::' URL prefix is not supported. Kustomize currently strips this invalid prefix, but will stop doing so in a future release. Please remove the 'git::' prefix from your configuration.
=== RUN   TestNewRepoSpecFromUrl_Permute/t302
2023/04/06 09:21:19 Warning: Forcing the git protocol using the 'git::' URL prefix is not supported. Kustomize currently strips this invalid prefix, but will stop doing so in a future release. Please remove the 'git::' prefix from your configuration.
=== RUN   TestNewRepoSpecFromUrl_Permute/t303
2023/04/06 09:21:19 Warning: Forcing the git protocol using the 'git::' URL prefix is not supported. Kustomize currently strips this invalid prefix, but will stop doing so in a future release. Please remove the 'git::' prefix from your configuration.
=== RUN   TestNewRepoSpecFromUrl_Permute/t304
2023/04/06 09:21:19 Warning: Forcing the git protocol using the 'git::' URL prefix is not supported. Kustomize currently strips this invalid prefix, but will stop doing so in a future release. Please remove the 'git::' prefix from your configuration.
=== RUN   TestNewRepoSpecFromUrl_Permute/t305
2023/04/06 09:21:19 Warning: Forcing the git protocol using the 'git::' URL prefix is not supported. Kustomize currently strips this invalid prefix, but will stop doing so in a future release. Please remove the 'git::' prefix from your configuration.
=== RUN   TestNewRepoSpecFromUrl_Permute/t306
2023/04/06 09:21:19 Warning: Forcing the git protocol using the 'git::' URL prefix is not supported. Kustomize currently strips this invalid prefix, but will stop doing so in a future release. Please remove the 'git::' prefix from your configuration.
=== RUN   TestNewRepoSpecFromUrl_Permute/t307
2023/04/06 09:21:19 Warning: Forcing the git protocol using the 'git::' URL prefix is not supported. Kustomize currently strips this invalid prefix, but will stop doing so in a future release. Please remove the 'git::' prefix from your configuration.
=== RUN   TestNewRepoSpecFromUrl_Permute/t308
2023/04/06 09:21:19 Warning: Forcing the git protocol using the 'git::' URL prefix is not supported. Kustomize currently strips this invalid prefix, but will stop doing so in a future release. Please remove the 'git::' prefix from your configuration.
=== RUN   TestNewRepoSpecFromUrl_Permute/t309
2023/04/06 09:21:19 Warning: Forcing the git protocol using the 'git::' URL prefix is not supported. Kustomize currently strips this invalid prefix, but will stop doing so in a future release. Please remove the 'git::' prefix from your configuration.
=== RUN   TestNewRepoSpecFromUrl_Permute/t310
2023/04/06 09:21:19 Warning: Forcing the git protocol using the 'git::' URL prefix is not supported. Kustomize currently strips this invalid prefix, but will stop doing so in a future release. Please remove the 'git::' prefix from your configuration.
=== RUN   TestNewRepoSpecFromUrl_Permute/t311
2023/04/06 09:21:19 Warning: Forcing the git protocol using the 'git::' URL prefix is not supported. Kustomize currently strips this invalid prefix, but will stop doing so in a future release. Please remove the 'git::' prefix from your configuration.
=== RUN   TestNewRepoSpecFromUrl_Permute/t312
2023/04/06 09:21:19 Warning: Forcing the git protocol using the 'git::' URL prefix is not supported. Kustomize currently strips this invalid prefix, but will stop doing so in a future release. Please remove the 'git::' prefix from your configuration.
=== RUN   TestNewRepoSpecFromUrl_Permute/t313
2023/04/06 09:21:19 Warning: Forcing the git protocol using the 'git::' URL prefix is not supported. Kustomize currently strips this invalid prefix, but will stop doing so in a future release. Please remove the 'git::' prefix from your configuration.
=== RUN   TestNewRepoSpecFromUrl_Permute/t314
2023/04/06 09:21:19 Warning: Forcing the git protocol using the 'git::' URL prefix is not supported. Kustomize currently strips this invalid prefix, but will stop doing so in a future release. Please remove the 'git::' prefix from your configuration.
=== RUN   TestNewRepoSpecFromUrl_Permute/t315
2023/04/06 09:21:19 Warning: Forcing the git protocol using the 'git::' URL prefix is not supported. Kustomize currently strips this invalid prefix, but will stop doing so in a future release. Please remove the 'git::' prefix from your configuration.
=== RUN   TestNewRepoSpecFromUrl_Permute/t316
2023/04/06 09:21:19 Warning: Forcing the git protocol using the 'git::' URL prefix is not supported. Kustomize currently strips this invalid prefix, but will stop doing so in a future release. Please remove the 'git::' prefix from your configuration.
=== RUN   TestNewRepoSpecFromUrl_Permute/t317
2023/04/06 09:21:19 Warning: Forcing the git protocol using the 'git::' URL prefix is not supported. Kustomize currently strips this invalid prefix, but will stop doing so in a future release. Please remove the 'git::' prefix from your configuration.
=== RUN   TestNewRepoSpecFromUrl_Permute/t318
2023/04/06 09:21:19 Warning: Forcing the git protocol using the 'git::' URL prefix is not supported. Kustomize currently strips this invalid prefix, but will stop doing so in a future release. Please remove the 'git::' prefix from your configuration.
=== RUN   TestNewRepoSpecFromUrl_Permute/t319
2023/04/06 09:21:19 Warning: Forcing the git protocol using the 'git::' URL prefix is not supported. Kustomize currently strips this invalid prefix, but will stop doing so in a future release. Please remove the 'git::' prefix from your configuration.
=== RUN   TestNewRepoSpecFromUrl_Permute/t320
2023/04/06 09:21:19 Warning: Forcing the git protocol using the 'git::' URL prefix is not supported. Kustomize currently strips this invalid prefix, but will stop doing so in a future release. Please remove the 'git::' prefix from your configuration.
=== RUN   TestNewRepoSpecFromUrl_Permute/t321
2023/04/06 09:21:19 Warning: Forcing the git protocol using the 'git::' URL prefix is not supported. Kustomize currently strips this invalid prefix, but will stop doing so in a future release. Please remove the 'git::' prefix from your configuration.
=== RUN   TestNewRepoSpecFromUrl_Permute/t322
2023/04/06 09:21:19 Warning: Forcing the git protocol using the 'git::' URL prefix is not supported. Kustomize currently strips this invalid prefix, but will stop doing so in a future release. Please remove the 'git::' prefix from your configuration.
=== RUN   TestNewRepoSpecFromUrl_Permute/t323
2023/04/06 09:21:19 Warning: Forcing the git protocol using the 'git::' URL prefix is not supported. Kustomize currently strips this invalid prefix, but will stop doing so in a future release. Please remove the 'git::' prefix from your configuration.
=== RUN   TestNewRepoSpecFromUrl_Permute/t324
2023/04/06 09:21:19 Warning: Forcing the git protocol using the 'git::' URL prefix is not supported. Kustomize currently strips this invalid prefix, but will stop doing so in a future release. Please remove the 'git::' prefix from your configuration.
=== RUN   TestNewRepoSpecFromUrl_Permute/t325
2023/04/06 09:21:19 Warning: Forcing the git protocol using the 'git::' URL prefix is not supported. Kustomize currently strips this invalid prefix, but will stop doing so in a future release. Please remove the 'git::' prefix from your configuration.
=== RUN   TestNewRepoSpecFromUrl_Permute/t326
2023/04/06 09:21:19 Warning: Forcing the git protocol using the 'git::' URL prefix is not supported. Kustomize currently strips this invalid prefix, but will stop doing so in a future release. Please remove the 'git::' prefix from your configuration.
=== RUN   TestNewRepoSpecFromUrl_Permute/t327
2023/04/06 09:21:19 Warning: Forcing the git protocol using the 'git::' URL prefix is not supported. Kustomize currently strips this invalid prefix, but will stop doing so in a future release. Please remove the 'git::' prefix from your configuration.
=== RUN   TestNewRepoSpecFromUrl_Permute/t328
2023/04/06 09:21:19 Warning: Forcing the git protocol using the 'git::' URL prefix is not supported. Kustomize currently strips this invalid prefix, but will stop doing so in a future release. Please remove the 'git::' prefix from your configuration.
=== RUN   TestNewRepoSpecFromUrl_Permute/t329
2023/04/06 09:21:19 Warning: Forcing the git protocol using the 'git::' URL prefix is not supported. Kustomize currently strips this invalid prefix, but will stop doing so in a future release. Please remove the 'git::' prefix from your configuration.
=== RUN   TestNewRepoSpecFromUrl_Permute/t330
=== RUN   TestNewRepoSpecFromUrl_Permute/t331
=== RUN   TestNewRepoSpecFromUrl_Permute/t332
=== RUN   TestNewRepoSpecFromUrl_Permute/t333
=== RUN   TestNewRepoSpecFromUrl_Permute/t334
=== RUN   TestNewRepoSpecFromUrl_Permute/t335
=== RUN   TestNewRepoSpecFromUrl_Permute/t336
=== RUN   TestNewRepoSpecFromUrl_Permute/t337
=== RUN   TestNewRepoSpecFromUrl_Permute/t338
=== RUN   TestNewRepoSpecFromUrl_Permute/t339
=== RUN   TestNewRepoSpecFromUrl_Permute/t340
=== RUN   TestNewRepoSpecFromUrl_Permute/t341
=== RUN   TestNewRepoSpecFromUrl_Permute/t342
=== RUN   TestNewRepoSpecFromUrl_Permute/t343
=== RUN   TestNewRepoSpecFromUrl_Permute/t344
=== RUN   TestNewRepoSpecFromUrl_Permute/t345
=== RUN   TestNewRepoSpecFromUrl_Permute/t346
=== RUN   TestNewRepoSpecFromUrl_Permute/t347
=== RUN   TestNewRepoSpecFromUrl_Permute/t348
=== RUN   TestNewRepoSpecFromUrl_Permute/t349
=== RUN   TestNewRepoSpecFromUrl_Permute/t350
=== RUN   TestNewRepoSpecFromUrl_Permute/t351
=== RUN   TestNewRepoSpecFromUrl_Permute/t352
=== RUN   TestNewRepoSpecFromUrl_Permute/t353
=== RUN   TestNewRepoSpecFromUrl_Permute/t354
=== RUN   TestNewRepoSpecFromUrl_Permute/t355
=== RUN   TestNewRepoSpecFromUrl_Permute/t356
=== RUN   TestNewRepoSpecFromUrl_Permute/t357
=== RUN   TestNewRepoSpecFromUrl_Permute/t358
=== RUN   TestNewRepoSpecFromUrl_Permute/t359
=== RUN   TestNewRepoSpecFromUrl_Permute/t360
=== RUN   TestNewRepoSpecFromUrl_Permute/t361
=== RUN   TestNewRepoSpecFromUrl_Permute/t362
=== RUN   TestNewRepoSpecFromUrl_Permute/t363
=== RUN   TestNewRepoSpecFromUrl_Permute/t364
=== RUN   TestNewRepoSpecFromUrl_Permute/t365
=== RUN   TestNewRepoSpecFromUrl_Permute/t366
=== RUN   TestNewRepoSpecFromUrl_Permute/t367
=== RUN   TestNewRepoSpecFromUrl_Permute/t368
=== RUN   TestNewRepoSpecFromUrl_Permute/t369
=== RUN   TestNewRepoSpecFromUrl_Permute/t370
=== RUN   TestNewRepoSpecFromUrl_Permute/t371
=== RUN   TestNewRepoSpecFromUrl_Permute/t372
=== RUN   TestNewRepoSpecFromUrl_Permute/t373
=== RUN   TestNewRepoSpecFromUrl_Permute/t374
=== RUN   TestNewRepoSpecFromUrl_Permute/t375
=== RUN   TestNewRepoSpecFromUrl_Permute/t376
=== RUN   TestNewRepoSpecFromUrl_Permute/t377
=== RUN   TestNewRepoSpecFromUrl_Permute/t378
=== RUN   TestNewRepoSpecFromUrl_Permute/t379
=== RUN   TestNewRepoSpecFromUrl_Permute/t380
=== RUN   TestNewRepoSpecFromUrl_Permute/t381
=== RUN   TestNewRepoSpecFromUrl_Permute/t382
=== RUN   TestNewRepoSpecFromUrl_Permute/t383
=== RUN   TestNewRepoSpecFromUrl_Permute/t384
=== RUN   TestNewRepoSpecFromUrl_Permute/t385
=== RUN   TestNewRepoSpecFromUrl_Permute/t386
=== RUN   TestNewRepoSpecFromUrl_Permute/t387
=== RUN   TestNewRepoSpecFromUrl_Permute/t388
=== RUN   TestNewRepoSpecFromUrl_Permute/t389
=== RUN   TestNewRepoSpecFromUrl_Permute/t390
2023/04/06 09:21:19 Warning: Forcing the git protocol using the 'git::' URL prefix is not supported. Kustomize currently strips this invalid prefix, but will stop doing so in a future release. Please remove the 'git::' prefix from your configuration.
=== RUN   TestNewRepoSpecFromUrl_Permute/t391
2023/04/06 09:21:19 Warning: Forcing the git protocol using the 'git::' URL prefix is not supported. Kustomize currently strips this invalid prefix, but will stop doing so in a future release. Please remove the 'git::' prefix from your configuration.
=== RUN   TestNewRepoSpecFromUrl_Permute/t392
2023/04/06 09:21:19 Warning: Forcing the git protocol using the 'git::' URL prefix is not supported. Kustomize currently strips this invalid prefix, but will stop doing so in a future release. Please remove the 'git::' prefix from your configuration.
=== RUN   TestNewRepoSpecFromUrl_Permute/t393
2023/04/06 09:21:19 Warning: Forcing the git protocol using the 'git::' URL prefix is not supported. Kustomize currently strips this invalid prefix, but will stop doing so in a future release. Please remove the 'git::' prefix from your configuration.
=== RUN   TestNewRepoSpecFromUrl_Permute/t394
2023/04/06 09:21:19 Warning: Forcing the git protocol using the 'git::' URL prefix is not supported. Kustomize currently strips this invalid prefix, but will stop doing so in a future release. Please remove the 'git::' prefix from your configuration.
=== RUN   TestNewRepoSpecFromUrl_Permute/t395
2023/04/06 09:21:19 Warning: Forcing the git protocol using the 'git::' URL prefix is not supported. Kustomize currently strips this invalid prefix, but will stop doing so in a future release. Please remove the 'git::' prefix from your configuration.
=== RUN   TestNewRepoSpecFromUrl_Permute/t396
2023/04/06 09:21:19 Warning: Forcing the git protocol using the 'git::' URL prefix is not supported. Kustomize currently strips this invalid prefix, but will stop doing so in a future release. Please remove the 'git::' prefix from your configuration.
=== RUN   TestNewRepoSpecFromUrl_Permute/t397
2023/04/06 09:21:19 Warning: Forcing the git protocol using the 'git::' URL prefix is not supported. Kustomize currently strips this invalid prefix, but will stop doing so in a future release. Please remove the 'git::' prefix from your configuration.
=== RUN   TestNewRepoSpecFromUrl_Permute/t398
2023/04/06 09:21:19 Warning: Forcing the git protocol using the 'git::' URL prefix is not supported. Kustomize currently strips this invalid prefix, but will stop doing so in a future release. Please remove the 'git::' prefix from your configuration.
=== RUN   TestNewRepoSpecFromUrl_Permute/t399
2023/04/06 09:21:19 Warning: Forcing the git protocol using the 'git::' URL prefix is not supported. Kustomize currently strips this invalid prefix, but will stop doing so in a future release. Please remove the 'git::' prefix from your configuration.
=== RUN   TestNewRepoSpecFromUrl_Permute/t400
2023/04/06 09:21:19 Warning: Forcing the git protocol using the 'git::' URL prefix is not supported. Kustomize currently strips this invalid prefix, but will stop doing so in a future release. Please remove the 'git::' prefix from your configuration.
=== RUN   TestNewRepoSpecFromUrl_Permute/t401
2023/04/06 09:21:19 Warning: Forcing the git protocol using the 'git::' URL prefix is not supported. Kustomize currently strips this invalid prefix, but will stop doing so in a future release. Please remove the 'git::' prefix from your configuration.
=== RUN   TestNewRepoSpecFromUrl_Permute/t402
2023/04/06 09:21:19 Warning: Forcing the git protocol using the 'git::' URL prefix is not supported. Kustomize currently strips this invalid prefix, but will stop doing so in a future release. Please remove the 'git::' prefix from your configuration.
=== RUN   TestNewRepoSpecFromUrl_Permute/t403
2023/04/06 09:21:19 Warning: Forcing the git protocol using the 'git::' URL prefix is not supported. Kustomize currently strips this invalid prefix, but will stop doing so in a future release. Please remove the 'git::' prefix from your configuration.
=== RUN   TestNewRepoSpecFromUrl_Permute/t404
2023/04/06 09:21:19 Warning: Forcing the git protocol using the 'git::' URL prefix is not supported. Kustomize currently strips this invalid prefix, but will stop doing so in a future release. Please remove the 'git::' prefix from your configuration.
=== RUN   TestNewRepoSpecFromUrl_Permute/t405
2023/04/06 09:21:19 Warning: Forcing the git protocol using the 'git::' URL prefix is not supported. Kustomize currently strips this invalid prefix, but will stop doing so in a future release. Please remove the 'git::' prefix from your configuration.
=== RUN   TestNewRepoSpecFromUrl_Permute/t406
2023/04/06 09:21:19 Warning: Forcing the git protocol using the 'git::' URL prefix is not supported. Kustomize currently strips this invalid prefix, but will stop doing so in a future release. Please remove the 'git::' prefix from your configuration.
=== RUN   TestNewRepoSpecFromUrl_Permute/t407
2023/04/06 09:21:19 Warning: Forcing the git protocol using the 'git::' URL prefix is not supported. Kustomize currently strips this invalid prefix, but will stop doing so in a future release. Please remove the 'git::' prefix from your configuration.
=== RUN   TestNewRepoSpecFromUrl_Permute/t408
2023/04/06 09:21:19 Warning: Forcing the git protocol using the 'git::' URL prefix is not supported. Kustomize currently strips this invalid prefix, but will stop doing so in a future release. Please remove the 'git::' prefix from your configuration.
=== RUN   TestNewRepoSpecFromUrl_Permute/t409
2023/04/06 09:21:19 Warning: Forcing the git protocol using the 'git::' URL prefix is not supported. Kustomize currently strips this invalid prefix, but will stop doing so in a future release. Please remove the 'git::' prefix from your configuration.
=== RUN   TestNewRepoSpecFromUrl_Permute/t410
2023/04/06 09:21:19 Warning: Forcing the git protocol using the 'git::' URL prefix is not supported. Kustomize currently strips this invalid prefix, but will stop doing so in a future release. Please remove the 'git::' prefix from your configuration.
=== RUN   TestNewRepoSpecFromUrl_Permute/t411
2023/04/06 09:21:19 Warning: Forcing the git protocol using the 'git::' URL prefix is not supported. Kustomize currently strips this invalid prefix, but will stop doing so in a future release. Please remove the 'git::' prefix from your configuration.
=== RUN   TestNewRepoSpecFromUrl_Permute/t412
2023/04/06 09:21:19 Warning: Forcing the git protocol using the 'git::' URL prefix is not supported. Kustomize currently strips this invalid prefix, but will stop doing so in a future release. Please remove the 'git::' prefix from your configuration.
=== RUN   TestNewRepoSpecFromUrl_Permute/t413
2023/04/06 09:21:19 Warning: Forcing the git protocol using the 'git::' URL prefix is not supported. Kustomize currently strips this invalid prefix, but will stop doing so in a future release. Please remove the 'git::' prefix from your configuration.
=== RUN   TestNewRepoSpecFromUrl_Permute/t414
2023/04/06 09:21:19 Warning: Forcing the git protocol using the 'git::' URL prefix is not supported. Kustomize currently strips this invalid prefix, but will stop doing so in a future release. Please remove the 'git::' prefix from your configuration.
=== RUN   TestNewRepoSpecFromUrl_Permute/t415
2023/04/06 09:21:19 Warning: Forcing the git protocol using the 'git::' URL prefix is not supported. Kustomize currently strips this invalid prefix, but will stop doing so in a future release. Please remove the 'git::' prefix from your configuration.
=== RUN   TestNewRepoSpecFromUrl_Permute/t416
2023/04/06 09:21:19 Warning: Forcing the git protocol using the 'git::' URL prefix is not supported. Kustomize currently strips this invalid prefix, but will stop doing so in a future release. Please remove the 'git::' prefix from your configuration.
=== RUN   TestNewRepoSpecFromUrl_Permute/t417
2023/04/06 09:21:19 Warning: Forcing the git protocol using the 'git::' URL prefix is not supported. Kustomize currently strips this invalid prefix, but will stop doing so in a future release. Please remove the 'git::' prefix from your configuration.
=== RUN   TestNewRepoSpecFromUrl_Permute/t418
2023/04/06 09:21:19 Warning: Forcing the git protocol using the 'git::' URL prefix is not supported. Kustomize currently strips this invalid prefix, but will stop doing so in a future release. Please remove the 'git::' prefix from your configuration.
=== RUN   TestNewRepoSpecFromUrl_Permute/t419
2023/04/06 09:21:19 Warning: Forcing the git protocol using the 'git::' URL prefix is not supported. Kustomize currently strips this invalid prefix, but will stop doing so in a future release. Please remove the 'git::' prefix from your configuration.
=== RUN   TestNewRepoSpecFromUrl_Permute/t420
=== RUN   TestNewRepoSpecFromUrl_Permute/t421
=== RUN   TestNewRepoSpecFromUrl_Permute/t422
=== RUN   TestNewRepoSpecFromUrl_Permute/t423
=== RUN   TestNewRepoSpecFromUrl_Permute/t424
=== RUN   TestNewRepoSpecFromUrl_Permute/t425
=== RUN   TestNewRepoSpecFromUrl_Permute/t426
=== RUN   TestNewRepoSpecFromUrl_Permute/t427
=== RUN   TestNewRepoSpecFromUrl_Permute/t428
=== RUN   TestNewRepoSpecFromUrl_Permute/t429
=== RUN   TestNewRepoSpecFromUrl_Permute/t430
=== RUN   TestNewRepoSpecFromUrl_Permute/t431
=== RUN   TestNewRepoSpecFromUrl_Permute/t432
=== RUN   TestNewRepoSpecFromUrl_Permute/t433
=== RUN   TestNewRepoSpecFromUrl_Permute/t434
=== RUN   TestNewRepoSpecFromUrl_Permute/t435
=== RUN   TestNewRepoSpecFromUrl_Permute/t436
=== RUN   TestNewRepoSpecFromUrl_Permute/t437
=== RUN   TestNewRepoSpecFromUrl_Permute/t438
=== RUN   TestNewRepoSpecFromUrl_Permute/t439
=== RUN   TestNewRepoSpecFromUrl_Permute/t440
=== RUN   TestNewRepoSpecFromUrl_Permute/t441
=== RUN   TestNewRepoSpecFromUrl_Permute/t442
=== RUN   TestNewRepoSpecFromUrl_Permute/t443
=== RUN   TestNewRepoSpecFromUrl_Permute/t444
=== RUN   TestNewRepoSpecFromUrl_Permute/t445
=== RUN   TestNewRepoSpecFromUrl_Permute/t446
=== RUN   TestNewRepoSpecFromUrl_Permute/t447
=== RUN   TestNewRepoSpecFromUrl_Permute/t448
=== RUN   TestNewRepoSpecFromUrl_Permute/t449
=== RUN   TestNewRepoSpecFromUrl_Permute/t450
=== RUN   TestNewRepoSpecFromUrl_Permute/t451
=== RUN   TestNewRepoSpecFromUrl_Permute/t452
=== RUN   TestNewRepoSpecFromUrl_Permute/t453
=== RUN   TestNewRepoSpecFromUrl_Permute/t454
=== RUN   TestNewRepoSpecFromUrl_Permute/t455
=== RUN   TestNewRepoSpecFromUrl_Permute/t456
=== RUN   TestNewRepoSpecFromUrl_Permute/t457
=== RUN   TestNewRepoSpecFromUrl_Permute/t458
=== RUN   TestNewRepoSpecFromUrl_Permute/t459
=== RUN   TestNewRepoSpecFromUrl_Permute/t460
=== RUN   TestNewRepoSpecFromUrl_Permute/t461
=== RUN   TestNewRepoSpecFromUrl_Permute/t462
=== RUN   TestNewRepoSpecFromUrl_Permute/t463
=== RUN   TestNewRepoSpecFromUrl_Permute/t464
=== RUN   TestNewRepoSpecFromUrl_Permute/t465
=== RUN   TestNewRepoSpecFromUrl_Permute/t466
=== RUN   TestNewRepoSpecFromUrl_Permute/t467
=== RUN   TestNewRepoSpecFromUrl_Permute/t468
=== RUN   TestNewRepoSpecFromUrl_Permute/t469
=== RUN   TestNewRepoSpecFromUrl_Permute/t470
=== RUN   TestNewRepoSpecFromUrl_Permute/t471
=== RUN   TestNewRepoSpecFromUrl_Permute/t472
=== RUN   TestNewRepoSpecFromUrl_Permute/t473
=== RUN   TestNewRepoSpecFromUrl_Permute/t474
=== RUN   TestNewRepoSpecFromUrl_Permute/t475
=== RUN   TestNewRepoSpecFromUrl_Permute/t476
=== RUN   TestNewRepoSpecFromUrl_Permute/t477
=== RUN   TestNewRepoSpecFromUrl_Permute/t478
=== RUN   TestNewRepoSpecFromUrl_Permute/t479
--- PASS: TestNewRepoSpecFromUrl_Permute (0.03s)
    --- PASS: TestNewRepoSpecFromUrl_Permute/t0 (0.00s)
    --- PASS: TestNewRepoSpecFromUrl_Permute/t1 (0.00s)
    --- PASS: TestNewRepoSpecFromUrl_Permute/t2 (0.00s)
    --- PASS: TestNewRepoSpecFromUrl_Permute/t3 (0.00s)
    --- PASS: TestNewRepoSpecFromUrl_Permute/t4 (0.00s)
    --- PASS: TestNewRepoSpecFromUrl_Permute/t5 (0.00s)
    --- PASS: TestNewRepoSpecFromUrl_Permute/t6 (0.00s)
    --- PASS: TestNewRepoSpecFromUrl_Permute/t7 (0.00s)
    --- PASS: TestNewRepoSpecFromUrl_Permute/t8 (0.00s)
    --- PASS: TestNewRepoSpecFromUrl_Permute/t9 (0.00s)
    --- PASS: TestNewRepoSpecFromUrl_Permute/t10 (0.00s)
    --- PASS: TestNewRepoSpecFromUrl_Permute/t11 (0.00s)
    --- PASS: TestNewRepoSpecFromUrl_Permute/t12 (0.00s)
    --- PASS: TestNewRepoSpecFromUrl_Permute/t13 (0.00s)
    --- PASS: TestNewRepoSpecFromUrl_Permute/t14 (0.00s)
    --- PASS: TestNewRepoSpecFromUrl_Permute/t15 (0.00s)
    --- PASS: TestNewRepoSpecFromUrl_Permute/t16 (0.00s)
    --- PASS: TestNewRepoSpecFromUrl_Permute/t17 (0.00s)
    --- PASS: TestNewRepoSpecFromUrl_Permute/t18 (0.00s)
    --- PASS: TestNewRepoSpecFromUrl_Permute/t19 (0.00s)
    --- PASS: TestNewRepoSpecFromUrl_Permute/t20 (0.00s)
    --- PASS: TestNewRepoSpecFromUrl_Permute/t21 (0.00s)
    --- PASS: TestNewRepoSpecFromUrl_Permute/t22 (0.00s)
    --- PASS: TestNewRepoSpecFromUrl_Permute/t23 (0.00s)
    --- PASS: TestNewRepoSpecFromUrl_Permute/t24 (0.00s)
    --- PASS: TestNewRepoSpecFromUrl_Permute/t25 (0.00s)
    --- PASS: TestNewRepoSpecFromUrl_Permute/t26 (0.00s)
    --- PASS: TestNewRepoSpecFromUrl_Permute/t27 (0.00s)
    --- PASS: TestNewRepoSpecFromUrl_Permute/t28 (0.00s)
    --- PASS: TestNewRepoSpecFromUrl_Permute/t29 (0.00s)
    --- PASS: TestNewRepoSpecFromUrl_Permute/t30 (0.00s)
    --- PASS: TestNewRepoSpecFromUrl_Permute/t31 (0.00s)
    --- PASS: TestNewRepoSpecFromUrl_Permute/t32 (0.00s)
    --- PASS: TestNewRepoSpecFromUrl_Permute/t33 (0.00s)
    --- PASS: TestNewRepoSpecFromUrl_Permute/t34 (0.00s)
    --- PASS: TestNewRepoSpecFromUrl_Permute/t35 (0.00s)
    --- PASS: TestNewRepoSpecFromUrl_Permute/t36 (0.00s)
    --- PASS: TestNewRepoSpecFromUrl_Permute/t37 (0.00s)
    --- PASS: TestNewRepoSpecFromUrl_Permute/t38 (0.00s)
    --- PASS: TestNewRepoSpecFromUrl_Permute/t39 (0.00s)
    --- PASS: TestNewRepoSpecFromUrl_Permute/t40 (0.00s)
    --- PASS: TestNewRepoSpecFromUrl_Permute/t41 (0.00s)
    --- PASS: TestNewRepoSpecFromUrl_Permute/t42 (0.00s)
    --- PASS: TestNewRepoSpecFromUrl_Permute/t43 (0.00s)
    --- PASS: TestNewRepoSpecFromUrl_Permute/t44 (0.00s)
    --- PASS: TestNewRepoSpecFromUrl_Permute/t45 (0.00s)
    --- PASS: TestNewRepoSpecFromUrl_Permute/t46 (0.00s)
    --- PASS: TestNewRepoSpecFromUrl_Permute/t47 (0.00s)
    --- PASS: TestNewRepoSpecFromUrl_Permute/t48 (0.00s)
    --- PASS: TestNewRepoSpecFromUrl_Permute/t49 (0.00s)
    --- PASS: TestNewRepoSpecFromUrl_Permute/t50 (0.00s)
    --- PASS: TestNewRepoSpecFromUrl_Permute/t51 (0.00s)
    --- PASS: TestNewRepoSpecFromUrl_Permute/t52 (0.00s)
    --- PASS: TestNewRepoSpecFromUrl_Permute/t53 (0.00s)
    --- PASS: TestNewRepoSpecFromUrl_Permute/t54 (0.00s)
    --- PASS: TestNewRepoSpecFromUrl_Permute/t55 (0.00s)
    --- PASS: TestNewRepoSpecFromUrl_Permute/t56 (0.00s)
    --- PASS: TestNewRepoSpecFromUrl_Permute/t57 (0.00s)
    --- PASS: TestNewRepoSpecFromUrl_Permute/t58 (0.00s)
    --- PASS: TestNewRepoSpecFromUrl_Permute/t59 (0.00s)
    --- PASS: TestNewRepoSpecFromUrl_Permute/t60 (0.00s)
    --- PASS: TestNewRepoSpecFromUrl_Permute/t61 (0.00s)
    --- PASS: TestNewRepoSpecFromUrl_Permute/t62 (0.00s)
    --- PASS: TestNewRepoSpecFromUrl_Permute/t63 (0.00s)
    --- PASS: TestNewRepoSpecFromUrl_Permute/t64 (0.00s)
    --- PASS: TestNewRepoSpecFromUrl_Permute/t65 (0.00s)
    --- PASS: TestNewRepoSpecFromUrl_Permute/t66 (0.00s)
    --- PASS: TestNewRepoSpecFromUrl_Permute/t67 (0.00s)
    --- PASS: TestNewRepoSpecFromUrl_Permute/t68 (0.00s)
    --- PASS: TestNewRepoSpecFromUrl_Permute/t69 (0.00s)
    --- PASS: TestNewRepoSpecFromUrl_Permute/t70 (0.00s)
    --- PASS: TestNewRepoSpecFromUrl_Permute/t71 (0.00s)
    --- PASS: TestNewRepoSpecFromUrl_Permute/t72 (0.00s)
    --- PASS: TestNewRepoSpecFromUrl_Permute/t73 (0.00s)
    --- PASS: TestNewRepoSpecFromUrl_Permute/t74 (0.00s)
    --- PASS: TestNewRepoSpecFromUrl_Permute/t75 (0.00s)
    --- PASS: TestNewRepoSpecFromUrl_Permute/t76 (0.00s)
    --- PASS: TestNewRepoSpecFromUrl_Permute/t77 (0.00s)
    --- PASS: TestNewRepoSpecFromUrl_Permute/t78 (0.00s)
    --- PASS: TestNewRepoSpecFromUrl_Permute/t79 (0.00s)
    --- PASS: TestNewRepoSpecFromUrl_Permute/t80 (0.00s)
    --- PASS: TestNewRepoSpecFromUrl_Permute/t81 (0.00s)
    --- PASS: TestNewRepoSpecFromUrl_Permute/t82 (0.00s)
    --- PASS: TestNewRepoSpecFromUrl_Permute/t83 (0.00s)
    --- PASS: TestNewRepoSpecFromUrl_Permute/t84 (0.00s)
    --- PASS: TestNewRepoSpecFromUrl_Permute/t85 (0.00s)
    --- PASS: TestNewRepoSpecFromUrl_Permute/t86 (0.00s)
    --- PASS: TestNewRepoSpecFromUrl_Permute/t87 (0.00s)
    --- PASS: TestNewRepoSpecFromUrl_Permute/t88 (0.00s)
    --- PASS: TestNewRepoSpecFromUrl_Permute/t89 (0.00s)
    --- PASS: TestNewRepoSpecFromUrl_Permute/t90 (0.00s)
    --- PASS: TestNewRepoSpecFromUrl_Permute/t91 (0.00s)
    --- PASS: TestNewRepoSpecFromUrl_Permute/t92 (0.00s)
    --- PASS: TestNewRepoSpecFromUrl_Permute/t93 (0.00s)
    --- PASS: TestNewRepoSpecFromUrl_Permute/t94 (0.00s)
    --- PASS: TestNewRepoSpecFromUrl_Permute/t95 (0.00s)
    --- PASS: TestNewRepoSpecFromUrl_Permute/t96 (0.00s)
    --- PASS: TestNewRepoSpecFromUrl_Permute/t97 (0.00s)
    --- PASS: TestNewRepoSpecFromUrl_Permute/t98 (0.00s)
    --- PASS: TestNewRepoSpecFromUrl_Permute/t99 (0.00s)
    --- PASS: TestNewRepoSpecFromUrl_Permute/t100 (0.00s)
    --- PASS: TestNewRepoSpecFromUrl_Permute/t101 (0.00s)
    --- PASS: TestNewRepoSpecFromUrl_Permute/t102 (0.00s)
    --- PASS: TestNewRepoSpecFromUrl_Permute/t103 (0.00s)
    --- PASS: TestNewRepoSpecFromUrl_Permute/t104 (0.00s)
    --- PASS: TestNewRepoSpecFromUrl_Permute/t105 (0.00s)
    --- PASS: TestNewRepoSpecFromUrl_Permute/t106 (0.00s)
    --- PASS: TestNewRepoSpecFromUrl_Permute/t107 (0.00s)
    --- PASS: TestNewRepoSpecFromUrl_Permute/t108 (0.00s)
    --- PASS: TestNewRepoSpecFromUrl_Permute/t109 (0.00s)
    --- PASS: TestNewRepoSpecFromUrl_Permute/t110 (0.00s)
    --- PASS: TestNewRepoSpecFromUrl_Permute/t111 (0.00s)
    --- PASS: TestNewRepoSpecFromUrl_Permute/t112 (0.00s)
    --- PASS: TestNewRepoSpecFromUrl_Permute/t113 (0.00s)
    --- PASS: TestNewRepoSpecFromUrl_Permute/t114 (0.00s)
    --- PASS: TestNewRepoSpecFromUrl_Permute/t115 (0.00s)
    --- PASS: TestNewRepoSpecFromUrl_Permute/t116 (0.00s)
    --- PASS: TestNewRepoSpecFromUrl_Permute/t117 (0.00s)
    --- PASS: TestNewRepoSpecFromUrl_Permute/t118 (0.00s)
    --- PASS: TestNewRepoSpecFromUrl_Permute/t119 (0.00s)
    --- PASS: TestNewRepoSpecFromUrl_Permute/t120 (0.00s)
    --- PASS: TestNewRepoSpecFromUrl_Permute/t121 (0.00s)
    --- PASS: TestNewRepoSpecFromUrl_Permute/t122 (0.00s)
    --- PASS: TestNewRepoSpecFromUrl_Permute/t123 (0.00s)
    --- PASS: TestNewRepoSpecFromUrl_Permute/t124 (0.00s)
    --- PASS: TestNewRepoSpecFromUrl_Permute/t125 (0.00s)
    --- PASS: TestNewRepoSpecFromUrl_Permute/t126 (0.00s)
    --- PASS: TestNewRepoSpecFromUrl_Permute/t127 (0.00s)
    --- PASS: TestNewRepoSpecFromUrl_Permute/t128 (0.00s)
    --- PASS: TestNewRepoSpecFromUrl_Permute/t129 (0.00s)
    --- PASS: TestNewRepoSpecFromUrl_Permute/t130 (0.00s)
    --- PASS: TestNewRepoSpecFromUrl_Permute/t131 (0.00s)
    --- PASS: TestNewRepoSpecFromUrl_Permute/t132 (0.00s)
    --- PASS: TestNewRepoSpecFromUrl_Permute/t133 (0.00s)
    --- PASS: TestNewRepoSpecFromUrl_Permute/t134 (0.00s)
    --- PASS: TestNewRepoSpecFromUrl_Permute/t135 (0.00s)
    --- PASS: TestNewRepoSpecFromUrl_Permute/t136 (0.00s)
    --- PASS: TestNewRepoSpecFromUrl_Permute/t137 (0.00s)
    --- PASS: TestNewRepoSpecFromUrl_Permute/t138 (0.00s)
    --- PASS: TestNewRepoSpecFromUrl_Permute/t139 (0.00s)
    --- PASS: TestNewRepoSpecFromUrl_Permute/t140 (0.00s)
    --- PASS: TestNewRepoSpecFromUrl_Permute/t141 (0.00s)
    --- PASS: TestNewRepoSpecFromUrl_Permute/t142 (0.00s)
    --- PASS: TestNewRepoSpecFromUrl_Permute/t143 (0.00s)
    --- PASS: TestNewRepoSpecFromUrl_Permute/t144 (0.00s)
    --- PASS: TestNewRepoSpecFromUrl_Permute/t145 (0.00s)
    --- PASS: TestNewRepoSpecFromUrl_Permute/t146 (0.00s)
    --- PASS: TestNewRepoSpecFromUrl_Permute/t147 (0.00s)
    --- PASS: TestNewRepoSpecFromUrl_Permute/t148 (0.00s)
    --- PASS: TestNewRepoSpecFromUrl_Permute/t149 (0.00s)
    --- PASS: TestNewRepoSpecFromUrl_Permute/t150 (0.00s)
    --- PASS: TestNewRepoSpecFromUrl_Permute/t151 (0.00s)
    --- PASS: TestNewRepoSpecFromUrl_Permute/t152 (0.00s)
    --- PASS: TestNewRepoSpecFromUrl_Permute/t153 (0.00s)
    --- PASS: TestNewRepoSpecFromUrl_Permute/t154 (0.00s)
    --- PASS: TestNewRepoSpecFromUrl_Permute/t155 (0.00s)
    --- PASS: TestNewRepoSpecFromUrl_Permute/t156 (0.00s)
    --- PASS: TestNewRepoSpecFromUrl_Permute/t157 (0.00s)
    --- PASS: TestNewRepoSpecFromUrl_Permute/t158 (0.00s)
    --- PASS: TestNewRepoSpecFromUrl_Permute/t159 (0.00s)
    --- PASS: TestNewRepoSpecFromUrl_Permute/t160 (0.00s)
    --- PASS: TestNewRepoSpecFromUrl_Permute/t161 (0.00s)
    --- PASS: TestNewRepoSpecFromUrl_Permute/t162 (0.00s)
    --- PASS: TestNewRepoSpecFromUrl_Permute/t163 (0.00s)
    --- PASS: TestNewRepoSpecFromUrl_Permute/t164 (0.00s)
    --- PASS: TestNewRepoSpecFromUrl_Permute/t165 (0.00s)
    --- PASS: TestNewRepoSpecFromUrl_Permute/t166 (0.00s)
    --- PASS: TestNewRepoSpecFromUrl_Permute/t167 (0.00s)
    --- PASS: TestNewRepoSpecFromUrl_Permute/t168 (0.00s)
    --- PASS: TestNewRepoSpecFromUrl_Permute/t169 (0.00s)
    --- PASS: TestNewRepoSpecFromUrl_Permute/t170 (0.00s)
    --- PASS: TestNewRepoSpecFromUrl_Permute/t171 (0.00s)
    --- PASS: TestNewRepoSpecFromUrl_Permute/t172 (0.00s)
    --- PASS: TestNewRepoSpecFromUrl_Permute/t173 (0.00s)
    --- PASS: TestNewRepoSpecFromUrl_Permute/t174 (0.00s)
    --- PASS: TestNewRepoSpecFromUrl_Permute/t175 (0.00s)
    --- PASS: TestNewRepoSpecFromUrl_Permute/t176 (0.00s)
    --- PASS: TestNewRepoSpecFromUrl_Permute/t177 (0.00s)
    --- PASS: TestNewRepoSpecFromUrl_Permute/t178 (0.00s)
    --- PASS: TestNewRepoSpecFromUrl_Permute/t179 (0.00s)
    --- PASS: TestNewRepoSpecFromUrl_Permute/t180 (0.00s)
    --- PASS: TestNewRepoSpecFromUrl_Permute/t181 (0.00s)
    --- PASS: TestNewRepoSpecFromUrl_Permute/t182 (0.00s)
    --- PASS: TestNewRepoSpecFromUrl_Permute/t183 (0.00s)
    --- PASS: TestNewRepoSpecFromUrl_Permute/t184 (0.00s)
    --- PASS: TestNewRepoSpecFromUrl_Permute/t185 (0.00s)
    --- PASS: TestNewRepoSpecFromUrl_Permute/t186 (0.00s)
    --- PASS: TestNewRepoSpecFromUrl_Permute/t187 (0.00s)
    --- PASS: TestNewRepoSpecFromUrl_Permute/t188 (0.00s)
    --- PASS: TestNewRepoSpecFromUrl_Permute/t189 (0.00s)
    --- PASS: TestNewRepoSpecFromUrl_Permute/t190 (0.00s)
    --- PASS: TestNewRepoSpecFromUrl_Permute/t191 (0.00s)
    --- PASS: TestNewRepoSpecFromUrl_Permute/t192 (0.00s)
    --- PASS: TestNewRepoSpecFromUrl_Permute/t193 (0.00s)
    --- PASS: TestNewRepoSpecFromUrl_Permute/t194 (0.00s)
    --- PASS: TestNewRepoSpecFromUrl_Permute/t195 (0.00s)
    --- PASS: TestNewRepoSpecFromUrl_Permute/t196 (0.00s)
    --- PASS: TestNewRepoSpecFromUrl_Permute/t197 (0.00s)
    --- PASS: TestNewRepoSpecFromUrl_Permute/t198 (0.00s)
    --- PASS: TestNewRepoSpecFromUrl_Permute/t199 (0.00s)
    --- PASS: TestNewRepoSpecFromUrl_Permute/t200 (0.00s)
    --- PASS: TestNewRepoSpecFromUrl_Permute/t201 (0.00s)
    --- PASS: TestNewRepoSpecFromUrl_Permute/t202 (0.00s)
    --- PASS: TestNewRepoSpecFromUrl_Permute/t203 (0.00s)
    --- PASS: TestNewRepoSpecFromUrl_Permute/t204 (0.00s)
    --- PASS: TestNewRepoSpecFromUrl_Permute/t205 (0.00s)
    --- PASS: TestNewRepoSpecFromUrl_Permute/t206 (0.00s)
    --- PASS: TestNewRepoSpecFromUrl_Permute/t207 (0.00s)
    --- PASS: TestNewRepoSpecFromUrl_Permute/t208 (0.00s)
    --- PASS: TestNewRepoSpecFromUrl_Permute/t209 (0.00s)
    --- PASS: TestNewRepoSpecFromUrl_Permute/t210 (0.00s)
    --- PASS: TestNewRepoSpecFromUrl_Permute/t211 (0.00s)
    --- PASS: TestNewRepoSpecFromUrl_Permute/t212 (0.00s)
    --- PASS: TestNewRepoSpecFromUrl_Permute/t213 (0.00s)
    --- PASS: TestNewRepoSpecFromUrl_Permute/t214 (0.00s)
    --- PASS: TestNewRepoSpecFromUrl_Permute/t215 (0.00s)
    --- PASS: TestNewRepoSpecFromUrl_Permute/t216 (0.00s)
    --- PASS: TestNewRepoSpecFromUrl_Permute/t217 (0.00s)
    --- PASS: TestNewRepoSpecFromUrl_Permute/t218 (0.00s)
    --- PASS: TestNewRepoSpecFromUrl_Permute/t219 (0.00s)
    --- PASS: TestNewRepoSpecFromUrl_Permute/t220 (0.00s)
    --- PASS: TestNewRepoSpecFromUrl_Permute/t221 (0.00s)
    --- PASS: TestNewRepoSpecFromUrl_Permute/t222 (0.00s)
    --- PASS: TestNewRepoSpecFromUrl_Permute/t223 (0.00s)
    --- PASS: TestNewRepoSpecFromUrl_Permute/t224 (0.00s)
    --- PASS: TestNewRepoSpecFromUrl_Permute/t225 (0.00s)
    --- PASS: TestNewRepoSpecFromUrl_Permute/t226 (0.00s)
    --- PASS: TestNewRepoSpecFromUrl_Permute/t227 (0.00s)
    --- PASS: TestNewRepoSpecFromUrl_Permute/t228 (0.00s)
    --- PASS: TestNewRepoSpecFromUrl_Permute/t229 (0.00s)
    --- PASS: TestNewRepoSpecFromUrl_Permute/t230 (0.00s)
    --- PASS: TestNewRepoSpecFromUrl_Permute/t231 (0.00s)
    --- PASS: TestNewRepoSpecFromUrl_Permute/t232 (0.00s)
    --- PASS: TestNewRepoSpecFromUrl_Permute/t233 (0.00s)
    --- PASS: TestNewRepoSpecFromUrl_Permute/t234 (0.00s)
    --- PASS: TestNewRepoSpecFromUrl_Permute/t235 (0.00s)
    --- PASS: TestNewRepoSpecFromUrl_Permute/t236 (0.00s)
    --- PASS: TestNewRepoSpecFromUrl_Permute/t237 (0.00s)
    --- PASS: TestNewRepoSpecFromUrl_Permute/t238 (0.00s)
    --- PASS: TestNewRepoSpecFromUrl_Permute/t239 (0.00s)
    --- PASS: TestNewRepoSpecFromUrl_Permute/t240 (0.00s)
    --- PASS: TestNewRepoSpecFromUrl_Permute/t241 (0.00s)
    --- PASS: TestNewRepoSpecFromUrl_Permute/t242 (0.00s)
    --- PASS: TestNewRepoSpecFromUrl_Permute/t243 (0.00s)
    --- PASS: TestNewRepoSpecFromUrl_Permute/t244 (0.00s)
    --- PASS: TestNewRepoSpecFromUrl_Permute/t245 (0.00s)
    --- PASS: TestNewRepoSpecFromUrl_Permute/t246 (0.00s)
    --- PASS: TestNewRepoSpecFromUrl_Permute/t247 (0.00s)
    --- PASS: TestNewRepoSpecFromUrl_Permute/t248 (0.00s)
    --- PASS: TestNewRepoSpecFromUrl_Permute/t249 (0.00s)
    --- PASS: TestNewRepoSpecFromUrl_Permute/t250 (0.00s)
    --- PASS: TestNewRepoSpecFromUrl_Permute/t251 (0.00s)
    --- PASS: TestNewRepoSpecFromUrl_Permute/t252 (0.00s)
    --- PASS: TestNewRepoSpecFromUrl_Permute/t253 (0.00s)
    --- PASS: TestNewRepoSpecFromUrl_Permute/t254 (0.00s)
    --- PASS: TestNewRepoSpecFromUrl_Permute/t255 (0.00s)
    --- PASS: TestNewRepoSpecFromUrl_Permute/t256 (0.00s)
    --- PASS: TestNewRepoSpecFromUrl_Permute/t257 (0.00s)
    --- PASS: TestNewRepoSpecFromUrl_Permute/t258 (0.00s)
    --- PASS: TestNewRepoSpecFromUrl_Permute/t259 (0.00s)
    --- PASS: TestNewRepoSpecFromUrl_Permute/t260 (0.00s)
    --- PASS: TestNewRepoSpecFromUrl_Permute/t261 (0.00s)
    --- PASS: TestNewRepoSpecFromUrl_Permute/t262 (0.00s)
    --- PASS: TestNewRepoSpecFromUrl_Permute/t263 (0.00s)
    --- PASS: TestNewRepoSpecFromUrl_Permute/t264 (0.00s)
    --- PASS: TestNewRepoSpecFromUrl_Permute/t265 (0.00s)
    --- PASS: TestNewRepoSpecFromUrl_Permute/t266 (0.00s)
    --- PASS: TestNewRepoSpecFromUrl_Permute/t267 (0.00s)
    --- PASS: TestNewRepoSpecFromUrl_Permute/t268 (0.00s)
    --- PASS: TestNewRepoSpecFromUrl_Permute/t269 (0.00s)
    --- PASS: TestNewRepoSpecFromUrl_Permute/t270 (0.00s)
    --- PASS: TestNewRepoSpecFromUrl_Permute/t271 (0.00s)
    --- PASS: TestNewRepoSpecFromUrl_Permute/t272 (0.00s)
    --- PASS: TestNewRepoSpecFromUrl_Permute/t273 (0.00s)
    --- PASS: TestNewRepoSpecFromUrl_Permute/t274 (0.00s)
    --- PASS: TestNewRepoSpecFromUrl_Permute/t275 (0.00s)
    --- PASS: TestNewRepoSpecFromUrl_Permute/t276 (0.00s)
    --- PASS: TestNewRepoSpecFromUrl_Permute/t277 (0.00s)
    --- PASS: TestNewRepoSpecFromUrl_Permute/t278 (0.00s)
    --- PASS: TestNewRepoSpecFromUrl_Permute/t279 (0.00s)
    --- PASS: TestNewRepoSpecFromUrl_Permute/t280 (0.00s)
    --- PASS: TestNewRepoSpecFromUrl_Permute/t281 (0.00s)
    --- PASS: TestNewRepoSpecFromUrl_Permute/t282 (0.00s)
    --- PASS: TestNewRepoSpecFromUrl_Permute/t283 (0.00s)
    --- PASS: TestNewRepoSpecFromUrl_Permute/t284 (0.00s)
    --- PASS: TestNewRepoSpecFromUrl_Permute/t285 (0.00s)
    --- PASS: TestNewRepoSpecFromUrl_Permute/t286 (0.00s)
    --- PASS: TestNewRepoSpecFromUrl_Permute/t287 (0.00s)
    --- PASS: TestNewRepoSpecFromUrl_Permute/t288 (0.00s)
    --- PASS: TestNewRepoSpecFromUrl_Permute/t289 (0.00s)
    --- PASS: TestNewRepoSpecFromUrl_Permute/t290 (0.00s)
    --- PASS: TestNewRepoSpecFromUrl_Permute/t291 (0.00s)
    --- PASS: TestNewRepoSpecFromUrl_Permute/t292 (0.00s)
    --- PASS: TestNewRepoSpecFromUrl_Permute/t293 (0.00s)
    --- PASS: TestNewRepoSpecFromUrl_Permute/t294 (0.00s)
    --- PASS: TestNewRepoSpecFromUrl_Permute/t295 (0.00s)
    --- PASS: TestNewRepoSpecFromUrl_Permute/t296 (0.00s)
    --- PASS: TestNewRepoSpecFromUrl_Permute/t297 (0.00s)
    --- PASS: TestNewRepoSpecFromUrl_Permute/t298 (0.00s)
    --- PASS: TestNewRepoSpecFromUrl_Permute/t299 (0.00s)
    --- PASS: TestNewRepoSpecFromUrl_Permute/t300 (0.00s)
    --- PASS: TestNewRepoSpecFromUrl_Permute/t301 (0.00s)
    --- PASS: TestNewRepoSpecFromUrl_Permute/t302 (0.00s)
    --- PASS: TestNewRepoSpecFromUrl_Permute/t303 (0.00s)
    --- PASS: TestNewRepoSpecFromUrl_Permute/t304 (0.00s)
    --- PASS: TestNewRepoSpecFromUrl_Permute/t305 (0.00s)
    --- PASS: TestNewRepoSpecFromUrl_Permute/t306 (0.00s)
    --- PASS: TestNewRepoSpecFromUrl_Permute/t307 (0.00s)
    --- PASS: TestNewRepoSpecFromUrl_Permute/t308 (0.00s)
    --- PASS: TestNewRepoSpecFromUrl_Permute/t309 (0.00s)
    --- PASS: TestNewRepoSpecFromUrl_Permute/t310 (0.00s)
    --- PASS: TestNewRepoSpecFromUrl_Permute/t311 (0.00s)
    --- PASS: TestNewRepoSpecFromUrl_Permute/t312 (0.00s)
    --- PASS: TestNewRepoSpecFromUrl_Permute/t313 (0.00s)
    --- PASS: TestNewRepoSpecFromUrl_Permute/t314 (0.00s)
    --- PASS: TestNewRepoSpecFromUrl_Permute/t315 (0.00s)
    --- PASS: TestNewRepoSpecFromUrl_Permute/t316 (0.00s)
    --- PASS: TestNewRepoSpecFromUrl_Permute/t317 (0.00s)
    --- PASS: TestNewRepoSpecFromUrl_Permute/t318 (0.00s)
    --- PASS: TestNewRepoSpecFromUrl_Permute/t319 (0.00s)
    --- PASS: TestNewRepoSpecFromUrl_Permute/t320 (0.00s)
    --- PASS: TestNewRepoSpecFromUrl_Permute/t321 (0.00s)
    --- PASS: TestNewRepoSpecFromUrl_Permute/t322 (0.00s)
    --- PASS: TestNewRepoSpecFromUrl_Permute/t323 (0.00s)
    --- PASS: TestNewRepoSpecFromUrl_Permute/t324 (0.00s)
    --- PASS: TestNewRepoSpecFromUrl_Permute/t325 (0.00s)
    --- PASS: TestNewRepoSpecFromUrl_Permute/t326 (0.00s)
    --- PASS: TestNewRepoSpecFromUrl_Permute/t327 (0.00s)
    --- PASS: TestNewRepoSpecFromUrl_Permute/t328 (0.00s)
    --- PASS: TestNewRepoSpecFromUrl_Permute/t329 (0.00s)
    --- PASS: TestNewRepoSpecFromUrl_Permute/t330 (0.00s)
    --- PASS: TestNewRepoSpecFromUrl_Permute/t331 (0.00s)
    --- PASS: TestNewRepoSpecFromUrl_Permute/t332 (0.00s)
    --- PASS: TestNewRepoSpecFromUrl_Permute/t333 (0.00s)
    --- PASS: TestNewRepoSpecFromUrl_Permute/t334 (0.00s)
    --- PASS: TestNewRepoSpecFromUrl_Permute/t335 (0.00s)
    --- PASS: TestNewRepoSpecFromUrl_Permute/t336 (0.00s)
    --- PASS: TestNewRepoSpecFromUrl_Permute/t337 (0.00s)
    --- PASS: TestNewRepoSpecFromUrl_Permute/t338 (0.00s)
    --- PASS: TestNewRepoSpecFromUrl_Permute/t339 (0.00s)
    --- PASS: TestNewRepoSpecFromUrl_Permute/t340 (0.00s)
    --- PASS: TestNewRepoSpecFromUrl_Permute/t341 (0.00s)
    --- PASS: TestNewRepoSpecFromUrl_Permute/t342 (0.00s)
    --- PASS: TestNewRepoSpecFromUrl_Permute/t343 (0.00s)
    --- PASS: TestNewRepoSpecFromUrl_Permute/t344 (0.00s)
    --- PASS: TestNewRepoSpecFromUrl_Permute/t345 (0.00s)
    --- PASS: TestNewRepoSpecFromUrl_Permute/t346 (0.00s)
    --- PASS: TestNewRepoSpecFromUrl_Permute/t347 (0.00s)
    --- PASS: TestNewRepoSpecFromUrl_Permute/t348 (0.00s)
    --- PASS: TestNewRepoSpecFromUrl_Permute/t349 (0.00s)
    --- PASS: TestNewRepoSpecFromUrl_Permute/t350 (0.00s)
    --- PASS: TestNewRepoSpecFromUrl_Permute/t351 (0.00s)
    --- PASS: TestNewRepoSpecFromUrl_Permute/t352 (0.00s)
    --- PASS: TestNewRepoSpecFromUrl_Permute/t353 (0.00s)
    --- PASS: TestNewRepoSpecFromUrl_Permute/t354 (0.00s)
    --- PASS: TestNewRepoSpecFromUrl_Permute/t355 (0.00s)
    --- PASS: TestNewRepoSpecFromUrl_Permute/t356 (0.00s)
    --- PASS: TestNewRepoSpecFromUrl_Permute/t357 (0.00s)
    --- PASS: TestNewRepoSpecFromUrl_Permute/t358 (0.00s)
    --- PASS: TestNewRepoSpecFromUrl_Permute/t359 (0.00s)
    --- PASS: TestNewRepoSpecFromUrl_Permute/t360 (0.00s)
    --- PASS: TestNewRepoSpecFromUrl_Permute/t361 (0.00s)
    --- PASS: TestNewRepoSpecFromUrl_Permute/t362 (0.00s)
    --- PASS: TestNewRepoSpecFromUrl_Permute/t363 (0.00s)
    --- PASS: TestNewRepoSpecFromUrl_Permute/t364 (0.00s)
    --- PASS: TestNewRepoSpecFromUrl_Permute/t365 (0.00s)
    --- PASS: TestNewRepoSpecFromUrl_Permute/t366 (0.00s)
    --- PASS: TestNewRepoSpecFromUrl_Permute/t367 (0.00s)
    --- PASS: TestNewRepoSpecFromUrl_Permute/t368 (0.00s)
    --- PASS: TestNewRepoSpecFromUrl_Permute/t369 (0.00s)
    --- PASS: TestNewRepoSpecFromUrl_Permute/t370 (0.00s)
    --- PASS: TestNewRepoSpecFromUrl_Permute/t371 (0.00s)
    --- PASS: TestNewRepoSpecFromUrl_Permute/t372 (0.00s)
    --- PASS: TestNewRepoSpecFromUrl_Permute/t373 (0.00s)
    --- PASS: TestNewRepoSpecFromUrl_Permute/t374 (0.00s)
    --- PASS: TestNewRepoSpecFromUrl_Permute/t375 (0.00s)
    --- PASS: TestNewRepoSpecFromUrl_Permute/t376 (0.00s)
    --- PASS: TestNewRepoSpecFromUrl_Permute/t377 (0.00s)
    --- PASS: TestNewRepoSpecFromUrl_Permute/t378 (0.00s)
    --- PASS: TestNewRepoSpecFromUrl_Permute/t379 (0.00s)
    --- PASS: TestNewRepoSpecFromUrl_Permute/t380 (0.00s)
    --- PASS: TestNewRepoSpecFromUrl_Permute/t381 (0.00s)
    --- PASS: TestNewRepoSpecFromUrl_Permute/t382 (0.00s)
    --- PASS: TestNewRepoSpecFromUrl_Permute/t383 (0.00s)
    --- PASS: TestNewRepoSpecFromUrl_Permute/t384 (0.00s)
    --- PASS: TestNewRepoSpecFromUrl_Permute/t385 (0.00s)
    --- PASS: TestNewRepoSpecFromUrl_Permute/t386 (0.00s)
    --- PASS: TestNewRepoSpecFromUrl_Permute/t387 (0.00s)
    --- PASS: TestNewRepoSpecFromUrl_Permute/t388 (0.00s)
    --- PASS: TestNewRepoSpecFromUrl_Permute/t389 (0.00s)
    --- PASS: TestNewRepoSpecFromUrl_Permute/t390 (0.00s)
    --- PASS: TestNewRepoSpecFromUrl_Permute/t391 (0.00s)
    --- PASS: TestNewRepoSpecFromUrl_Permute/t392 (0.00s)
    --- PASS: TestNewRepoSpecFromUrl_Permute/t393 (0.00s)
    --- PASS: TestNewRepoSpecFromUrl_Permute/t394 (0.00s)
    --- PASS: TestNewRepoSpecFromUrl_Permute/t395 (0.00s)
    --- PASS: TestNewRepoSpecFromUrl_Permute/t396 (0.00s)
    --- PASS: TestNewRepoSpecFromUrl_Permute/t397 (0.00s)
    --- PASS: TestNewRepoSpecFromUrl_Permute/t398 (0.00s)
    --- PASS: TestNewRepoSpecFromUrl_Permute/t399 (0.00s)
    --- PASS: TestNewRepoSpecFromUrl_Permute/t400 (0.00s)
    --- PASS: TestNewRepoSpecFromUrl_Permute/t401 (0.00s)
    --- PASS: TestNewRepoSpecFromUrl_Permute/t402 (0.00s)
    --- PASS: TestNewRepoSpecFromUrl_Permute/t403 (0.00s)
    --- PASS: TestNewRepoSpecFromUrl_Permute/t404 (0.00s)
    --- PASS: TestNewRepoSpecFromUrl_Permute/t405 (0.00s)
    --- PASS: TestNewRepoSpecFromUrl_Permute/t406 (0.00s)
    --- PASS: TestNewRepoSpecFromUrl_Permute/t407 (0.00s)
    --- PASS: TestNewRepoSpecFromUrl_Permute/t408 (0.00s)
    --- PASS: TestNewRepoSpecFromUrl_Permute/t409 (0.00s)
    --- PASS: TestNewRepoSpecFromUrl_Permute/t410 (0.00s)
    --- PASS: TestNewRepoSpecFromUrl_Permute/t411 (0.00s)
    --- PASS: TestNewRepoSpecFromUrl_Permute/t412 (0.00s)
    --- PASS: TestNewRepoSpecFromUrl_Permute/t413 (0.00s)
    --- PASS: TestNewRepoSpecFromUrl_Permute/t414 (0.00s)
    --- PASS: TestNewRepoSpecFromUrl_Permute/t415 (0.00s)
    --- PASS: TestNewRepoSpecFromUrl_Permute/t416 (0.00s)
    --- PASS: TestNewRepoSpecFromUrl_Permute/t417 (0.00s)
    --- PASS: TestNewRepoSpecFromUrl_Permute/t418 (0.00s)
    --- PASS: TestNewRepoSpecFromUrl_Permute/t419 (0.00s)
    --- PASS: TestNewRepoSpecFromUrl_Permute/t420 (0.00s)
    --- PASS: TestNewRepoSpecFromUrl_Permute/t421 (0.00s)
    --- PASS: TestNewRepoSpecFromUrl_Permute/t422 (0.00s)
    --- PASS: TestNewRepoSpecFromUrl_Permute/t423 (0.00s)
    --- PASS: TestNewRepoSpecFromUrl_Permute/t424 (0.00s)
    --- PASS: TestNewRepoSpecFromUrl_Permute/t425 (0.00s)
    --- PASS: TestNewRepoSpecFromUrl_Permute/t426 (0.00s)
    --- PASS: TestNewRepoSpecFromUrl_Permute/t427 (0.00s)
    --- PASS: TestNewRepoSpecFromUrl_Permute/t428 (0.00s)
    --- PASS: TestNewRepoSpecFromUrl_Permute/t429 (0.00s)
    --- PASS: TestNewRepoSpecFromUrl_Permute/t430 (0.00s)
    --- PASS: TestNewRepoSpecFromUrl_Permute/t431 (0.00s)
    --- PASS: TestNewRepoSpecFromUrl_Permute/t432 (0.00s)
    --- PASS: TestNewRepoSpecFromUrl_Permute/t433 (0.00s)
    --- PASS: TestNewRepoSpecFromUrl_Permute/t434 (0.00s)
    --- PASS: TestNewRepoSpecFromUrl_Permute/t435 (0.00s)
    --- PASS: TestNewRepoSpecFromUrl_Permute/t436 (0.00s)
    --- PASS: TestNewRepoSpecFromUrl_Permute/t437 (0.00s)
    --- PASS: TestNewRepoSpecFromUrl_Permute/t438 (0.00s)
    --- PASS: TestNewRepoSpecFromUrl_Permute/t439 (0.00s)
    --- PASS: TestNewRepoSpecFromUrl_Permute/t440 (0.00s)
    --- PASS: TestNewRepoSpecFromUrl_Permute/t441 (0.00s)
    --- PASS: TestNewRepoSpecFromUrl_Permute/t442 (0.00s)
    --- PASS: TestNewRepoSpecFromUrl_Permute/t443 (0.00s)
    --- PASS: TestNewRepoSpecFromUrl_Permute/t444 (0.00s)
    --- PASS: TestNewRepoSpecFromUrl_Permute/t445 (0.00s)
    --- PASS: TestNewRepoSpecFromUrl_Permute/t446 (0.00s)
    --- PASS: TestNewRepoSpecFromUrl_Permute/t447 (0.00s)
    --- PASS: TestNewRepoSpecFromUrl_Permute/t448 (0.00s)
    --- PASS: TestNewRepoSpecFromUrl_Permute/t449 (0.00s)
    --- PASS: TestNewRepoSpecFromUrl_Permute/t450 (0.00s)
    --- PASS: TestNewRepoSpecFromUrl_Permute/t451 (0.00s)
    --- PASS: TestNewRepoSpecFromUrl_Permute/t452 (0.00s)
    --- PASS: TestNewRepoSpecFromUrl_Permute/t453 (0.00s)
    --- PASS: TestNewRepoSpecFromUrl_Permute/t454 (0.00s)
    --- PASS: TestNewRepoSpecFromUrl_Permute/t455 (0.00s)
    --- PASS: TestNewRepoSpecFromUrl_Permute/t456 (0.00s)
    --- PASS: TestNewRepoSpecFromUrl_Permute/t457 (0.00s)
    --- PASS: TestNewRepoSpecFromUrl_Permute/t458 (0.00s)
    --- PASS: TestNewRepoSpecFromUrl_Permute/t459 (0.00s)
    --- PASS: TestNewRepoSpecFromUrl_Permute/t460 (0.00s)
    --- PASS: TestNewRepoSpecFromUrl_Permute/t461 (0.00s)
    --- PASS: TestNewRepoSpecFromUrl_Permute/t462 (0.00s)
    --- PASS: TestNewRepoSpecFromUrl_Permute/t463 (0.00s)
    --- PASS: TestNewRepoSpecFromUrl_Permute/t464 (0.00s)
    --- PASS: TestNewRepoSpecFromUrl_Permute/t465 (0.00s)
    --- PASS: TestNewRepoSpecFromUrl_Permute/t466 (0.00s)
    --- PASS: TestNewRepoSpecFromUrl_Permute/t467 (0.00s)
    --- PASS: TestNewRepoSpecFromUrl_Permute/t468 (0.00s)
    --- PASS: TestNewRepoSpecFromUrl_Permute/t469 (0.00s)
    --- PASS: TestNewRepoSpecFromUrl_Permute/t470 (0.00s)
    --- PASS: TestNewRepoSpecFromUrl_Permute/t471 (0.00s)
    --- PASS: TestNewRepoSpecFromUrl_Permute/t472 (0.00s)
    --- PASS: TestNewRepoSpecFromUrl_Permute/t473 (0.00s)
    --- PASS: TestNewRepoSpecFromUrl_Permute/t474 (0.00s)
    --- PASS: TestNewRepoSpecFromUrl_Permute/t475 (0.00s)
    --- PASS: TestNewRepoSpecFromUrl_Permute/t476 (0.00s)
    --- PASS: TestNewRepoSpecFromUrl_Permute/t477 (0.00s)
    --- PASS: TestNewRepoSpecFromUrl_Permute/t478 (0.00s)
    --- PASS: TestNewRepoSpecFromUrl_Permute/t479 (0.00s)
=== RUN   TestNewRepoSpecFromUrlErrors
=== RUN   TestNewRepoSpecFromUrlErrors/bad_github_separator
=== RUN   TestNewRepoSpecFromUrlErrors/bad_scheme
=== RUN   TestNewRepoSpecFromUrlErrors/hashicorp_git_only
2023/04/06 09:21:19 Warning: Forcing the git protocol using the 'git::' URL prefix is not supported. Kustomize currently strips this invalid prefix, but will stop doing so in a future release. Please remove the 'git::' prefix from your configuration.
=== RUN   TestNewRepoSpecFromUrlErrors/no_slashes
=== RUN   TestNewRepoSpecFromUrlErrors/no_org_repo
=== RUN   TestNewRepoSpecFromUrlErrors/path_exits_repo
=== RUN   TestNewRepoSpecFromUrlErrors/mysterious_gh:_prefix_previously_supported_is_no_longer_handled
=== RUN   TestNewRepoSpecFromUrlErrors/invalid_Github_url_missing_orgrepo
=== RUN   TestNewRepoSpecFromUrlErrors/supported_protocol_after_username_(invalid)
=== RUN   TestNewRepoSpecFromUrlErrors/relative_path
=== RUN   TestNewRepoSpecFromUrlErrors/local_path_that_looks_somewhat_like_a_github_url
=== RUN   TestNewRepoSpecFromUrlErrors/file_protocol_with_excessive_slashes
=== RUN   TestNewRepoSpecFromUrlErrors/unsupported_protocol_after_username_(invalid)
=== RUN   TestNewRepoSpecFromUrlErrors/absolute_path
=== RUN   TestNewRepoSpecFromUrlErrors/query_after_host
--- PASS: TestNewRepoSpecFromUrlErrors (0.00s)
    --- PASS: TestNewRepoSpecFromUrlErrors/bad_github_separator (0.00s)
    --- PASS: TestNewRepoSpecFromUrlErrors/bad_scheme (0.00s)
    --- PASS: TestNewRepoSpecFromUrlErrors/hashicorp_git_only (0.00s)
    --- PASS: TestNewRepoSpecFromUrlErrors/no_slashes (0.00s)
    --- PASS: TestNewRepoSpecFromUrlErrors/no_org_repo (0.00s)
    --- PASS: TestNewRepoSpecFromUrlErrors/path_exits_repo (0.00s)
    --- PASS: TestNewRepoSpecFromUrlErrors/mysterious_gh:_prefix_previously_supported_is_no_longer_handled (0.00s)
    --- PASS: TestNewRepoSpecFromUrlErrors/invalid_Github_url_missing_orgrepo (0.00s)
    --- PASS: TestNewRepoSpecFromUrlErrors/supported_protocol_after_username_(invalid) (0.00s)
    --- PASS: TestNewRepoSpecFromUrlErrors/relative_path (0.00s)
    --- PASS: TestNewRepoSpecFromUrlErrors/local_path_that_looks_somewhat_like_a_github_url (0.00s)
    --- PASS: TestNewRepoSpecFromUrlErrors/file_protocol_with_excessive_slashes (0.00s)
    --- PASS: TestNewRepoSpecFromUrlErrors/unsupported_protocol_after_username_(invalid) (0.00s)
    --- PASS: TestNewRepoSpecFromUrlErrors/absolute_path (0.00s)
    --- PASS: TestNewRepoSpecFromUrlErrors/query_after_host (0.00s)
=== RUN   TestNewRepoSpecFromUrl_Smoke
=== RUN   TestNewRepoSpecFromUrl_Smoke/https_aws_code_commit_url
=== RUN   TestNewRepoSpecFromUrl_Smoke/https_aws_code_commit_url_with_params
=== RUN   TestNewRepoSpecFromUrl_Smoke/legacy_azure_https_url_with_params
=== RUN   TestNewRepoSpecFromUrl_Smoke/http_github_url_without_git_suffix
=== RUN   TestNewRepoSpecFromUrl_Smoke/scp_github_url_without_git_suffix
=== RUN   TestNewRepoSpecFromUrl_Smoke/http_github_url_with_git_suffix
=== RUN   TestNewRepoSpecFromUrl_Smoke/scp_github_url_with_git_suffix
=== RUN   TestNewRepoSpecFromUrl_Smoke/non-github_scp
=== RUN   TestNewRepoSpecFromUrl_Smoke/non-github_scp_with_path_delimiter
=== RUN   TestNewRepoSpecFromUrl_Smoke/non-github_scp_incorrectly_using_slash_(invalid_but_currently_passed_through_to_git)
=== RUN   TestNewRepoSpecFromUrl_Smoke/non-github_git-user_ssh
=== RUN   TestNewRepoSpecFromUrl_Smoke/_git_host_delimiter_in_non-github_url
=== RUN   TestNewRepoSpecFromUrl_Smoke/_git_host_delimiter_in_non-github_url_with_params
=== RUN   TestNewRepoSpecFromUrl_Smoke/_git_host_delimiter_in_non-github_url_with_kust_root_path_and_params
=== RUN   TestNewRepoSpecFromUrl_Smoke/_git_host_delimiter_in_non-github_url_with_no_kust_root_path
2023/04/06 09:21:19 Warning: Forcing the git protocol using the 'git::' URL prefix is not supported. Kustomize currently strips this invalid prefix, but will stop doing so in a future release. Please remove the 'git::' prefix from your configuration.
=== RUN   TestNewRepoSpecFromUrl_Smoke/https_bitbucket_url_with_git_suffix
=== RUN   TestNewRepoSpecFromUrl_Smoke/ssh_aws_code_commit_url
=== RUN   TestNewRepoSpecFromUrl_Smoke/scp_Github_with_slash_fixed_to_colon
=== RUN   TestNewRepoSpecFromUrl_Smoke/https_Github_with_double_slash_path_delimiter_and_params
=== RUN   TestNewRepoSpecFromUrl_Smoke/file_protocol_with_git-suffixed_repo_path_and_params
=== RUN   TestNewRepoSpecFromUrl_Smoke/file_protocol_with_two_slashes,_with_kust_root_path_and_params
=== RUN   TestNewRepoSpecFromUrl_Smoke/file_protocol_with_two_slashes,_with_ref_and_no_kust_root_path
=== RUN   TestNewRepoSpecFromUrl_Smoke/file_protocol_with_three_slashes,_with_ref_and_no_kust_root_path
=== RUN   TestNewRepoSpecFromUrl_Smoke/ssh_Github_with_double-slashed_path_delimiter_and_params
=== RUN   TestNewRepoSpecFromUrl_Smoke/file_protocol_with_three_slashes,_no_kust_root_path_or_params
=== RUN   TestNewRepoSpecFromUrl_Smoke/file_protocol_with_three_slashes,_no_repo_or_kust_root_path_or_params
=== RUN   TestNewRepoSpecFromUrl_Smoke/arbitrary_https_host_with_double-slash_path_delimiter
=== RUN   TestNewRepoSpecFromUrl_Smoke/arbitrary_https_host_with_.git_repo_suffix
=== RUN   TestNewRepoSpecFromUrl_Smoke/arbitrary_ssh_host_with_double-slash_path_delimiter
=== RUN   TestNewRepoSpecFromUrl_Smoke/query_slash
=== RUN   TestNewRepoSpecFromUrl_Smoke/query_git_delimiter
=== RUN   TestNewRepoSpecFromUrl_Smoke/query_git_suffix
=== RUN   TestNewRepoSpecFromUrl_Smoke/non_parsable_path
=== RUN   TestNewRepoSpecFromUrl_Smoke/non-git_username_with_non-github_host
=== RUN   TestNewRepoSpecFromUrl_Smoke/username-like_filepath_with_file_protocol
=== RUN   TestNewRepoSpecFromUrl_Smoke/username_with_http_protocol_(invalid_but_currently_passed_through_to_git)
=== RUN   TestNewRepoSpecFromUrl_Smoke/username_with_https_protocol_(invalid_but_currently_passed_through_to_git)
=== RUN   TestNewRepoSpecFromUrl_Smoke/complex_github_ssh_url_from_docs
=== RUN   TestNewRepoSpecFromUrl_Smoke/colon_behind_slash_not_scp_delimiter
=== RUN   TestNewRepoSpecFromUrl_Smoke/gitlab_URLs_with_explicit_git_suffix
=== RUN   TestNewRepoSpecFromUrl_Smoke/gitlab_URLs_without_explicit_git_suffix
=== RUN   TestNewRepoSpecFromUrl_Smoke/azure_host_with__git_and_//_path_separator
=== RUN   TestNewRepoSpecFromUrl_Smoke/legacy_format_azure_host_with__git
=== RUN   TestNewRepoSpecFromUrl_Smoke/ssh_on_github_with_custom_username_for_custom_ssh_certificate_authority
=== RUN   TestNewRepoSpecFromUrl_Smoke/scp_on_github_with_custom_username_for_custom_ssh_certificate_authority
=== RUN   TestNewRepoSpecFromUrl_Smoke/scp_format_gist_url
=== RUN   TestNewRepoSpecFromUrl_Smoke/https_gist_url
--- PASS: TestNewRepoSpecFromUrl_Smoke (0.00s)
    --- PASS: TestNewRepoSpecFromUrl_Smoke/https_aws_code_commit_url (0.00s)
    --- PASS: TestNewRepoSpecFromUrl_Smoke/https_aws_code_commit_url_with_params (0.00s)
    --- PASS: TestNewRepoSpecFromUrl_Smoke/legacy_azure_https_url_with_params (0.00s)
    --- PASS: TestNewRepoSpecFromUrl_Smoke/http_github_url_without_git_suffix (0.00s)
    --- PASS: TestNewRepoSpecFromUrl_Smoke/scp_github_url_without_git_suffix (0.00s)
    --- PASS: TestNewRepoSpecFromUrl_Smoke/http_github_url_with_git_suffix (0.00s)
    --- PASS: TestNewRepoSpecFromUrl_Smoke/scp_github_url_with_git_suffix (0.00s)
    --- PASS: TestNewRepoSpecFromUrl_Smoke/non-github_scp (0.00s)
    --- PASS: TestNewRepoSpecFromUrl_Smoke/non-github_scp_with_path_delimiter (0.00s)
    --- PASS: TestNewRepoSpecFromUrl_Smoke/non-github_scp_incorrectly_using_slash_(invalid_but_currently_passed_through_to_git) (0.00s)
    --- PASS: TestNewRepoSpecFromUrl_Smoke/non-github_git-user_ssh (0.00s)
    --- PASS: TestNewRepoSpecFromUrl_Smoke/_git_host_delimiter_in_non-github_url (0.00s)
    --- PASS: TestNewRepoSpecFromUrl_Smoke/_git_host_delimiter_in_non-github_url_with_params (0.00s)
    --- PASS: TestNewRepoSpecFromUrl_Smoke/_git_host_delimiter_in_non-github_url_with_kust_root_path_and_params (0.00s)
    --- PASS: TestNewRepoSpecFromUrl_Smoke/_git_host_delimiter_in_non-github_url_with_no_kust_root_path (0.00s)
    --- PASS: TestNewRepoSpecFromUrl_Smoke/https_bitbucket_url_with_git_suffix (0.00s)
    --- PASS: TestNewRepoSpecFromUrl_Smoke/ssh_aws_code_commit_url (0.00s)
    --- PASS: TestNewRepoSpecFromUrl_Smoke/scp_Github_with_slash_fixed_to_colon (0.00s)
    --- PASS: TestNewRepoSpecFromUrl_Smoke/https_Github_with_double_slash_path_delimiter_and_params (0.00s)
    --- PASS: TestNewRepoSpecFromUrl_Smoke/file_protocol_with_git-suffixed_repo_path_and_params (0.00s)
    --- PASS: TestNewRepoSpecFromUrl_Smoke/file_protocol_with_two_slashes,_with_kust_root_path_and_params (0.00s)
    --- PASS: TestNewRepoSpecFromUrl_Smoke/file_protocol_with_two_slashes,_with_ref_and_no_kust_root_path (0.00s)
    --- PASS: TestNewRepoSpecFromUrl_Smoke/file_protocol_with_three_slashes,_with_ref_and_no_kust_root_path (0.00s)
    --- PASS: TestNewRepoSpecFromUrl_Smoke/ssh_Github_with_double-slashed_path_delimiter_and_params (0.00s)
    --- PASS: TestNewRepoSpecFromUrl_Smoke/file_protocol_with_three_slashes,_no_kust_root_path_or_params (0.00s)
    --- PASS: TestNewRepoSpecFromUrl_Smoke/file_protocol_with_three_slashes,_no_repo_or_kust_root_path_or_params (0.00s)
    --- PASS: TestNewRepoSpecFromUrl_Smoke/arbitrary_https_host_with_double-slash_path_delimiter (0.00s)
    --- PASS: TestNewRepoSpecFromUrl_Smoke/arbitrary_https_host_with_.git_repo_suffix (0.00s)
    --- PASS: TestNewRepoSpecFromUrl_Smoke/arbitrary_ssh_host_with_double-slash_path_delimiter (0.00s)
    --- PASS: TestNewRepoSpecFromUrl_Smoke/query_slash (0.00s)
    --- PASS: TestNewRepoSpecFromUrl_Smoke/query_git_delimiter (0.00s)
    --- PASS: TestNewRepoSpecFromUrl_Smoke/query_git_suffix (0.00s)
    --- PASS: TestNewRepoSpecFromUrl_Smoke/non_parsable_path (0.00s)
    --- PASS: TestNewRepoSpecFromUrl_Smoke/non-git_username_with_non-github_host (0.00s)
    --- PASS: TestNewRepoSpecFromUrl_Smoke/username-like_filepath_with_file_protocol (0.00s)
    --- PASS: TestNewRepoSpecFromUrl_Smoke/username_with_http_protocol_(invalid_but_currently_passed_through_to_git) (0.00s)
    --- PASS: TestNewRepoSpecFromUrl_Smoke/username_with_https_protocol_(invalid_but_currently_passed_through_to_git) (0.00s)
    --- PASS: TestNewRepoSpecFromUrl_Smoke/complex_github_ssh_url_from_docs (0.00s)
    --- PASS: TestNewRepoSpecFromUrl_Smoke/colon_behind_slash_not_scp_delimiter (0.00s)
    --- PASS: TestNewRepoSpecFromUrl_Smoke/gitlab_URLs_with_explicit_git_suffix (0.00s)
    --- PASS: TestNewRepoSpecFromUrl_Smoke/gitlab_URLs_without_explicit_git_suffix (0.00s)
    --- PASS: TestNewRepoSpecFromUrl_Smoke/azure_host_with__git_and_//_path_separator (0.00s)
    --- PASS: TestNewRepoSpecFromUrl_Smoke/legacy_format_azure_host_with__git (0.00s)
    --- PASS: TestNewRepoSpecFromUrl_Smoke/ssh_on_github_with_custom_username_for_custom_ssh_certificate_authority (0.00s)
    --- PASS: TestNewRepoSpecFromUrl_Smoke/scp_on_github_with_custom_username_for_custom_ssh_certificate_authority (0.00s)
    --- PASS: TestNewRepoSpecFromUrl_Smoke/scp_format_gist_url (0.00s)
    --- PASS: TestNewRepoSpecFromUrl_Smoke/https_gist_url (0.00s)
=== RUN   TestNewRepoSpecFromURL_DefaultQueryParams
--- PASS: TestNewRepoSpecFromURL_DefaultQueryParams (0.00s)
=== RUN   TestParseQuery
=== RUN   TestParseQuery/empty
=== RUN   TestParseQuery/ref
=== RUN   TestParseQuery/ref_slash
=== RUN   TestParseQuery/version
=== RUN   TestParseQuery/ref_and_version
=== RUN   TestParseQuery/empty_submodules
=== RUN   TestParseQuery/bad_submodules
=== RUN   TestParseQuery/submodules_true
=== RUN   TestParseQuery/submodules_false
=== RUN   TestParseQuery/empty_timeout
=== RUN   TestParseQuery/bad_timeout
=== RUN   TestParseQuery/zero_timeout
=== RUN   TestParseQuery/zero_unit_timeout
=== RUN   TestParseQuery/timeout
=== RUN   TestParseQuery/timeout_unit
=== RUN   TestParseQuery/all
--- PASS: TestParseQuery (0.00s)
    --- PASS: TestParseQuery/empty (0.00s)
    --- PASS: TestParseQuery/ref (0.00s)
    --- PASS: TestParseQuery/ref_slash (0.00s)
    --- PASS: TestParseQuery/version (0.00s)
    --- PASS: TestParseQuery/ref_and_version (0.00s)
    --- PASS: TestParseQuery/empty_submodules (0.00s)
    --- PASS: TestParseQuery/bad_submodules (0.00s)
    --- PASS: TestParseQuery/submodules_true (0.00s)
    --- PASS: TestParseQuery/submodules_false (0.00s)
    --- PASS: TestParseQuery/empty_timeout (0.00s)
    --- PASS: TestParseQuery/bad_timeout (0.00s)
    --- PASS: TestParseQuery/zero_timeout (0.00s)
    --- PASS: TestParseQuery/zero_unit_timeout (0.00s)
    --- PASS: TestParseQuery/timeout (0.00s)
    --- PASS: TestParseQuery/timeout_unit (0.00s)
    --- PASS: TestParseQuery/all (0.00s)
PASS
ok  	sigs.k8s.io/kustomize/api/internal/git	(cached)
=== RUN   TestYamlFormatError_Error
--- PASS: TestYamlFormatError_Error (0.00s)
=== RUN   TestErrorHandler
--- PASS: TestErrorHandler (0.00s)
PASS
ok  	sigs.k8s.io/kustomize/api/internal/kusterr	(cached)
=== RUN   TestDefaultNewDirRepo
=== RUN   TestDefaultNewDirRepo/simple
=== RUN   TestDefaultNewDirRepo/slashed_ref
--- PASS: TestDefaultNewDirRepo (0.00s)
    --- PASS: TestDefaultNewDirRepo/simple (0.00s)
    --- PASS: TestDefaultNewDirRepo/slashed_ref (0.00s)
=== RUN   TestUrlBase
--- PASS: TestUrlBase (0.00s)
=== RUN   TestUrlBaseTrailingSlash
--- PASS: TestUrlBaseTrailingSlash (0.00s)
=== RUN   TestLocFilePath
=== RUN   TestLocFilePath/empty_path
=== RUN   TestLocFilePath/empty_path_segment
=== RUN   TestLocFilePath/official
=== RUN   TestLocFilePath/http-scheme
=== RUN   TestLocFilePath/extraneous_components
=== RUN   TestLocFilePath/percent-encoded_path
=== RUN   TestLocFilePath/dot-segments
=== RUN   TestLocFilePath/extraneous_dot-segments
--- PASS: TestLocFilePath (0.00s)
    --- PASS: TestLocFilePath/empty_path (0.00s)
    --- PASS: TestLocFilePath/empty_path_segment (0.00s)
    --- PASS: TestLocFilePath/official (0.00s)
    --- PASS: TestLocFilePath/http-scheme (0.00s)
    --- PASS: TestLocFilePath/extraneous_components (0.00s)
    --- PASS: TestLocFilePath/percent-encoded_path (0.00s)
    --- PASS: TestLocFilePath/dot-segments (0.00s)
    --- PASS: TestLocFilePath/extraneous_dot-segments (0.00s)
=== RUN   TestLocFilePathColon
--- PASS: TestLocFilePathColon (0.00s)
=== RUN   TestLocFilePath_SpecialChar
--- PASS: TestLocFilePath_SpecialChar (0.00s)
=== RUN   TestLocFilePath_SpecialFiles
=== RUN   TestLocFilePath_SpecialFiles/windows_reserved_name
=== RUN   TestLocFilePath_SpecialFiles/hidden_files
--- PASS: TestLocFilePath_SpecialFiles (0.00s)
    --- PASS: TestLocFilePath_SpecialFiles/windows_reserved_name (0.00s)
    --- PASS: TestLocFilePath_SpecialFiles/hidden_files (0.00s)
=== RUN   TestLocRootPath_URLComponents
=== RUN   TestLocRootPath_URLComponents/rel_ssh
=== RUN   TestLocRootPath_URLComponents/file
=== RUN   TestLocRootPath_URLComponents/IPv6
=== RUN   TestLocRootPath_URLComponents/port
=== RUN   TestLocRootPath_URLComponents/no_org
=== RUN   TestLocRootPath_URLComponents/dot-segments
=== RUN   TestLocRootPath_URLComponents/no_path_delimiter
=== RUN   TestLocRootPath_URLComponents/illegal_windows_dir
=== RUN   TestLocRootPath_URLComponents/ssh
=== RUN   TestLocRootPath_URLComponents/https
=== RUN   TestLocRootPath_URLComponents/.git_suffix
=== RUN   TestLocRootPath_URLComponents/ref_has_slash
--- PASS: TestLocRootPath_URLComponents (0.02s)
    --- PASS: TestLocRootPath_URLComponents/rel_ssh (0.00s)
    --- PASS: TestLocRootPath_URLComponents/file (0.00s)
    --- PASS: TestLocRootPath_URLComponents/IPv6 (0.00s)
    --- PASS: TestLocRootPath_URLComponents/port (0.00s)
    --- PASS: TestLocRootPath_URLComponents/no_org (0.00s)
    --- PASS: TestLocRootPath_URLComponents/dot-segments (0.00s)
    --- PASS: TestLocRootPath_URLComponents/no_path_delimiter (0.00s)
    --- PASS: TestLocRootPath_URLComponents/illegal_windows_dir (0.00s)
    --- PASS: TestLocRootPath_URLComponents/ssh (0.00s)
    --- PASS: TestLocRootPath_URLComponents/https (0.00s)
    --- PASS: TestLocRootPath_URLComponents/.git_suffix (0.00s)
    --- PASS: TestLocRootPath_URLComponents/ref_has_slash (0.00s)
=== RUN   TestLocRootPath_Repo
--- PASS: TestLocRootPath_Repo (0.00s)
=== RUN   TestLocRootPath_SymlinkPath
--- PASS: TestLocRootPath_SymlinkPath (0.00s)
=== RUN   TestTargetIsScope
--- PASS: TestTargetIsScope (0.00s)
=== RUN   TestTargetNestedInScope
--- PASS: TestTargetNestedInScope (0.00s)
=== RUN   TestLoadKustomizationName
--- PASS: TestLoadKustomizationName (0.00s)
=== RUN   TestLoadGVKNN
=== RUN   TestLoadGVKNN/missing
=== RUN   TestLoadGVKNN/wrong
--- PASS: TestLoadGVKNN (0.00s)
    --- PASS: TestLoadGVKNN/missing (0.00s)
    --- PASS: TestLoadGVKNN/wrong (0.00s)
=== RUN   TestLoadLegacyFields
--- PASS: TestLoadLegacyFields (0.00s)
=== RUN   TestLoadUnknownKustFields
--- PASS: TestLoadUnknownKustFields (0.00s)
=== RUN   TestLocalizeFileName
=== RUN   TestLocalizeFileName/localize_dir_name_when_no_remote
=== RUN   TestLocalizeFileName/no_file_extension
=== RUN   TestLocalizeFileName/kustomization_name
=== RUN   TestLocalizeFileName/in_localize_dir_name_when_no_remote
=== RUN   TestLocalizeFileName/nested_directories
--- PASS: TestLocalizeFileName (0.00s)
    --- PASS: TestLocalizeFileName/localize_dir_name_when_no_remote (0.00s)
    --- PASS: TestLocalizeFileName/no_file_extension (0.00s)
    --- PASS: TestLocalizeFileName/kustomization_name (0.00s)
    --- PASS: TestLocalizeFileName/in_localize_dir_name_when_no_remote (0.00s)
    --- PASS: TestLocalizeFileName/nested_directories (0.00s)
=== RUN   TestLocalizeFileCleaned
--- PASS: TestLocalizeFileCleaned (0.00s)
=== RUN   TestLocalizeUnreferencedIgnored
--- PASS: TestLocalizeUnreferencedIgnored (0.00s)
=== RUN   TestLocalizePatches
--- PASS: TestLocalizePatches (0.00s)
=== RUN   TestLocalizeOpenAPI
=== RUN   TestLocalizeOpenAPI/no_path
=== RUN   TestLocalizeOpenAPI/path
--- PASS: TestLocalizeOpenAPI (0.00s)
    --- PASS: TestLocalizeOpenAPI/no_path (0.00s)
    --- PASS: TestLocalizeOpenAPI/path (0.00s)
=== RUN   TestLocalizeConfigurations
--- PASS: TestLocalizeConfigurations (0.00s)
=== RUN   TestLocalizeCrds
--- PASS: TestLocalizeCrds (0.00s)
=== RUN   TestLocalizePatchesJson
--- PASS: TestLocalizePatchesJson (0.00s)
=== RUN   TestLocalizePatchesSM
--- PASS: TestLocalizePatchesSM (0.00s)
=== RUN   TestLocalizeReplacements
--- PASS: TestLocalizeReplacements (0.00s)
=== RUN   TestLocalizeConfigMapGenerator
--- PASS: TestLocalizeConfigMapGenerator (0.00s)
=== RUN   TestLocalizeSecretGenerator
--- PASS: TestLocalizeSecretGenerator (0.00s)
=== RUN   TestLocalizeFileNoFile
--- PASS: TestLocalizeFileNoFile (0.00s)
=== RUN   TestLocalizePluginsInlineAndFile
=== RUN   TestLocalizePluginsInlineAndFile/generators
=== RUN   TestLocalizePluginsInlineAndFile/transformers
=== RUN   TestLocalizePluginsInlineAndFile/validators
--- PASS: TestLocalizePluginsInlineAndFile (0.08s)
    --- PASS: TestLocalizePluginsInlineAndFile/generators (0.07s)
    --- PASS: TestLocalizePluginsInlineAndFile/transformers (0.00s)
    --- PASS: TestLocalizePluginsInlineAndFile/validators (0.00s)
=== RUN   TestLocalizeMultiplePluginsInEntry
--- PASS: TestLocalizeMultiplePluginsInEntry (0.00s)
=== RUN   TestLocalizeCleanedPathInPath
--- PASS: TestLocalizeCleanedPathInPath (0.00s)
=== RUN   TestLocalizeGeneratorsConfigMap
--- PASS: TestLocalizeGeneratorsConfigMap (0.00s)
=== RUN   TestLocalizeGeneratorsSecret
--- PASS: TestLocalizeGeneratorsSecret (0.00s)
=== RUN   TestLocalizeTransformersPatch
--- PASS: TestLocalizeTransformersPatch (0.00s)
=== RUN   TestLocalizeTransformersPatchJson
--- PASS: TestLocalizeTransformersPatchJson (0.00s)
=== RUN   TestLocalizeTransformersPatchSM
--- PASS: TestLocalizeTransformersPatchSM (0.00s)
=== RUN   TestLocalizeTransformersReplacement
--- PASS: TestLocalizeTransformersReplacement (0.00s)
=== RUN   TestLocalizePluginsNoPaths
--- PASS: TestLocalizePluginsNoPaths (0.00s)
=== RUN   TestLocalizeValidators
--- PASS: TestLocalizeValidators (0.00s)
=== RUN   TestLocalizeBuiltinPlugins_SequenceScalarEquivalence
--- PASS: TestLocalizeBuiltinPlugins_SequenceScalarEquivalence (0.00s)
=== RUN   TestLocalizeBuiltinPlugins_NotResource
=== RUN   TestLocalizeBuiltinPlugins_NotResource/bad_inline_resource
=== RUN   TestLocalizeBuiltinPlugins_NotResource/bad_file_resource
--- PASS: TestLocalizeBuiltinPlugins_NotResource (0.00s)
    --- PASS: TestLocalizeBuiltinPlugins_NotResource/bad_inline_resource (0.00s)
    --- PASS: TestLocalizeBuiltinPlugins_NotResource/bad_file_resource (0.00s)
=== RUN   TestLocalizeBuiltinPlugins_Errors
=== RUN   TestLocalizeBuiltinPlugins_Errors/file_dne
=== RUN   TestLocalizeBuiltinPlugins_Errors/not_sequence_or_scalar
--- PASS: TestLocalizeBuiltinPlugins_Errors (0.00s)
    --- PASS: TestLocalizeBuiltinPlugins_Errors/file_dne (0.00s)
    --- PASS: TestLocalizeBuiltinPlugins_Errors/not_sequence_or_scalar (0.00s)
=== RUN   TestLocalizeDirInTarget
=== RUN   TestLocalizeDirInTarget/multi_nested_child
=== RUN   TestLocalizeDirInTarget/recursive
=== RUN   TestLocalizeDirInTarget/file_in_dir
=== RUN   TestLocalizeDirInTarget/multiple_calls
=== RUN   TestLocalizeDirInTarget/localize_directory_name_when_no_remote
--- PASS: TestLocalizeDirInTarget (0.00s)
    --- PASS: TestLocalizeDirInTarget/multi_nested_child (0.00s)
    --- PASS: TestLocalizeDirInTarget/recursive (0.00s)
    --- PASS: TestLocalizeDirInTarget/file_in_dir (0.00s)
    --- PASS: TestLocalizeDirInTarget/multiple_calls (0.00s)
    --- PASS: TestLocalizeDirInTarget/localize_directory_name_when_no_remote (0.00s)
=== RUN   TestLocalizeDirCleanedSibling
--- PASS: TestLocalizeDirCleanedSibling (0.00s)
=== RUN   TestLocalizeBases
--- PASS: TestLocalizeBases (0.00s)
=== RUN   TestLocalizeComponents
--- PASS: TestLocalizeComponents (0.00s)
=== RUN   TestLocalizeResources
--- PASS: TestLocalizeResources (0.00s)
=== RUN   TestLocalizePathError
--- PASS: TestLocalizePathError (0.00s)
=== RUN   TestLocalizeHelmChartInflationGenerator
--- PASS: TestLocalizeHelmChartInflationGenerator (0.00s)
=== RUN   TestLocalizeHelmCharts
=== RUN   TestLocalizeHelmCharts/charts_only
=== RUN   TestLocalizeHelmCharts/charts_globals_no_home
=== RUN   TestLocalizeHelmCharts/home_only
--- PASS: TestLocalizeHelmCharts (0.00s)
    --- PASS: TestLocalizeHelmCharts/charts_only (0.00s)
    --- PASS: TestLocalizeHelmCharts/charts_globals_no_home (0.00s)
    --- PASS: TestLocalizeHelmCharts/home_only (0.00s)
=== RUN   TestLocalizeHelmChartsNoDefault
--- PASS: TestLocalizeHelmChartsNoDefault (0.00s)
=== RUN   TestCopyChartHomeSimple
=== RUN   TestCopyChartHomeSimple/does_not_exist
=== RUN   TestCopyChartHomeSimple/chart_home_structure
--- PASS: TestCopyChartHomeSimple (0.00s)
    --- PASS: TestCopyChartHomeSimple/does_not_exist (0.00s)
    --- PASS: TestCopyChartHomeSimple/chart_home_structure (0.00s)
=== RUN   TestCopyChartHomeChanges
=== RUN   TestCopyChartHomeChanges/not_copied
=== RUN   TestCopyChartHomeChanges/does_not_exist_exits_scope
=== RUN   TestCopyChartHomeChanges/clean_does_not_exist
=== RUN   TestCopyChartHomeChanges/clean_default
--- PASS: TestCopyChartHomeChanges (0.00s)
    --- PASS: TestCopyChartHomeChanges/not_copied (0.00s)
    --- PASS: TestCopyChartHomeChanges/does_not_exist_exits_scope (0.00s)
    --- PASS: TestCopyChartHomeChanges/clean_does_not_exist (0.00s)
    --- PASS: TestCopyChartHomeChanges/clean_default (0.00s)
=== RUN   TestCopyChartHomeEmpty
--- PASS: TestCopyChartHomeEmpty (0.00s)
=== RUN   TestCopyChartHomeError
=== RUN   TestCopyChartHomeError/absolute
=== RUN   TestCopyChartHomeError/file
=== RUN   TestCopyChartHomeError/scope
--- PASS: TestCopyChartHomeError (0.00s)
    --- PASS: TestCopyChartHomeError/absolute (0.00s)
    --- PASS: TestCopyChartHomeError/file (0.00s)
    --- PASS: TestCopyChartHomeError/scope (0.00s)
=== RUN   TestLocalizeGeneratorsHelm
--- PASS: TestLocalizeGeneratorsHelm (0.00s)
=== RUN   TestLocalizeGeneratorsNoHelm
--- PASS: TestLocalizeGeneratorsNoHelm (0.00s)
=== RUN   TestLocalizeEmpty
=== RUN   TestLocalizeEmpty/resource
=== RUN   TestLocalizeEmpty/generator_file_src
=== RUN   TestLocalizeEmpty/patchesStrategicMerge
=== RUN   TestLocalizeEmpty/custom_transformers
=== RUN   TestLocalizeEmpty/custom_transformer_field
=== RUN   TestLocalizeEmpty/file
=== RUN   TestLocalizeEmpty/root
--- PASS: TestLocalizeEmpty (0.00s)
    --- PASS: TestLocalizeEmpty/resource (0.00s)
    --- PASS: TestLocalizeEmpty/generator_file_src (0.00s)
    --- PASS: TestLocalizeEmpty/patchesStrategicMerge (0.00s)
    --- PASS: TestLocalizeEmpty/custom_transformers (0.00s)
    --- PASS: TestLocalizeEmpty/custom_transformer_field (0.00s)
    --- PASS: TestLocalizeEmpty/file (0.00s)
    --- PASS: TestLocalizeEmpty/root (0.00s)
=== RUN   TestLocalLoadNewAndCleanup
--- PASS: TestLocalLoadNewAndCleanup (0.00s)
=== RUN   TestNewLocLoaderDefaultForRootTarget
=== RUN   TestNewLocLoaderDefaultForRootTarget/implicit
=== RUN   TestNewLocLoaderDefaultForRootTarget/explicit
--- PASS: TestNewLocLoaderDefaultForRootTarget (0.00s)
    --- PASS: TestNewLocLoaderDefaultForRootTarget/implicit (0.00s)
    --- PASS: TestNewLocLoaderDefaultForRootTarget/explicit (0.00s)
=== RUN   TestNewMultiple
--- PASS: TestNewMultiple (0.00s)
=== RUN   TestNewLocLoaderCwdNotRoot
=== RUN   TestNewLocLoaderCwdNotRoot/outer_dir
=== RUN   TestNewLocLoaderCwdNotRoot/scope
--- PASS: TestNewLocLoaderCwdNotRoot (0.00s)
    --- PASS: TestNewLocLoaderCwdNotRoot/outer_dir (0.00s)
    --- PASS: TestNewLocLoaderCwdNotRoot/scope (0.00s)
=== RUN   TestNewLocLoaderFails
=== RUN   TestNewLocLoaderFails/non-existent_target
=== RUN   TestNewLocLoaderFails/file_target
=== RUN   TestNewLocLoaderFails/inner_scope
=== RUN   TestNewLocLoaderFails/side_scope
=== RUN   TestNewLocLoaderFails/existing_dst
--- PASS: TestNewLocLoaderFails (0.00s)
    --- PASS: TestNewLocLoaderFails/non-existent_target (0.00s)
    --- PASS: TestNewLocLoaderFails/file_target (0.00s)
    --- PASS: TestNewLocLoaderFails/inner_scope (0.00s)
    --- PASS: TestNewLocLoaderFails/side_scope (0.00s)
    --- PASS: TestNewLocLoaderFails/existing_dst (0.00s)
=== RUN   TestNewFails
=== RUN   TestNewFails/ancestor
=== RUN   TestNewFails/non-existent_root
=== RUN   TestNewFails/file
=== RUN   TestNewFails/outside_scope
=== RUN   TestNewFails/at_dst
--- PASS: TestNewFails (0.00s)
    --- PASS: TestNewFails/ancestor (0.00s)
    --- PASS: TestNewFails/non-existent_root (0.00s)
    --- PASS: TestNewFails/file (0.00s)
    --- PASS: TestNewFails/outside_scope (0.00s)
    --- PASS: TestNewFails/at_dst (0.00s)
=== RUN   TestLoadFails
=== RUN   TestLoadFails/inside_dst
=== RUN   TestLoadFails/absolute_path
=== RUN   TestLoadFails/directory
=== RUN   TestLoadFails/non-existent_file
=== RUN   TestLoadFails/file_outside_root
--- PASS: TestLoadFails (0.00s)
    --- PASS: TestLoadFails/inside_dst (0.00s)
    --- PASS: TestLoadFails/absolute_path (0.00s)
    --- PASS: TestLoadFails/directory (0.00s)
    --- PASS: TestLoadFails/non-existent_file (0.00s)
    --- PASS: TestLoadFails/file_outside_root (0.00s)
PASS
ok  	sigs.k8s.io/kustomize/api/internal/localizer	1.576s
?   	sigs.k8s.io/kustomize/api/internal/plugins	[no test files]
=== RUN   TestLoadDefaultConfigsFromFiles
--- PASS: TestLoadDefaultConfigsFromFiles (0.00s)
=== RUN   TestMergeAll
--- PASS: TestMergeAll (0.00s)
=== RUN   TestMakeDefaultConfig
--- PASS: TestMakeDefaultConfig (0.00s)
=== RUN   TestAddNamereferenceFieldSpec
--- PASS: TestAddNamereferenceFieldSpec (0.00s)
=== RUN   TestAddFieldSpecs
--- PASS: TestAddFieldSpecs (0.00s)
=== RUN   TestMerge
--- PASS: TestMerge (0.00s)
PASS
ok  	sigs.k8s.io/kustomize/api/internal/plugins/builtinconfig	(cached)
?   	sigs.k8s.io/kustomize/api/internal/plugins/builtinhelpers	[no test files]
=== RUN   TestCompiler
2023/04/06 09:21:27 compiler created: /Users/uta/ghq/github.com/yutaroyamanaka/kustomize/plugin/someteam.example.com/v1/dateprefixer/DatePrefixer.so
2023/04/06 09:21:31 compiler created: /Users/uta/ghq/github.com/yutaroyamanaka/kustomize/plugin/builtin/secretgenerator/SecretGenerator.so
--- PASS: TestCompiler (11.29s)
PASS
ok  	sigs.k8s.io/kustomize/api/internal/plugins/compiler	(cached)
=== RUN   TestExecPluginConfig
--- PASS: TestExecPluginConfig (0.11s)
=== RUN   TestExecPlugin_ErrIfNotExecutable
--- PASS: TestExecPlugin_ErrIfNotExecutable (0.00s)
PASS
ok  	sigs.k8s.io/kustomize/api/internal/plugins/execplugin	0.448s
?   	sigs.k8s.io/kustomize/api/internal/plugins/fnplugin	[no test files]
=== RUN   TestLoader
2023/04/06 12:16:12 compiler created: /Users/uta/ghq/github.com/yutaroyamanaka/kustomize/plugin/builtin/secretgenerator/SecretGenerator.so
2023/04/06 12:16:15 compiler created: /Users/uta/ghq/github.com/yutaroyamanaka/kustomize/plugin/someteam.example.com/v1/someservicegenerator/SomeServiceGenerator.so
--- PASS: TestLoader (7.99s)
=== RUN   TestLoaderWithWorkingDir
--- PASS: TestLoaderWithWorkingDir (0.00s)
PASS
ok  	sigs.k8s.io/kustomize/api/internal/plugins/loader	8.574s
=== RUN   TestDeterminePluginSrcRoot
--- PASS: TestDeterminePluginSrcRoot (0.00s)
=== RUN   TestUpdateResourceOptions
--- PASS: TestUpdateResourceOptions (0.00s)
=== RUN   TestUpdateResourceOptionsWithInvalidHashAnnotationValues
--- PASS: TestUpdateResourceOptionsWithInvalidHashAnnotationValues (0.00s)
PASS
ok  	sigs.k8s.io/kustomize/api/internal/plugins/utils	(cached)
=== RUN   TestLoadKustFile
=== RUN   TestLoadKustFile/missing
=== RUN   TestLoadKustFile/multiple
=== RUN   TestLoadKustFile/valid
--- PASS: TestLoadKustFile (0.00s)
    --- PASS: TestLoadKustFile/missing (0.00s)
    --- PASS: TestLoadKustFile/multiple (0.00s)
    --- PASS: TestLoadKustFile/valid (0.00s)
=== RUN   TestLoad
=== RUN   TestLoad/nonsenseLatin
=== RUN   TestLoad/empty
=== RUN   TestLoad/simple
=== RUN   TestLoad/commented
--- PASS: TestLoad (0.00s)
    --- PASS: TestLoad/nonsenseLatin (0.00s)
    --- PASS: TestLoad/empty (0.00s)
    --- PASS: TestLoad/simple (0.00s)
    --- PASS: TestLoad/commented (0.00s)
=== RUN   TestMakeCustomizedResMap
# Warning: 'patchesJson6902' is deprecated. Please use 'patches' instead. Run 'kustomize edit fix' to update your Kustomization automatically.
--- PASS: TestMakeCustomizedResMap (0.01s)
=== RUN   TestConfigurationsOverrideDefault
--- PASS: TestConfigurationsOverrideDefault (0.01s)
=== RUN   TestDuplicateExternalGeneratorsForbidden
--- PASS: TestDuplicateExternalGeneratorsForbidden (0.09s)
=== RUN   TestDuplicateExternalTransformersForbidden
--- PASS: TestDuplicateExternalTransformersForbidden (0.01s)
=== RUN   TestGetAllVarsSimple
# Warning: 'vars' is deprecated. Please use 'replacements' instead. [EXPERIMENTAL] Run 'kustomize edit fix' to update your Kustomization automatically.
--- PASS: TestGetAllVarsSimple (0.00s)
=== RUN   TestGetAllVarsNested
# Warning: 'vars' is deprecated. Please use 'replacements' instead. [EXPERIMENTAL] Run 'kustomize edit fix' to update your Kustomization automatically.
# Warning: 'vars' is deprecated. Please use 'replacements' instead. [EXPERIMENTAL] Run 'kustomize edit fix' to update your Kustomization automatically.
# Warning: 'vars' is deprecated. Please use 'replacements' instead. [EXPERIMENTAL] Run 'kustomize edit fix' to update your Kustomization automatically.
--- PASS: TestGetAllVarsNested (0.01s)
=== RUN   TestVarCollisionsForbidden
# Warning: 'vars' is deprecated. Please use 'replacements' instead. [EXPERIMENTAL] Run 'kustomize edit fix' to update your Kustomization automatically.
# Warning: 'vars' is deprecated. Please use 'replacements' instead. [EXPERIMENTAL] Run 'kustomize edit fix' to update your Kustomization automatically.
# Warning: 'vars' is deprecated. Please use 'replacements' instead. [EXPERIMENTAL] Run 'kustomize edit fix' to update your Kustomization automatically.
--- PASS: TestVarCollisionsForbidden (0.01s)
PASS
ok  	sigs.k8s.io/kustomize/api/internal/target	1.034s
=== RUN   TestStringSliceIndex
--- PASS: TestStringSliceIndex (0.00s)
=== RUN   TestStringSliceContains
--- PASS: TestStringSliceContains (0.00s)
=== RUN   TestSameEndingSubarray
--- PASS: TestSameEndingSubarray (0.00s)
=== RUN   TestTimedCallFastNoError
--- PASS: TestTimedCallFastNoError (0.00s)
=== RUN   TestTimedCallFastWithError
--- PASS: TestTimedCallFastWithError (0.00s)
=== RUN   TestTimedCallSlowNoError
--- PASS: TestTimedCallSlowNoError (0.01s)
=== RUN   TestTimedCallSlowWithError
--- PASS: TestTimedCallSlowWithError (0.01s)
PASS
ok  	sigs.k8s.io/kustomize/api/internal/utils	(cached)
testing: warning: no tests to run
PASS
ok  	sigs.k8s.io/kustomize/api/internal/validate	(cached) [no tests to run]
=== RUN   TestDefaultAbsPluginHome_NoKustomizePluginHomeEnv
--- PASS: TestDefaultAbsPluginHome_NoKustomizePluginHomeEnv (0.00s)
=== RUN   TestDefaultAbsPluginHome_EmptyKustomizePluginHomeEnv
--- PASS: TestDefaultAbsPluginHome_EmptyKustomizePluginHomeEnv (0.00s)
=== RUN   TestDefaultAbsPluginHome_WithKustomizePluginHomeEnv
--- PASS: TestDefaultAbsPluginHome_WithKustomizePluginHomeEnv (0.00s)
=== RUN   TestDefaultAbsPluginHomeWithXdg
--- PASS: TestDefaultAbsPluginHomeWithXdg (0.00s)
=== RUN   TestDefaultAbsPluginHomeNoConfig
--- PASS: TestDefaultAbsPluginHomeNoConfig (0.00s)
=== RUN   TestDefaultAbsPluginHomeEmptyXdgConfig
--- PASS: TestDefaultAbsPluginHomeEmptyXdgConfig (0.00s)
=== RUN   TestDefaultAbsPluginHomeNoXdgWithDotConfig
--- PASS: TestDefaultAbsPluginHomeNoXdgWithDotConfig (0.00s)
=== RUN   TestDefaultAbsPluginHomeNoXdgJustHomeDir
--- PASS: TestDefaultAbsPluginHomeNoXdgJustHomeDir (0.00s)
PASS
ok  	sigs.k8s.io/kustomize/api/konfig	(cached)
?   	sigs.k8s.io/kustomize/api/konfig/builtinpluginconsts	[no test files]
=== RUN   TestTargetMustHaveKustomizationFile
--- PASS: TestTargetMustHaveKustomizationFile (0.00s)
=== RUN   TestTargetMustHaveOnlyOneKustomizationFile
--- PASS: TestTargetMustHaveOnlyOneKustomizationFile (0.00s)
=== RUN   TestBaseMustHaveKustomizationFile
--- PASS: TestBaseMustHaveKustomizationFile (0.00s)
=== RUN   TestResourceNotFound
--- PASS: TestResourceNotFound (0.00s)
=== RUN   TestResourceHasAnchor
--- PASS: TestResourceHasAnchor (0.00s)
=== RUN   TestMediumBase
--- PASS: TestMediumBase (0.01s)
=== RUN   TestMediumOverlay
# Warning: 'patchesStrategicMerge' is deprecated. Please use 'patches' instead. Run 'kustomize edit fix' to update your Kustomization automatically.
--- PASS: TestMediumOverlay (0.08s)
=== RUN   TestOrderPreserved
--- PASS: TestOrderPreserved (0.01s)
=== RUN   TestBaseInResourceList
--- PASS: TestBaseInResourceList (0.01s)
=== RUN   TestTinyOverlay
# Warning: 'patchesStrategicMerge' is deprecated. Please use 'patches' instead. Run 'kustomize edit fix' to update your Kustomization automatically.
--- PASS: TestTinyOverlay (0.01s)
=== RUN   TestSmallBase
--- PASS: TestSmallBase (0.01s)
=== RUN   TestSmallOverlay
# Warning: 'patchesStrategicMerge' is deprecated. Please use 'patches' instead. Run 'kustomize edit fix' to update your Kustomization automatically.
--- PASS: TestSmallOverlay (0.01s)
=== RUN   TestSharedPatchDisAllowed
# Warning: 'patchesStrategicMerge' is deprecated. Please use 'patches' instead. Run 'kustomize edit fix' to update your Kustomization automatically.
--- PASS: TestSharedPatchDisAllowed (0.01s)
=== RUN   TestSharedPatchAllowed
# Warning: 'patchesStrategicMerge' is deprecated. Please use 'patches' instead. Run 'kustomize edit fix' to update your Kustomization automatically.
--- PASS: TestSharedPatchAllowed (0.01s)
=== RUN   TestSmallOverlayJSONPatch
# Warning: 'patchesJson6902' is deprecated. Please use 'patches' instead. Run 'kustomize edit fix' to update your Kustomization automatically.
--- PASS: TestSmallOverlayJSONPatch (0.01s)
=== RUN   TestBaseReuseNameConflict
--- PASS: TestBaseReuseNameConflict (0.02s)
=== RUN   TestBasicIO_1
--- PASS: TestBasicIO_1 (0.00s)
=== RUN   TestBasicIO_2
--- PASS: TestBasicIO_2 (0.00s)
=== RUN   TestBasicIO3812
--- PASS: TestBasicIO3812 (0.00s)
=== RUN   TestBlankNamespace4240
--- PASS: TestBlankNamespace4240 (0.00s)
=== RUN   TestComplexComposition_Dev_Failure
# Warning: 'patchesJson6902' is deprecated. Please use 'patches' instead. Run 'kustomize edit fix' to update your Kustomization automatically.
# Warning: 'patchesStrategicMerge' is deprecated. Please use 'patches' instead. Run 'kustomize edit fix' to update your Kustomization automatically.
--- PASS: TestComplexComposition_Dev_Failure (0.01s)
=== RUN   TestComplexComposition_Dev_SuccessWithRawTransformers
--- PASS: TestComplexComposition_Dev_SuccessWithRawTransformers (0.01s)
=== RUN   TestComplexComposition_Dev_SuccessWithBaseTransformers
--- PASS: TestComplexComposition_Dev_SuccessWithBaseTransformers (0.02s)
=== RUN   TestComplexComposition_Prod_Failure
# Warning: 'patchesStrategicMerge' is deprecated. Please use 'patches' instead. Run 'kustomize edit fix' to update your Kustomization automatically.
# Warning: 'patchesStrategicMerge' is deprecated. Please use 'patches' instead. Run 'kustomize edit fix' to update your Kustomization automatically.
--- PASS: TestComplexComposition_Prod_Failure (0.01s)
=== RUN   TestComplexComposition_Prod_SuccessWithRawTransformers
--- PASS: TestComplexComposition_Prod_SuccessWithRawTransformers (0.01s)
=== RUN   TestComplexComposition_Prod_SuccessWithBaseTransformers
--- PASS: TestComplexComposition_Prod_SuccessWithBaseTransformers (0.02s)
=== RUN   TestComponent
=== RUN   TestComponent/nested-components
=== RUN   TestComponent/basic-component-with-repeated-base
=== RUN   TestComponent/applying-component-directly-should-be-same-as-kustomization
=== RUN   TestComponent/missing-optional-component-api-version
=== RUN   TestComponent/components-can-add-the-same-base-if-the-first-renames-resources
=== RUN   TestComponent/multiple-bases-can-add-the-same-component-if-it-doesn-not-define-named-entities
=== RUN   TestComponent/basic-component
=== RUN   TestComponent/multiple-components
--- PASS: TestComponent (0.10s)
    --- PASS: TestComponent/nested-components (0.01s)
    --- PASS: TestComponent/basic-component-with-repeated-base (0.02s)
    --- PASS: TestComponent/applying-component-directly-should-be-same-as-kustomization (0.01s)
    --- PASS: TestComponent/missing-optional-component-api-version (0.01s)
    --- PASS: TestComponent/components-can-add-the-same-base-if-the-first-renames-resources (0.01s)
    --- PASS: TestComponent/multiple-bases-can-add-the-same-component-if-it-doesn-not-define-named-entities (0.01s)
    --- PASS: TestComponent/basic-component (0.01s)
    --- PASS: TestComponent/multiple-components (0.02s)
=== RUN   TestComponentErrors
=== RUN   TestComponentErrors/components-cannot-add-the-same-resource
=== RUN   TestComponentErrors/components-cannot-add-the-same-base
=== RUN   TestComponentErrors/components-cannot-add-bases-containing-the-same-resource
=== RUN   TestComponentErrors/components-cannot-be-added-to-resources
=== RUN   TestComponentErrors/kustomizations-cannot-be-added-to-components
=== RUN   TestComponentErrors/files-cannot-be-added-to-components-list
=== RUN   TestComponentErrors/invalid-component-api-version
--- PASS: TestComponentErrors (0.04s)
    --- PASS: TestComponentErrors/components-cannot-add-the-same-resource (0.01s)
    --- PASS: TestComponentErrors/components-cannot-add-the-same-base (0.01s)
    --- PASS: TestComponentErrors/components-cannot-add-bases-containing-the-same-resource (0.01s)
    --- PASS: TestComponentErrors/components-cannot-be-added-to-resources (0.00s)
    --- PASS: TestComponentErrors/kustomizations-cannot-be-added-to-components (0.00s)
    --- PASS: TestComponentErrors/files-cannot-be-added-to-components-list (0.00s)
    --- PASS: TestComponentErrors/invalid-component-api-version (0.00s)
=== RUN   TestGeneratorIntVsStringNoMerge
--- PASS: TestGeneratorIntVsStringNoMerge (0.00s)
=== RUN   TestGeneratorIntVsStringWithMerge
--- PASS: TestGeneratorIntVsStringWithMerge (0.01s)
=== RUN   TestGeneratorFromProperties
--- PASS: TestGeneratorFromProperties (0.01s)
=== RUN   TestGeneratorBasics
--- PASS: TestGeneratorBasics (0.00s)
=== RUN   TestGeneratorRepeatsInKustomization
--- PASS: TestGeneratorRepeatsInKustomization (0.00s)
=== RUN   TestIssue3393
--- PASS: TestIssue3393 (0.00s)
=== RUN   TestGeneratorSimpleOverlay
--- PASS: TestGeneratorSimpleOverlay (0.01s)
=== RUN   TestGeneratorOverlaysBinaryData
--- PASS: TestGeneratorOverlaysBinaryData (0.01s)
=== RUN   TestGeneratorOverlays
--- PASS: TestGeneratorOverlays (0.02s)
=== RUN   TestConfigMapGeneratorMergeNamePrefix
--- PASS: TestConfigMapGeneratorMergeNamePrefix (0.02s)
=== RUN   TestConfigMapGeneratorLiteralNewline
--- PASS: TestConfigMapGeneratorLiteralNewline (0.00s)
=== RUN   TestDataEndsWithQuotes
--- PASS: TestDataEndsWithQuotes (0.00s)
=== RUN   TestCrdBase
--- PASS: TestCrdBase (0.01s)
=== RUN   TestCrdWithOverlay
# Warning: 'patchesStrategicMerge' is deprecated. Please use 'patches' instead. Run 'kustomize edit fix' to update your Kustomization automatically.
--- PASS: TestCrdWithOverlay (0.01s)
=== RUN   TestCrdWithContainers
--- PASS: TestCrdWithContainers (0.00s)
=== RUN   TestCustomConfig
# Warning: 'vars' is deprecated. Please use 'replacements' instead. [EXPERIMENTAL] Run 'kustomize edit fix' to update your Kustomization automatically.
--- PASS: TestCustomConfig (0.01s)
=== RUN   TestCustomConfigWithDefaultOverspecification
# Warning: 'vars' is deprecated. Please use 'replacements' instead. [EXPERIMENTAL] Run 'kustomize edit fix' to update your Kustomization automatically.
--- PASS: TestCustomConfigWithDefaultOverspecification (0.01s)
=== RUN   TestFixedBug605_BaseCustomizationAvailableInOverlay
# Warning: 'patchesStrategicMerge' is deprecated. Please use 'patches' instead. Run 'kustomize edit fix' to update your Kustomization automatically.
# Warning: 'vars' is deprecated. Please use 'replacements' instead. [EXPERIMENTAL] Run 'kustomize edit fix' to update your Kustomization automatically.
--- PASS: TestFixedBug605_BaseCustomizationAvailableInOverlay (0.02s)
=== RUN   TestCustomNamePrefixer
--- PASS: TestCustomNamePrefixer (0.00s)
=== RUN   TestReusableCustomTransformers
2023/04/06 12:16:13 compiler created: /Users/uta/ghq/github.com/yutaroyamanaka/kustomize/plugin/builtin/annotationstransformer/AnnotationsTransformer.so
2023/04/06 12:16:16 compiler created: /Users/uta/ghq/github.com/yutaroyamanaka/kustomize/plugin/builtin/labeltransformer/LabelTransformer.so
--- PASS: TestReusableCustomTransformers (5.99s)
=== RUN   TestIssue1251_CompositeDiamond_Failure
# Warning: 'patchesStrategicMerge' is deprecated. Please use 'patches' instead. Run 'kustomize edit fix' to update your Kustomization automatically.
# Warning: 'patchesStrategicMerge' is deprecated. Please use 'patches' instead. Run 'kustomize edit fix' to update your Kustomization automatically.
--- PASS: TestIssue1251_CompositeDiamond_Failure (0.02s)
=== RUN   TestIssue1251_Patches_Overlayed
# Warning: 'patchesStrategicMerge' is deprecated. Please use 'patches' instead. Run 'kustomize edit fix' to update your Kustomization automatically.
# Warning: 'patchesStrategicMerge' is deprecated. Please use 'patches' instead. Run 'kustomize edit fix' to update your Kustomization automatically.
# Warning: 'patchesStrategicMerge' is deprecated. Please use 'patches' instead. Run 'kustomize edit fix' to update your Kustomization automatically.
--- PASS: TestIssue1251_Patches_Overlayed (0.01s)
=== RUN   TestIssue1251_Patches_Local
# Warning: 'patchesStrategicMerge' is deprecated. Please use 'patches' instead. Run 'kustomize edit fix' to update your Kustomization automatically.
--- PASS: TestIssue1251_Patches_Local (0.01s)
=== RUN   TestIssue1251_Patches_ProdVsDev_Failure
# Warning: 'patchesStrategicMerge' is deprecated. Please use 'patches' instead. Run 'kustomize edit fix' to update your Kustomization automatically.
--- PASS: TestIssue1251_Patches_ProdVsDev_Failure (0.01s)
=== RUN   TestIssue1251_Patches_ProdVsDev
# Warning: 'patchesStrategicMerge' is deprecated. Please use 'patches' instead. Run 'kustomize edit fix' to update your Kustomization automatically.
# Warning: 'patchesStrategicMerge' is deprecated. Please use 'patches' instead. Run 'kustomize edit fix' to update your Kustomization automatically.
--- PASS: TestIssue1251_Patches_ProdVsDev (0.01s)
=== RUN   TestIssue1251_Plugins_ProdVsDev
2023/04/06 12:16:19 compiler created: /Users/uta/ghq/github.com/yutaroyamanaka/kustomize/plugin/builtin/patchjson6902transformer/PatchJson6902Transformer.so
--- PASS: TestIssue1251_Plugins_ProdVsDev (3.11s)
=== RUN   TestIssue1251_Plugins_Local
2023/04/06 12:16:22 compiler created: /Users/uta/ghq/github.com/yutaroyamanaka/kustomize/plugin/builtin/patchjson6902transformer/PatchJson6902Transformer.so
--- PASS: TestIssue1251_Plugins_Local (2.97s)
=== RUN   TestIssue1251_Plugins_Bundled
2023/04/06 12:16:24 compiler created: /Users/uta/ghq/github.com/yutaroyamanaka/kustomize/plugin/builtin/patchjson6902transformer/PatchJson6902Transformer.so
--- PASS: TestIssue1251_Plugins_Bundled (2.80s)
=== RUN   TestConfMapNameResolutionInDiamondWithPatches
--- PASS: TestConfMapNameResolutionInDiamondWithPatches (0.03s)
=== RUN   TestBasicDiamond
# Warning: 'patchesStrategicMerge' is deprecated. Please use 'patches' instead. Run 'kustomize edit fix' to update your Kustomization automatically.
# Warning: 'patchesStrategicMerge' is deprecated. Please use 'patches' instead. Run 'kustomize edit fix' to update your Kustomization automatically.
# Warning: 'patchesStrategicMerge' is deprecated. Please use 'patches' instead. Run 'kustomize edit fix' to update your Kustomization automatically.
# Warning: 'patchesStrategicMerge' is deprecated. Please use 'patches' instead. Run 'kustomize edit fix' to update your Kustomization automatically.
# Warning: 'patchesStrategicMerge' is deprecated. Please use 'patches' instead. Run 'kustomize edit fix' to update your Kustomization automatically.
--- PASS: TestBasicDiamond (0.03s)
=== RUN   TestIssue596AllowDirectoriesThatAreSubstringsOfEachOther
--- PASS: TestIssue596AllowDirectoriesThatAreSubstringsOfEachOther (0.01s)
=== RUN   TestDisableNameSuffixHash
# Warning: 'patchesJson6902' is deprecated. Please use 'patches' instead. Run 'kustomize edit fix' to update your Kustomization automatically.
# Warning: 'patchesJson6902' is deprecated. Please use 'patches' instead. Run 'kustomize edit fix' to update your Kustomization automatically.
--- PASS: TestDisableNameSuffixHash (0.01s)
=== RUN   TestDisableNameSuffixHashPerObject
--- PASS: TestDisableNameSuffixHashPerObject (0.00s)
=== RUN   TestDuplicateKeys
--- PASS: TestDuplicateKeys (0.00s)
=== RUN   TestExtendedPatchNameSelector
--- PASS: TestExtendedPatchNameSelector (0.01s)
=== RUN   TestExtendedPatchGvkSelector
--- PASS: TestExtendedPatchGvkSelector (0.01s)
=== RUN   TestExtendedPatchLabelSelector
--- PASS: TestExtendedPatchLabelSelector (0.00s)
=== RUN   TestExtendedPatchNameGvkSelector
--- PASS: TestExtendedPatchNameGvkSelector (0.00s)
=== RUN   TestExtendedPatchNameLabelSelector
--- PASS: TestExtendedPatchNameLabelSelector (0.01s)
=== RUN   TestExtendedPatchGvkLabelSelector
--- PASS: TestExtendedPatchGvkLabelSelector (0.00s)
=== RUN   TestExtendedPatchNameGvkLabelSelector
--- PASS: TestExtendedPatchNameGvkLabelSelector (0.00s)
=== RUN   TestExtendedPatchNoMatch
--- PASS: TestExtendedPatchNoMatch (0.00s)
=== RUN   TestExtendedPatchWithoutTarget
--- PASS: TestExtendedPatchWithoutTarget (0.00s)
=== RUN   TestExtendedPatchNoMatchMultiplePatch
--- PASS: TestExtendedPatchNoMatchMultiplePatch (0.00s)
=== RUN   TestExtendedPatchMultiplePatchOverlapping
--- PASS: TestExtendedPatchMultiplePatchOverlapping (0.01s)
=== RUN   TestFnExecGeneratorInBase
--- PASS: TestFnExecGeneratorInBase (0.23s)
=== RUN   TestFnExecGeneratorInBaseWithOverlay
--- PASS: TestFnExecGeneratorInBaseWithOverlay (0.06s)
=== RUN   TestFnExecGeneratorInOverlay
--- PASS: TestFnExecGeneratorInOverlay (0.05s)
=== RUN   TestFnExecTransformerInBase
--- PASS: TestFnExecTransformerInBase (0.40s)
=== RUN   TestFnExecTransformerInBaseWithOverlay
--- PASS: TestFnExecTransformerInBaseWithOverlay (0.06s)
=== RUN   TestFnExecTransformerInOverlay
--- PASS: TestFnExecTransformerInOverlay (0.10s)
=== RUN   TestFnContainerGenerator
    fnplugin_test.go:507: wait for #3881
--- SKIP: TestFnContainerGenerator (0.00s)
=== RUN   TestFnContainerTransformer
    fnplugin_test.go:717: wait for #3881
--- SKIP: TestFnContainerTransformer (0.00s)
=== RUN   TestFnContainerTransformerWithConfig
--- PASS: TestFnContainerTransformerWithConfig (0.92s)
=== RUN   TestFnContainerEnvVars
--- PASS: TestFnContainerEnvVars (0.51s)
=== RUN   TestFnContainerFnMounts
--- PASS: TestFnContainerFnMounts (1.56s)
=== RUN   TestFnContainerMountsLoadRestrictions_absolute
--- PASS: TestFnContainerMountsLoadRestrictions_absolute (0.01s)
=== RUN   TestFnContainerMountsLoadRestrictions_outsideCurrentDir
--- PASS: TestFnContainerMountsLoadRestrictions_outsideCurrentDir (0.00s)
=== RUN   TestFnContainerMountsLoadRestrictions_root
--- PASS: TestFnContainerMountsLoadRestrictions_root (0.00s)
=== RUN   TestFnExecValidator
    harness.go:100: couldn't execute function: fork/exec ./validator.sh: exec format error 
--- FAIL: TestFnExecValidator (0.01s)
=== RUN   TestFnContainerValidator
hellohello--- PASS: TestFnContainerValidator (0.55s)
=== RUN   TestSimpleBase
--- PASS: TestSimpleBase (0.01s)
=== RUN   TestBaseWithGeneratorsAlone
--- PASS: TestBaseWithGeneratorsAlone (0.01s)
=== RUN   TestMergeAndReplaceGenerators
# Warning: 'patchesStrategicMerge' is deprecated. Please use 'patches' instead. Run 'kustomize edit fix' to update your Kustomization automatically.
--- PASS: TestMergeAndReplaceGenerators (0.01s)
=== RUN   TestMergeAndReplaceDisableNameSuffixHashGenerators
# Warning: 'patchesStrategicMerge' is deprecated. Please use 'patches' instead. Run 'kustomize edit fix' to update your Kustomization automatically.
--- PASS: TestMergeAndReplaceDisableNameSuffixHashGenerators (0.01s)
=== RUN   TestGeneratingIntoNamespaces
--- PASS: TestGeneratingIntoNamespaces (0.00s)
=== RUN   TestConfigMapGeneratingIntoSameNamespace
--- PASS: TestConfigMapGeneratingIntoSameNamespace (0.00s)
=== RUN   TestSecretGeneratingIntoSameNamespace
--- PASS: TestSecretGeneratingIntoSameNamespace (0.00s)
=== RUN   TestSecretGenerator
--- PASS: TestSecretGenerator (0.00s)
=== RUN   TestGeneratorOptionsWithBases
--- PASS: TestGeneratorOptionsWithBases (0.01s)
=== RUN   TestGeneratorOptionsOverlayDisableNameSuffixHash
--- PASS: TestGeneratorOptionsOverlayDisableNameSuffixHash (0.01s)
=== RUN   TestKeepOriginalGVKN
--- PASS: TestKeepOriginalGVKN (0.00s)
=== RUN   TestChangeName
--- PASS: TestChangeName (0.00s)
=== RUN   TestChangeKind
--- PASS: TestChangeKind (0.00s)
=== RUN   TestChangeNameAndKind
--- PASS: TestChangeNameAndKind (0.00s)
=== RUN   TestPatchOriginalName
# Warning: 'patchesStrategicMerge' is deprecated. Please use 'patches' instead. Run 'kustomize edit fix' to update your Kustomization automatically.
--- PASS: TestPatchOriginalName (0.01s)
=== RUN   TestPatchNewName
# Warning: 'patchesStrategicMerge' is deprecated. Please use 'patches' instead. Run 'kustomize edit fix' to update your Kustomization automatically.
--- PASS: TestPatchNewName (0.01s)
=== RUN   TestPatchOriginalNameAndKind
# Warning: 'patchesStrategicMerge' is deprecated. Please use 'patches' instead. Run 'kustomize edit fix' to update your Kustomization automatically.
--- PASS: TestPatchOriginalNameAndKind (0.01s)
=== RUN   TestPatchNewNameAndKind
# Warning: 'patchesStrategicMerge' is deprecated. Please use 'patches' instead. Run 'kustomize edit fix' to update your Kustomization automatically.
--- PASS: TestPatchNewNameAndKind (0.01s)
=== RUN   TestPatchOriginalNameAndNewKind
# Warning: 'patchesStrategicMerge' is deprecated. Please use 'patches' instead. Run 'kustomize edit fix' to update your Kustomization automatically.
--- PASS: TestPatchOriginalNameAndNewKind (0.01s)
=== RUN   TestBaseReuseNameAndKindConflict
--- PASS: TestBaseReuseNameAndKindConflict (0.02s)
=== RUN   TestNameReferenceAfterGvknChange
--- PASS: TestNameReferenceAfterGvknChange (0.00s)
=== RUN   TestNameReferenceAfterJsonPatch
--- PASS: TestNameReferenceAfterJsonPatch (0.00s)
=== RUN   TestNameReferenceAfterJsonPatchConfigMapGenerator
--- PASS: TestNameReferenceAfterJsonPatchConfigMapGenerator (0.00s)
=== RUN   TestHelmChartInflationGeneratorOld
    helmchartinflationgenerator_test.go:53: skipping: exec: "helmV3": executable file not found in $PATH
--- SKIP: TestHelmChartInflationGeneratorOld (0.00s)
=== RUN   TestHelmChartInflationGenerator
    helmchartinflationgenerator_test.go:72: skipping: exec: "helmV3": executable file not found in $PATH
--- SKIP: TestHelmChartInflationGenerator (0.00s)
=== RUN   TestHelmChartProdVsDev
    helmchartinflationgenerator_test.go:93: skipping: exec: "helmV3": executable file not found in $PATH
--- SKIP: TestHelmChartProdVsDev (0.00s)
=== RUN   TestHelmChartInflationGeneratorMultipleValuesFiles
    helmchartinflationgenerator_test.go:244: skipping: exec: "helmV3": executable file not found in $PATH
--- SKIP: TestHelmChartInflationGeneratorMultipleValuesFiles (0.00s)
=== RUN   TestHelmChartInflationGeneratorApiVersions
    helmchartinflationgenerator_test.go:292: skipping: exec: "helmV3": executable file not found in $PATH
--- SKIP: TestHelmChartInflationGeneratorApiVersions (0.00s)
=== RUN   TestHelmChartInflationGeneratorSkipTests
    helmchartinflationgenerator_test.go:339: skipping: exec: "helmV3": executable file not found in $PATH
--- SKIP: TestHelmChartInflationGeneratorSkipTests (0.00s)
=== RUN   TestHelmChartInflationGeneratorNameTemplate
    helmchartinflationgenerator_test.go:378: skipping: exec: "helmV3": executable file not found in $PATH
--- SKIP: TestHelmChartInflationGeneratorNameTemplate (0.00s)
=== RUN   TestGkeGenerator
--- PASS: TestGkeGenerator (0.00s)
=== RUN   TestGkeGeneratorWithNamespace
--- PASS: TestGkeGeneratorWithNamespace (0.00s)
=== RUN   TestGkeGeneratorWithTwo
--- PASS: TestGkeGeneratorWithTwo (0.00s)
=== RUN   TestKustomizationLabels
--- PASS: TestKustomizationLabels (0.00s)
=== RUN   TestKustomizationLabelsInDeploymentTemplate
--- PASS: TestKustomizationLabelsInDeploymentTemplate (0.00s)
=== RUN   TestKustomizationLabelsInTemplateWhenLabelsIsNil
--- PASS: TestKustomizationLabelsInTemplateWhenLabelsIsNil (0.00s)
=== RUN   TestKustomizationLabelsDoesNotCreateInvalidTemplatePaths
--- PASS: TestKustomizationLabelsDoesNotCreateInvalidTemplatePaths (0.01s)
=== RUN   TestKustomizationLabelsInDaemonSetTemplate
--- PASS: TestKustomizationLabelsInDaemonSetTemplate (0.00s)
=== RUN   TestKustomizationLabelsInStatefulSetTemplate
--- PASS: TestKustomizationLabelsInStatefulSetTemplate (0.00s)
=== RUN   TestKustomizationLabelsInCronJobTemplate
--- PASS: TestKustomizationLabelsInCronJobTemplate (0.00s)
=== RUN   TestKustomizationLabelsInJobTemplate
--- PASS: TestKustomizationLabelsInJobTemplate (0.00s)
=== RUN   TestStrategicMergePatchInline
# Warning: 'patchesStrategicMerge' is deprecated. Please use 'patches' instead. Run 'kustomize edit fix' to update your Kustomization automatically.
--- PASS: TestStrategicMergePatchInline (0.00s)
=== RUN   TestJSONPatchInline
# Warning: 'patchesJson6902' is deprecated. Please use 'patches' instead. Run 'kustomize edit fix' to update your Kustomization automatically.
--- PASS: TestJSONPatchInline (0.00s)
=== RUN   TestExtendedPatchInlineJSON
--- PASS: TestExtendedPatchInlineJSON (0.00s)
=== RUN   TestExtendedPatchInlineYAML
--- PASS: TestExtendedPatchInlineYAML (0.00s)
=== RUN   TestPathWithCronJobV1
--- PASS: TestPathWithCronJobV1 (0.00s)
=== RUN   TestInlineTransformer
--- PASS: TestInlineTransformer (0.00s)
=== RUN   TestInlineGenerator
--- PASS: TestInlineGenerator (0.00s)
=== RUN   TestIntermediateName
# Warning: 'patchesStrategicMerge' is deprecated. Please use 'patches' instead. Run 'kustomize edit fix' to update your Kustomization automatically.
--- PASS: TestIntermediateName (0.01s)
=== RUN   TestIntermediateNameSameNameDifferentLayer
# Warning: 'patchesStrategicMerge' is deprecated. Please use 'patches' instead. Run 'kustomize edit fix' to update your Kustomization automatically.
--- PASS: TestIntermediateNameSameNameDifferentLayer (0.01s)
=== RUN   TestIntermediateNameAmbiguous
# Warning: 'patchesStrategicMerge' is deprecated. Please use 'patches' instead. Run 'kustomize edit fix' to update your Kustomization automatically.
--- PASS: TestIntermediateNameAmbiguous (0.01s)
=== RUN   TestIntermediateNameSecretKeyRefDiamond
# Warning: 'vars' is deprecated. Please use 'replacements' instead. [EXPERIMENTAL] Run 'kustomize edit fix' to update your Kustomization automatically.
# Warning: 'vars' is deprecated. Please use 'replacements' instead. [EXPERIMENTAL] Run 'kustomize edit fix' to update your Kustomization automatically.
--- PASS: TestIntermediateNameSecretKeyRefDiamond (0.02s)
=== RUN   TestIssue2896Base
--- PASS: TestIssue2896Base (0.00s)
=== RUN   TestIssue2896Overlay
--- PASS: TestIssue2896Overlay (0.01s)
=== RUN   TestIssue3377
# Warning: 'patchesJson6902' is deprecated. Please use 'patches' instead. Run 'kustomize edit fix' to update your Kustomization automatically.
# Warning: 'vars' is deprecated. Please use 'replacements' instead. [EXPERIMENTAL] Run 'kustomize edit fix' to update your Kustomization automatically.
--- PASS: TestIssue3377 (0.01s)
=== RUN   TestKeepEmptyArray
--- PASS: TestKeepEmptyArray (0.00s)
=== RUN   TestKustomizationMetadata
--- PASS: TestKustomizationMetadata (0.00s)
=== RUN   TestEmptyFileSystem
--- PASS: TestEmptyFileSystem (0.00s)
=== RUN   TestIssue4388
--- PASS: TestIssue4388 (0.00s)
=== RUN   TestLegacyPrefixSuffixTransformer
--- PASS: TestLegacyPrefixSuffixTransformer (0.00s)
=== RUN   TestSKipLocalConfigAfterTransform
--- PASS: TestSKipLocalConfigAfterTransform (0.00s)
=== RUN   TestAddManagedbyLabel
===== ACTUAL BEGIN ========================================
apiVersion: v1
kind: Service
metadata:
  labels:
    app.kubernetes.io/managed-by: kustomize-(devel)
  name: myService
spec:
  ports:
  - port: 7002
===== ACTUAL END ==========================================
   EXPECTED                                               ACTUAL
   --------                                               ------
   apiVersion: v1                                         apiVersion: v1
   kind: Service                                          kind: Service
   metadata:                                              metadata:
     labels:                                                labels:
X      app.kubernetes.io/managed-by: kustomize-(test)         app.kubernetes.io/managed-by: kustomize-(devel)
     name: myService                                        name: myService
   spec:                                                  spec:
     ports:                                                 ports:
     - port: 7002                                           - port: 7002
    hasgett.go:22: Expected not equal to actual
--- FAIL: TestAddManagedbyLabel (0.00s)
=== RUN   TestMergeEnvFrom
# Warning: 'patchesStrategicMerge' is deprecated. Please use 'patches' instead. Run 'kustomize edit fix' to update your Kustomization automatically.
--- PASS: TestMergeEnvFrom (0.00s)
=== RUN   TestMergeEnvFromViaJsonInline
--- PASS: TestMergeEnvFromViaJsonInline (0.00s)
=== RUN   TestMultibyteCharInConfigMap
--- PASS: TestMultibyteCharInConfigMap (0.00s)
=== RUN   TestPatchesInOneFile
# Warning: 'patchesStrategicMerge' is deprecated. Please use 'patches' instead. Run 'kustomize edit fix' to update your Kustomization automatically.
# Warning: 'patchesStrategicMerge' is deprecated. Please use 'patches' instead. Run 'kustomize edit fix' to update your Kustomization automatically.
--- PASS: TestPatchesInOneFile (0.03s)
=== RUN   TestRemoveEmptyDirWithNullFieldInSmp
# Warning: 'patchesStrategicMerge' is deprecated. Please use 'patches' instead. Run 'kustomize edit fix' to update your Kustomization automatically.
--- PASS: TestRemoveEmptyDirWithNullFieldInSmp (0.00s)
=== RUN   TestRemoveEmptyDirAddPersistentDisk
# Warning: 'patchesStrategicMerge' is deprecated. Please use 'patches' instead. Run 'kustomize edit fix' to update your Kustomization automatically.
--- PASS: TestRemoveEmptyDirAddPersistentDisk (0.00s)
=== RUN   TestVolumeRemoveEmptyDirInOverlay
# Warning: 'patchesStrategicMerge' is deprecated. Please use 'patches' instead. Run 'kustomize edit fix' to update your Kustomization automatically.
--- PASS: TestVolumeRemoveEmptyDirInOverlay (0.01s)
=== RUN   TestRemoveEmptyDirWithPatchesAtSameLevel
# Warning: 'patchesStrategicMerge' is deprecated. Please use 'patches' instead. Run 'kustomize edit fix' to update your Kustomization automatically.
--- PASS: TestRemoveEmptyDirWithPatchesAtSameLevel (0.01s)
=== RUN   TestSimpleMultiplePatches
# Warning: 'patchesStrategicMerge' is deprecated. Please use 'patches' instead. Run 'kustomize edit fix' to update your Kustomization automatically.
--- PASS: TestSimpleMultiplePatches (0.01s)
=== RUN   TestMultiplePatchesNoConflict
# Warning: 'patchesStrategicMerge' is deprecated. Please use 'patches' instead. Run 'kustomize edit fix' to update your Kustomization automatically.
--- PASS: TestMultiplePatchesNoConflict (0.01s)
=== RUN   TestNonCommutablePatches
# Warning: 'patchesStrategicMerge' is deprecated. Please use 'patches' instead. Run 'kustomize edit fix' to update your Kustomization automatically.
--- PASS: TestNonCommutablePatches (0.01s)
=== RUN   TestMultiplePatchesWithOnePatchDeleteDirective
=== RUN   TestMultiplePatchesWithOnePatchDeleteDirective/Patch_with_delete_directive_second
# Warning: 'patchesStrategicMerge' is deprecated. Please use 'patches' instead. Run 'kustomize edit fix' to update your Kustomization automatically.
=== RUN   TestMultiplePatchesWithOnePatchDeleteDirective/Patch_with_delete_directive_first
# Warning: 'patchesStrategicMerge' is deprecated. Please use 'patches' instead. Run 'kustomize edit fix' to update your Kustomization automatically.
--- PASS: TestMultiplePatchesWithOnePatchDeleteDirective (0.02s)
    --- PASS: TestMultiplePatchesWithOnePatchDeleteDirective/Patch_with_delete_directive_second (0.01s)
    --- PASS: TestMultiplePatchesWithOnePatchDeleteDirective/Patch_with_delete_directive_first (0.01s)
=== RUN   TestMultiplePatchesBothWithPatchDeleteDirective
# Warning: 'patchesStrategicMerge' is deprecated. Please use 'patches' instead. Run 'kustomize edit fix' to update your Kustomization automatically.
--- PASS: TestMultiplePatchesBothWithPatchDeleteDirective (0.01s)
=== RUN   TestSmpWithDifferentKeysOnDifferentPorts
--- PASS: TestSmpWithDifferentKeysOnDifferentPorts (0.00s)
=== RUN   TestSmpDeleteOnResource
--- PASS: TestSmpDeleteOnResource (0.00s)
=== RUN   TestPatchPortHasNoProtocol
# Warning: 'patchesStrategicMerge' is deprecated. Please use 'patches' instead. Run 'kustomize edit fix' to update your Kustomization automatically.
--- PASS: TestPatchPortHasNoProtocol (0.00s)
=== RUN   TestPatchAddNewServicePort
# Warning: 'patchesStrategicMerge' is deprecated. Please use 'patches' instead. Run 'kustomize edit fix' to update your Kustomization automatically.
--- PASS: TestPatchAddNewServicePort (0.00s)
=== RUN   TestPatchPreservesInternalAnnotations
# Warning: 'patchesJson6902' is deprecated. Please use 'patches' instead. Run 'kustomize edit fix' to update your Kustomization automatically.
--- PASS: TestPatchPreservesInternalAnnotations (0.00s)
=== RUN   TestNamedspacedServiceAccountsWithOverlap
--- PASS: TestNamedspacedServiceAccountsWithOverlap (0.01s)
=== RUN   TestNamePrefixSuffixPatch
--- PASS: TestNamePrefixSuffixPatch (0.01s)
=== RUN   TestIssue3489Simplified
--- PASS: TestIssue3489Simplified (0.01s)
=== RUN   TestIssue3489
--- PASS: TestIssue3489 (0.02s)
=== RUN   TestEmptyFieldSpecValue
--- PASS: TestEmptyFieldSpecValue (0.00s)
=== RUN   TestUnrelatedNameReferenceReplacement_Issue4254_Issue3418
--- PASS: TestUnrelatedNameReferenceReplacement_Issue4254_Issue3418 (0.00s)
=== RUN   TestIssue4682_NameReferencesToSelfInAnnotations
--- PASS: TestIssue4682_NameReferencesToSelfInAnnotations (0.00s)
=== RUN   TestIssue4884_UseLocalConfigAsNameRefSource
--- PASS: TestIssue4884_UseLocalConfigAsNameRefSource (0.00s)
=== RUN   TestNamespacedGenerator
--- PASS: TestNamespacedGenerator (0.00s)
=== RUN   TestNamespacedGeneratorWithOverlays
--- PASS: TestNamespacedGeneratorWithOverlays (0.01s)
=== RUN   TestNamespacedSecrets
--- PASS: TestNamespacedSecrets (0.00s)
=== RUN   TestNameReferenceDeploymentIssue3489
--- PASS: TestNameReferenceDeploymentIssue3489 (0.02s)
=== RUN   TestNameAndNsTransformation
--- PASS: TestNameAndNsTransformation (0.01s)
=== RUN   TestVariablesAmbiguous
# Warning: 'vars' is deprecated. Please use 'replacements' instead. [EXPERIMENTAL] Run 'kustomize edit fix' to update your Kustomization automatically.
--- PASS: TestVariablesAmbiguous (0.00s)
=== RUN   TestVariablesAmbiguousWorkaround
# Warning: 'vars' is deprecated. Please use 'replacements' instead. [EXPERIMENTAL] Run 'kustomize edit fix' to update your Kustomization automatically.
# Warning: 'vars' is deprecated. Please use 'replacements' instead. [EXPERIMENTAL] Run 'kustomize edit fix' to update your Kustomization automatically.
--- PASS: TestVariablesAmbiguousWorkaround (0.01s)
=== RUN   TestVariablesDisambiguatedWithNamespace
# Warning: 'vars' is deprecated. Please use 'replacements' instead. [EXPERIMENTAL] Run 'kustomize edit fix' to update your Kustomization automatically.
--- PASS: TestVariablesDisambiguatedWithNamespace (0.00s)
=== RUN   TestAddNamePrefixWithNamespace
--- PASS: TestAddNamePrefixWithNamespace (0.00s)
=== RUN   TestNameUpdateInRoleRef
--- PASS: TestNameUpdateInRoleRef (0.00s)
=== RUN   TestNameUpdateInRoleRef2
--- PASS: TestNameUpdateInRoleRef2 (0.00s)
=== RUN   TestNullValues1
--- PASS: TestNullValues1 (0.00s)
=== RUN   TestNullValues2
--- PASS: TestNullValues2 (0.00s)
=== RUN   TestNumericCommonLabels
--- PASS: TestNumericCommonLabels (0.00s)
=== RUN   TestCustomOpenApiFieldBasicUsage
# Warning: 'patchesStrategicMerge' is deprecated. Please use 'patches' instead. Run 'kustomize edit fix' to update your Kustomization automatically.
--- PASS: TestCustomOpenApiFieldBasicUsage (0.00s)
=== RUN   TestCustomOpenApiFieldBasicUsageWithRemoteSchema
# Warning: 'patchesStrategicMerge' is deprecated. Please use 'patches' instead. Run 'kustomize edit fix' to update your Kustomization automatically.
--- PASS: TestCustomOpenApiFieldBasicUsageWithRemoteSchema (0.67s)
=== RUN   TestCustomOpenApiFieldWithTwoGvks
# Warning: 'patchesStrategicMerge' is deprecated. Please use 'patches' instead. Run 'kustomize edit fix' to update your Kustomization automatically.
--- PASS: TestCustomOpenApiFieldWithTwoGvks (0.01s)
=== RUN   TestCustomOpenApiFieldYaml
# Warning: 'patchesStrategicMerge' is deprecated. Please use 'patches' instead. Run 'kustomize edit fix' to update your Kustomization automatically.
--- PASS: TestCustomOpenApiFieldYaml (0.01s)
=== RUN   TestCustomOpenApiFieldBothPathAndVersion
# Warning: 'patchesStrategicMerge' is deprecated. Please use 'patches' instead. Run 'kustomize edit fix' to update your Kustomization automatically.
--- PASS: TestCustomOpenApiFieldBothPathAndVersion (0.00s)
=== RUN   TestCustomOpenApiFieldFileNotFound
# Warning: 'patchesStrategicMerge' is deprecated. Please use 'patches' instead. Run 'kustomize edit fix' to update your Kustomization automatically.
--- PASS: TestCustomOpenApiFieldFileNotFound (0.00s)
=== RUN   TestCustomOpenApiFieldFromBase
# Warning: 'patchesStrategicMerge' is deprecated. Please use 'patches' instead. Run 'kustomize edit fix' to update your Kustomization automatically.
--- PASS: TestCustomOpenApiFieldFromBase (0.01s)
=== RUN   TestCustomOpenApiFieldFromBaseWithRemoteSchema
# Warning: 'patchesStrategicMerge' is deprecated. Please use 'patches' instead. Run 'kustomize edit fix' to update your Kustomization automatically.
--- PASS: TestCustomOpenApiFieldFromBaseWithRemoteSchema (0.03s)
=== RUN   TestCustomOpenApiFieldFromOverlay
# Warning: 'patchesStrategicMerge' is deprecated. Please use 'patches' instead. Run 'kustomize edit fix' to update your Kustomization automatically.
--- PASS: TestCustomOpenApiFieldFromOverlay (0.01s)
=== RUN   TestCustomOpenApiFieldFromOverlayWithRemoteSchema
# Warning: 'patchesStrategicMerge' is deprecated. Please use 'patches' instead. Run 'kustomize edit fix' to update your Kustomization automatically.
--- PASS: TestCustomOpenApiFieldFromOverlayWithRemoteSchema (0.03s)
=== RUN   TestCustomOpenApiFieldOverlayTakesPrecedence
# Warning: 'patchesStrategicMerge' is deprecated. Please use 'patches' instead. Run 'kustomize edit fix' to update your Kustomization automatically.
--- PASS: TestCustomOpenApiFieldOverlayTakesPrecedence (0.06s)
=== RUN   TestCustomOpenApiFieldFromComponent
--- PASS: TestCustomOpenApiFieldFromComponent (0.06s)
=== RUN   TestCustomOpenApiFieldFromComponentWithOverlays
# Warning: 'patchesStrategicMerge' is deprecated. Please use 'patches' instead. Run 'kustomize edit fix' to update your Kustomization automatically.
--- PASS: TestCustomOpenApiFieldFromComponentWithOverlays (0.06s)
=== RUN   TestCustomOpenApiFieldVersion
--- PASS: TestCustomOpenApiFieldVersion (0.00s)
=== RUN   TestCustomOpenApiFieldNotBuiltin
--- PASS: TestCustomOpenApiFieldNotBuiltin (0.00s)
=== RUN   TestCustomOpenApiFieldDefaultVersion
--- PASS: TestCustomOpenApiFieldDefaultVersion (0.00s)
=== RUN   TestAnnoOriginLocalFiles
--- PASS: TestAnnoOriginLocalFiles (0.00s)
=== RUN   TestAnnoOriginLocalFilesWithOverlay
--- PASS: TestAnnoOriginLocalFilesWithOverlay (0.05s)
=== RUN   TestGeneratorWithAnnoOrigin
--- PASS: TestGeneratorWithAnnoOrigin (0.00s)
=== RUN   TestAnnoOriginLocalBuiltinGenerator
--- PASS: TestAnnoOriginLocalBuiltinGenerator (0.00s)
=== RUN   TestAnnoOriginConfigMapGeneratorMerge
--- PASS: TestAnnoOriginConfigMapGeneratorMerge (0.01s)
=== RUN   TestAnnoOriginConfigMapGeneratorReplace
--- PASS: TestAnnoOriginConfigMapGeneratorReplace (0.01s)
=== RUN   TestAnnoOriginCustomExecGenerator
--- PASS: TestAnnoOriginCustomExecGenerator (0.05s)
=== RUN   TestAnnoOriginCustomInlineExecGenerator
--- PASS: TestAnnoOriginCustomInlineExecGenerator (0.06s)
=== RUN   TestAnnoOriginCustomExecGeneratorWithOverlay
--- PASS: TestAnnoOriginCustomExecGeneratorWithOverlay (0.06s)
=== RUN   TestAnnoOriginCustomInlineExecGeneratorWithOverlay
--- PASS: TestAnnoOriginCustomInlineExecGeneratorWithOverlay (0.06s)
=== RUN   TestAnnoOriginRemoteBuiltinGenerator
--- PASS: TestAnnoOriginRemoteBuiltinGenerator (3.34s)
=== RUN   TestAnnoOriginInlineBuiltinGenerator
--- PASS: TestAnnoOriginInlineBuiltinGenerator (0.00s)
=== RUN   TestAnnoOriginGeneratorFromFile
--- PASS: TestAnnoOriginGeneratorFromFile (0.00s)
=== RUN   TestAnnoOriginBuiltinGeneratorFromFileWithOverlay
--- PASS: TestAnnoOriginBuiltinGeneratorFromFileWithOverlay (0.01s)
=== RUN   TestAnnoOriginGeneratorInTransformersField
--- PASS: TestAnnoOriginGeneratorInTransformersField (0.05s)
=== RUN   TestAnnoOriginGeneratorInTransformersFieldWithOverlay
--- PASS: TestAnnoOriginGeneratorInTransformersFieldWithOverlay (0.06s)
=== RUN   TestPatchDeleteOfNotExistingAttributesShouldNotAddExtraElements
--- PASS: TestPatchDeleteOfNotExistingAttributesShouldNotAddExtraElements (0.01s)
=== RUN   TestPluginEnvironment
--- PASS: TestPluginEnvironment (0.02s)
=== RUN   TestPodDisruptionBudgetBasics
--- PASS: TestPodDisruptionBudgetBasics (0.00s)
=== RUN   TestPodDisruptionBudgetMerging
--- PASS: TestPodDisruptionBudgetMerging (0.00s)
=== RUN   TestRemoteLoad_LocalProtocol
=== RUN   TestRemoteLoad_LocalProtocol/simple
=== RUN   TestRemoteLoad_LocalProtocol/without_git_suffix
=== RUN   TestRemoteLoad_LocalProtocol/has_path
=== RUN   TestRemoteLoad_LocalProtocol/has_path_without_git_suffix
=== RUN   TestRemoteLoad_LocalProtocol/has_ref
=== RUN   TestRemoteLoad_LocalProtocol/has_version
=== RUN   TestRemoteLoad_LocalProtocol/has_submodule
=== RUN   TestRemoteLoad_LocalProtocol/has_timeout
=== RUN   TestRemoteLoad_LocalProtocol/has_submodule_but_not_initialized
=== RUN   TestRemoteLoad_LocalProtocol/has_origin_annotation
=== RUN   TestRemoteLoad_LocalProtocol/has_ref_path_timeout_and_origin_annotation
=== RUN   TestRemoteLoad_LocalProtocol/repo_does_not_exist_
--- PASS: TestRemoteLoad_LocalProtocol (2.99s)
    --- PASS: TestRemoteLoad_LocalProtocol/simple (0.24s)
    --- PASS: TestRemoteLoad_LocalProtocol/without_git_suffix (0.24s)
    --- PASS: TestRemoteLoad_LocalProtocol/has_path (0.26s)
    --- PASS: TestRemoteLoad_LocalProtocol/has_path_without_git_suffix (0.25s)
    --- PASS: TestRemoteLoad_LocalProtocol/has_ref (0.24s)
    --- PASS: TestRemoteLoad_LocalProtocol/has_version (0.24s)
    --- PASS: TestRemoteLoad_LocalProtocol/has_submodule (0.37s)
    --- PASS: TestRemoteLoad_LocalProtocol/has_timeout (0.24s)
    --- PASS: TestRemoteLoad_LocalProtocol/has_submodule_but_not_initialized (0.11s)
    --- SKIP: TestRemoteLoad_LocalProtocol/has_origin_annotation (0.00s)
    --- PASS: TestRemoteLoad_LocalProtocol/has_ref_path_timeout_and_origin_annotation (0.25s)
    --- PASS: TestRemoteLoad_LocalProtocol/repo_does_not_exist_ (0.05s)
=== RUN   TestRemoteLoad_RemoteProtocols
=== RUN   TestRemoteLoad_RemoteProtocols/https
=== RUN   TestRemoteLoad_RemoteProtocols/https_with_explicit_.git_suffix
=== RUN   TestRemoteLoad_RemoteProtocols/git_double-colon_https
2023/04/06 12:16:42 Warning: Forcing the git protocol using the 'git::' URL prefix is not supported. Kustomize currently strips this invalid prefix, but will stop doing so in a future release. Please remove the 'git::' prefix from your configuration.
=== RUN   TestRemoteLoad_RemoteProtocols/https_raw_remote_file
=== RUN   TestRemoteLoad_RemoteProtocols/https_without_scheme
=== RUN   TestRemoteLoad_RemoteProtocols/ssh
=== RUN   TestRemoteLoad_RemoteProtocols/ssh_with_colon
=== RUN   TestRemoteLoad_RemoteProtocols/ssh_scheme
=== RUN   TestRemoteLoad_RemoteProtocols/http_error
--- PASS: TestRemoteLoad_RemoteProtocols (20.63s)
    --- PASS: TestRemoteLoad_RemoteProtocols/https (2.88s)
    --- PASS: TestRemoteLoad_RemoteProtocols/https_with_explicit_.git_suffix (2.00s)
    --- PASS: TestRemoteLoad_RemoteProtocols/git_double-colon_https (1.76s)
    --- PASS: TestRemoteLoad_RemoteProtocols/https_raw_remote_file (0.33s)
    --- PASS: TestRemoteLoad_RemoteProtocols/https_without_scheme (1.69s)
    --- PASS: TestRemoteLoad_RemoteProtocols/ssh (3.75s)
    --- PASS: TestRemoteLoad_RemoteProtocols/ssh_with_colon (3.81s)
    --- PASS: TestRemoteLoad_RemoteProtocols/ssh_scheme (4.21s)
    --- PASS: TestRemoteLoad_RemoteProtocols/http_error (0.21s)
=== RUN   TestRepeatBase
--- PASS: TestRepeatBase (0.02s)
=== RUN   TestReplacementsField
--- PASS: TestReplacementsField (0.00s)
=== RUN   TestReplacementsFieldWithPath
--- PASS: TestReplacementsFieldWithPath (0.00s)
=== RUN   TestReplacementsFieldWithPathMultiple
--- PASS: TestReplacementsFieldWithPathMultiple (0.00s)
=== RUN   TestReplacementTransformerWithDiamondShape
--- PASS: TestReplacementTransformerWithDiamondShape (0.02s)
=== RUN   TestReplacementTransformerWithOriginalName
--- PASS: TestReplacementTransformerWithOriginalName (0.01s)
=== RUN   TestReplacementTransformerWithNamePrefixOverlay
--- PASS: TestReplacementTransformerWithNamePrefixOverlay (0.01s)
=== RUN   TestReplacementTransformerWithNamespaceOverlay
--- PASS: TestReplacementTransformerWithNamespaceOverlay (0.01s)
=== RUN   TestReplacementTransformerWithConfigMapGenerator
--- PASS: TestReplacementTransformerWithConfigMapGenerator (0.00s)
=== RUN   TestBase
--- PASS: TestBase (0.00s)
=== RUN   TestMidLevelA
--- PASS: TestMidLevelA (0.01s)
=== RUN   TestMidLevelB
--- PASS: TestMidLevelB (0.01s)
=== RUN   TestMultibasesNoConflict
--- PASS: TestMultibasesNoConflict (0.02s)
=== RUN   TestMultibasesWithConflict
--- PASS: TestMultibasesWithConflict (0.02s)
=== RUN   TestRoleBindingAcrossNamespace
--- PASS: TestRoleBindingAcrossNamespace (0.00s)
=== RUN   TestRoleBindingAcrossNamespaceWoSubjects
--- PASS: TestRoleBindingAcrossNamespaceWoSubjects (0.00s)
=== RUN   TestRoleBindingWhenSubjectsAcrossNamespace
--- PASS: TestRoleBindingWhenSubjectsAcrossNamespace (0.01s)
=== RUN   TestSimple1
# Warning: 'patchesStrategicMerge' is deprecated. Please use 'patches' instead. Run 'kustomize edit fix' to update your Kustomization automatically.
--- PASS: TestSimple1 (0.00s)
=== RUN   TestCustomOrdering
2023/04/06 12:16:58 Warning: Sorting order is set both in 'kustomization.yaml' ('sortOptions') and in a CLI flag ('--reorder'). Using the kustomization file over the CLI flag.
--- PASS: TestCustomOrdering (0.00s)
=== RUN   TestDefaultLegacyOrdering
2023/04/06 12:16:58 Warning: Sorting order is set both in 'kustomization.yaml' ('sortOptions') and in a CLI flag ('--reorder'). Using the kustomization file over the CLI flag.
--- PASS: TestDefaultLegacyOrdering (0.00s)
=== RUN   TestFIFOOrdering
2023/04/06 12:16:58 Warning: Sorting order is set both in 'kustomization.yaml' ('sortOptions') and in a CLI flag ('--reorder'). Using the kustomization file over the CLI flag.
--- PASS: TestFIFOOrdering (0.00s)
=== RUN   TestInvalidLegacySortOptionsWithoutOrderKey
2023/04/06 12:16:58 Warning: Sorting order is set both in 'kustomization.yaml' ('sortOptions') and in a CLI flag ('--reorder'). Using the kustomization file over the CLI flag.
--- PASS: TestInvalidLegacySortOptionsWithoutOrderKey (0.00s)
=== RUN   TestInvalidLegacySortOptionsWithFIFOOrder
2023/04/06 12:16:58 Warning: Sorting order is set both in 'kustomization.yaml' ('sortOptions') and in a CLI flag ('--reorder'). Using the kustomization file over the CLI flag.
--- PASS: TestInvalidLegacySortOptionsWithFIFOOrder (0.00s)
=== RUN   TestCLIAndKustomizationSet
2023/04/06 12:16:58 Warning: Sorting order is set both in 'kustomization.yaml' ('sortOptions') and in a CLI flag ('--reorder'). Using the kustomization file over the CLI flag.
--- PASS: TestCLIAndKustomizationSet (0.00s)
=== RUN   TestKustomizationSortOrderNotSet
--- PASS: TestKustomizationSortOrderNotSet (0.00s)
=== RUN   TestChildKustomizationSortOrder
2023/04/06 12:16:58 Warning: Sorting order is set both in 'kustomization.yaml' ('sortOptions') and in a CLI flag ('--reorder'). Using the kustomization file over the CLI flag.
--- PASS: TestChildKustomizationSortOrder (0.01s)
=== RUN   TestSortOrderGivenAsTransformer
--- PASS: TestSortOrderGivenAsTransformer (0.00s)
=== RUN   TestLongLineBreaks
--- PASS: TestLongLineBreaks (0.00s)
=== RUN   TestAnnoTransformerBuiltinLocal
--- PASS: TestAnnoTransformerBuiltinLocal (0.00s)
=== RUN   TestAnnoOriginAndTransformerBuiltinLocal
--- PASS: TestAnnoOriginAndTransformerBuiltinLocal (0.00s)
=== RUN   TestAnnoTransformerLocalFilesWithOverlay
--- PASS: TestAnnoTransformerLocalFilesWithOverlay (0.01s)
=== RUN   TestAnnoOriginRemoteBuiltinTransformer
# Warning: 'bases' is deprecated. Please use 'resources' instead. Run 'kustomize edit fix' to update your Kustomization automatically.
--- PASS: TestAnnoOriginRemoteBuiltinTransformer (2.87s)
=== RUN   TestAnnoTransformerBuiltinInline
--- PASS: TestAnnoTransformerBuiltinInline (0.00s)
=== RUN   TestAnnoOriginCustomInlineTransformer
--- PASS: TestAnnoOriginCustomInlineTransformer (0.21s)
=== RUN   TestAnnoOriginCustomExecTransformerWithOverlay
--- PASS: TestAnnoOriginCustomExecTransformerWithOverlay (0.07s)
=== RUN   TestPluginsNotEnabled
2023/04/06 12:17:04 compiler created: /Users/uta/ghq/github.com/yutaroyamanaka/kustomize/plugin/someteam.example.com/v1/stringprefixer/StringPrefixer.so
--- PASS: TestPluginsNotEnabled (3.04s)
=== RUN   TestSedTransformer
--- PASS: TestSedTransformer (0.01s)
=== RUN   TestTransformersNoCreateArrays
--- PASS: TestTransformersNoCreateArrays (0.01s)
=== RUN   TestIssue1281_JsonPatchAndImageTag
# Warning: 'patchesJson6902' is deprecated. Please use 'patches' instead. Run 'kustomize edit fix' to update your Kustomization automatically.
--- PASS: TestIssue1281_JsonPatchAndImageTag (0.01s)
=== RUN   TestTransfomersImageDefaultConfig
--- PASS: TestTransfomersImageDefaultConfig (0.01s)
=== RUN   TestTransfomersImageCustomConfig
--- PASS: TestTransfomersImageCustomConfig (0.01s)
=== RUN   TestTransfomersImageKnativeConfig
--- PASS: TestTransfomersImageKnativeConfig (0.00s)
=== RUN   TestValidatingWebhookCombinedNamespaces
# Warning: 'patchesStrategicMerge' is deprecated. Please use 'patches' instead. Run 'kustomize edit fix' to update your Kustomization automatically.
--- PASS: TestValidatingWebhookCombinedNamespaces (0.01s)
=== RUN   TestBasicVariableRef
# Warning: 'vars' is deprecated. Please use 'replacements' instead. [EXPERIMENTAL] Run 'kustomize edit fix' to update your Kustomization automatically.
--- PASS: TestBasicVariableRef (0.00s)
=== RUN   TestBasicVarCollision
# Warning: 'vars' is deprecated. Please use 'replacements' instead. [EXPERIMENTAL] Run 'kustomize edit fix' to update your Kustomization automatically.
# Warning: 'vars' is deprecated. Please use 'replacements' instead. [EXPERIMENTAL] Run 'kustomize edit fix' to update your Kustomization automatically.
--- PASS: TestBasicVarCollision (0.01s)
=== RUN   TestVarPropagatesUp
# Warning: 'vars' is deprecated. Please use 'replacements' instead. [EXPERIMENTAL] Run 'kustomize edit fix' to update your Kustomization automatically.
# Warning: 'vars' is deprecated. Please use 'replacements' instead. [EXPERIMENTAL] Run 'kustomize edit fix' to update your Kustomization automatically.
--- PASS: TestVarPropagatesUp (0.01s)
=== RUN   TestBug506
# Warning: 'vars' is deprecated. Please use 'replacements' instead. [EXPERIMENTAL] Run 'kustomize edit fix' to update your Kustomization automatically.
# Warning: 'vars' is deprecated. Please use 'replacements' instead. [EXPERIMENTAL] Run 'kustomize edit fix' to update your Kustomization automatically.
--- PASS: TestBug506 (0.01s)
=== RUN   TestSimpleServicePortVarReplace
# Warning: 'vars' is deprecated. Please use 'replacements' instead. [EXPERIMENTAL] Run 'kustomize edit fix' to update your Kustomization automatically.
--- PASS: TestSimpleServicePortVarReplace (0.00s)
=== RUN   TestIssue3449
# Warning: 'vars' is deprecated. Please use 'replacements' instead. [EXPERIMENTAL] Run 'kustomize edit fix' to update your Kustomization automatically.
--- PASS: TestIssue3449 (0.00s)
=== RUN   TestVarRefBig
# Warning: 'vars' is deprecated. Please use 'replacements' instead. [EXPERIMENTAL] Run 'kustomize edit fix' to update your Kustomization automatically.
--- PASS: TestVarRefBig (0.01s)
=== RUN   TestVariableRefIngressBasic
# Warning: 'vars' is deprecated. Please use 'replacements' instead. [EXPERIMENTAL] Run 'kustomize edit fix' to update your Kustomization automatically.
--- PASS: TestVariableRefIngressBasic (0.00s)
=== RUN   TestVariableRefIngressOverlay
# Warning: 'vars' is deprecated. Please use 'replacements' instead. [EXPERIMENTAL] Run 'kustomize edit fix' to update your Kustomization automatically.
--- PASS: TestVariableRefIngressOverlay (0.01s)
=== RUN   TestVariableRefMountPath
# Warning: 'vars' is deprecated. Please use 'replacements' instead. [EXPERIMENTAL] Run 'kustomize edit fix' to update your Kustomization automatically.
--- PASS: TestVariableRefMountPath (0.00s)
=== RUN   TestVariableRefMaps
# Warning: 'vars' is deprecated. Please use 'replacements' instead. [EXPERIMENTAL] Run 'kustomize edit fix' to update your Kustomization automatically.
--- PASS: TestVariableRefMaps (0.00s)
=== RUN   TestVaribaleRefDifferentPrefix
# Warning: 'vars' is deprecated. Please use 'replacements' instead. [EXPERIMENTAL] Run 'kustomize edit fix' to update your Kustomization automatically.
# Warning: 'vars' is deprecated. Please use 'replacements' instead. [EXPERIMENTAL] Run 'kustomize edit fix' to update your Kustomization automatically.
--- PASS: TestVaribaleRefDifferentPrefix (0.01s)
=== RUN   TestVariableRefNFSServer
# Warning: 'vars' is deprecated. Please use 'replacements' instead. [EXPERIMENTAL] Run 'kustomize edit fix' to update your Kustomization automatically.
--- PASS: TestVariableRefNFSServer (0.01s)
=== RUN   TestDeploymentAnnotations
# Warning: 'vars' is deprecated. Please use 'replacements' instead. [EXPERIMENTAL] Run 'kustomize edit fix' to update your Kustomization automatically.
--- PASS: TestDeploymentAnnotations (0.00s)
FAIL
FAIL	sigs.k8s.io/kustomize/api/krusty	57.190s
=== RUN   TestWorkingDir
--- PASS: TestWorkingDir (0.01s)
=== RUN   TestLoaderSymlinks
--- PASS: TestLoaderSymlinks (0.00s)
=== RUN   TestRemoteTargetDefaultDst
--- PASS: TestRemoteTargetDefaultDst (1.92s)
=== RUN   TestBadArgs
=== RUN   TestBadArgs/non-empty_scope
=== RUN   TestBadArgs/dst_in_non-existing_dir
=== RUN   TestBadArgs/target_no_ref
--- PASS: TestBadArgs (1.96s)
    --- PASS: TestBadArgs/non-empty_scope (1.96s)
    --- PASS: TestBadArgs/dst_in_non-existing_dir (0.00s)
    --- PASS: TestBadArgs/target_no_ref (0.00s)
=== RUN   TestRemoteFile
--- PASS: TestRemoteFile (0.33s)
=== RUN   TestRemoteRoot
--- PASS: TestRemoteRoot (2.09s)
=== RUN   TestNestedRemoteRoots
--- PASS: TestNestedRemoteRoots (3.96s)
=== RUN   TestResourcesRepoNotFile
--- PASS: TestResourcesRepoNotFile (2.21s)
=== RUN   TestRemoteRootNoRef
--- PASS: TestRemoteRootNoRef (1.91s)
=== RUN   TestExistingCacheDir
--- PASS: TestExistingCacheDir (0.87s)
=== RUN   TestHelmNestedHome
--- PASS: TestHelmNestedHome (0.00s)
=== RUN   TestHelmLinkedHome
--- PASS: TestHelmLinkedHome (0.00s)
=== RUN   TestHelmLinkedDefaultHome
--- PASS: TestHelmLinkedDefaultHome (0.00s)
=== RUN   TestHelmHomeEscapesScope
--- PASS: TestHelmHomeEscapesScope (0.00s)
=== RUN   TestSymlinkedFileSource
--- PASS: TestSymlinkedFileSource (0.00s)
PASS
ok  	sigs.k8s.io/kustomize/api/krusty/localizer	16.445s
=== RUN   TestKeyValuesFromLines
--- PASS: TestKeyValuesFromLines (0.00s)
=== RUN   TestKeyValuesFromFileSources
--- PASS: TestKeyValuesFromFileSources (0.00s)
PASS
ok  	sigs.k8s.io/kustomize/api/kv	(cached)
=== RUN   TestIsRemoteFile
=== RUN   TestIsRemoteFile/https_file
=== RUN   TestIsRemoteFile/https_dir
=== RUN   TestIsRemoteFile/no_scheme
=== RUN   TestIsRemoteFile/ssh
=== RUN   TestIsRemoteFile/local
--- PASS: TestIsRemoteFile (0.00s)
    --- PASS: TestIsRemoteFile/https_file (0.00s)
    --- PASS: TestIsRemoteFile/https_dir (0.00s)
    --- PASS: TestIsRemoteFile/no_scheme (0.00s)
    --- PASS: TestIsRemoteFile/ssh (0.00s)
    --- PASS: TestIsRemoteFile/local (0.00s)
=== RUN   TestLoaderLoad
--- PASS: TestLoaderLoad (0.00s)
=== RUN   TestLoaderNewSubDir
--- PASS: TestLoaderNewSubDir (0.00s)
=== RUN   TestLoaderBadRelative
--- PASS: TestLoaderBadRelative (0.00s)
=== RUN   TestLoaderMisc
--- PASS: TestLoaderMisc (0.00s)
=== RUN   TestRestrictionRootOnlyInRealLoader
--- PASS: TestRestrictionRootOnlyInRealLoader (0.00s)
=== RUN   TestRestrictionNoneInRealLoader
--- PASS: TestRestrictionNoneInRealLoader (0.00s)
=== RUN   TestSplit
--- PASS: TestSplit (0.00s)
=== RUN   TestNewLoaderAtGitClone
--- PASS: TestNewLoaderAtGitClone (0.00s)
=== RUN   TestLoaderDisallowsLocalBaseFromRemoteOverlay
--- PASS: TestLoaderDisallowsLocalBaseFromRemoteOverlay (0.00s)
=== RUN   TestLoaderDisallowsRemoteBaseExitRepo
--- PASS: TestLoaderDisallowsRemoteBaseExitRepo (0.00s)
=== RUN   TestLocalLoaderReferencingGitBase
--- PASS: TestLocalLoaderReferencingGitBase (0.00s)
=== RUN   TestRepoDirectCycleDetection
--- PASS: TestRepoDirectCycleDetection (0.00s)
=== RUN   TestRepoIndirectCycleDetection
--- PASS: TestRepoIndirectCycleDetection (0.00s)
=== RUN   TestLoaderHTTP
--- PASS: TestLoaderHTTP (0.00s)
=== RUN   TestRestrictionNone
--- PASS: TestRestrictionNone (0.00s)
=== RUN   TestRestrictionRootOnly
--- PASS: TestRestrictionRootOnly (0.00s)
PASS
ok  	sigs.k8s.io/kustomize/api/loader	(cached)
=== RUN   TestGetProvenance
    provenance_test.go:20: 
        	Error Trace:	/Users/uta/ghq/github.com/yutaroyamanaka/kustomize/api/provenance/provenance_test.go:20
        	Error:      	Not equal: 
        	            	expected: "(test)"
        	            	actual  : "(devel)"
        	            	
        	            	Diff:
        	            	--- Expected
        	            	+++ Actual
        	            	@@ -1 +1 @@
        	            	-(test)
        	            	+(devel)
        	Test:       	TestGetProvenance
    provenance_test.go:21: 
        	Error Trace:	/Users/uta/ghq/github.com/yutaroyamanaka/kustomize/api/provenance/provenance_test.go:21
        	Error:      	Not equal: 
        	            	expected: "2023-01-31T23:38:41Z"
        	            	actual  : "unknown"
        	            	
        	            	Diff:
        	            	--- Expected
        	            	+++ Actual
        	            	@@ -1 +1 @@
        	            	-2023-01-31T23:38:41Z
        	            	+unknown
        	Test:       	TestGetProvenance
--- FAIL: TestGetProvenance (0.00s)
=== RUN   TestProvenance_Short
    provenance_test.go:34: 
        	Error Trace:	/Users/uta/ghq/github.com/yutaroyamanaka/kustomize/api/provenance/provenance_test.go:34
        	Error:      	Not equal: 
        	            	expected: "{(test)  2023-01-31T23:38:41Z   }"
        	            	actual  : "{(devel)  unknown   }"
        	            	
        	            	Diff:
        	            	--- Expected
        	            	+++ Actual
        	            	@@ -1 +1 @@
        	            	-{(test)  2023-01-31T23:38:41Z   }
        	            	+{(devel)  unknown   }
        	Test:       	TestProvenance_Short
    provenance_test.go:37: 
        	Error Trace:	/Users/uta/ghq/github.com/yutaroyamanaka/kustomize/api/provenance/provenance_test.go:37
        	Error:      	Not equal: 
        	            	expected: "{kustomize/v4.11.12  2023-01-31T23:38:41Z   }"
        	            	actual  : "{kustomize/v4.11.12  unknown   }"
        	            	
        	            	Diff:
        	            	--- Expected
        	            	+++ Actual
        	            	@@ -1 +1 @@
        	            	-{kustomize/v4.11.12  2023-01-31T23:38:41Z   }
        	            	+{kustomize/v4.11.12  unknown   }
        	Test:       	TestProvenance_Short
--- FAIL: TestProvenance_Short (0.00s)
=== RUN   TestProvenance_Semver
    provenance_test.go:43: 
        	Error Trace:	/Users/uta/ghq/github.com/yutaroyamanaka/kustomize/api/provenance/provenance_test.go:43
        	Error:      	Not equal: 
        	            	expected: "(test)"
        	            	actual  : "(devel)"
        	            	
        	            	Diff:
        	            	--- Expected
        	            	+++ Actual
        	            	@@ -1 +1 @@
        	            	-(test)
        	            	+(devel)
        	Test:       	TestProvenance_Semver
--- FAIL: TestProvenance_Semver (0.00s)
FAIL
FAIL	sigs.k8s.io/kustomize/api/provenance	1.442s
?   	sigs.k8s.io/kustomize/api/provider	[no test files]
=== RUN   TestFromFile
--- PASS: TestFromFile (0.00s)
=== RUN   TestFromBytes
--- PASS: TestFromBytes (0.00s)
=== RUN   TestNewFromConfigMaps
--- PASS: TestNewFromConfigMaps (0.00s)
=== RUN   TestNewResMapFromSecretArgs
--- PASS: TestNewResMapFromSecretArgs (0.00s)
=== RUN   TestFromRNodeSlice
=== RUN   TestFromRNodeSlice/no_resource
=== RUN   TestFromRNodeSlice/single_resource
=== RUN   TestFromRNodeSlice/local_config
--- PASS: TestFromRNodeSlice (0.00s)
    --- PASS: TestFromRNodeSlice/no_resource (0.00s)
    --- PASS: TestFromRNodeSlice/single_resource (0.00s)
    --- PASS: TestFromRNodeSlice/local_config (0.00s)
=== RUN   TestAppendRejectsDuplicateResId
--- PASS: TestAppendRejectsDuplicateResId (0.00s)
=== RUN   TestAppendRemove
--- PASS: TestAppendRemove (0.00s)
=== RUN   TestRemove
--- PASS: TestRemove (0.00s)
=== RUN   TestReplace
--- PASS: TestReplace (0.00s)
=== RUN   TestEncodeAsYaml
--- PASS: TestEncodeAsYaml (0.00s)
=== RUN   TestGetMatchingResourcesByCurrentId
--- PASS: TestGetMatchingResourcesByCurrentId (0.06s)
=== RUN   TestGetMatchingResourcesByAnyId
--- PASS: TestGetMatchingResourcesByAnyId (0.00s)
=== RUN   TestSubsetThatCouldBeReferencedByResource
=== RUN   TestSubsetThatCouldBeReferencedByResource/happy_namespace_with_prefix
=== RUN   TestSubsetThatCouldBeReferencedByResource/cluster_level
=== RUN   TestSubsetThatCouldBeReferencedByResource/default_namespace_1
=== RUN   TestSubsetThatCouldBeReferencedByResource/default_namespace_2
=== RUN   TestSubsetThatCouldBeReferencedByResource/happy_namespace_no_prefix
--- PASS: TestSubsetThatCouldBeReferencedByResource (0.00s)
    --- PASS: TestSubsetThatCouldBeReferencedByResource/happy_namespace_with_prefix (0.00s)
    --- PASS: TestSubsetThatCouldBeReferencedByResource/cluster_level (0.00s)
    --- PASS: TestSubsetThatCouldBeReferencedByResource/default_namespace_1 (0.00s)
    --- PASS: TestSubsetThatCouldBeReferencedByResource/default_namespace_2 (0.00s)
    --- PASS: TestSubsetThatCouldBeReferencedByResource/happy_namespace_no_prefix (0.00s)
=== RUN   TestDeepCopy
--- PASS: TestDeepCopy (0.00s)
=== RUN   TestErrorIfNotEqualSets
--- PASS: TestErrorIfNotEqualSets (0.00s)
=== RUN   TestErrorIfNotEqualLists
--- PASS: TestErrorIfNotEqualLists (0.00s)
=== RUN   TestAppendAll
--- PASS: TestAppendAll (0.00s)
=== RUN   TestAbsorbAll
--- PASS: TestAbsorbAll (0.00s)
=== RUN   TestToRNodeSlice
--- PASS: TestToRNodeSlice (0.00s)
=== RUN   TestDeAnchorSingleDoc
--- PASS: TestDeAnchorSingleDoc (0.00s)
=== RUN   TestDeAnchorIntoDoc
--- PASS: TestDeAnchorIntoDoc (0.00s)
=== RUN   TestDeAnchorMultiDoc
--- PASS: TestDeAnchorMultiDoc (0.00s)
=== RUN   TestDeAnchorResourceList
--- PASS: TestDeAnchorResourceList (0.00s)
=== RUN   TestApplySmPatch_General
=== RUN   TestApplySmPatch_General/withschema-ns1-nil
=== RUN   TestApplySmPatch_General/noschema-ns1-ns2-one
=== RUN   TestApplySmPatch_General/withschema-ns1-ns2-one
=== RUN   TestApplySmPatch_General/withschema-ns1-ns2-three
=== RUN   TestApplySmPatch_General/withschema-nil-ns2
=== RUN   TestApplySmPatch_General/noschema-ns1-ns2-two
=== RUN   TestApplySmPatch_General/noschema-nil-ns2
=== RUN   TestApplySmPatch_General/noschema-ns1-nil
=== RUN   TestApplySmPatch_General/clown
=== RUN   TestApplySmPatch_General/confusion
=== RUN   TestApplySmPatch_General/withschema-ns1-ns2-two
--- PASS: TestApplySmPatch_General (0.01s)
    --- PASS: TestApplySmPatch_General/withschema-ns1-nil (0.00s)
    --- PASS: TestApplySmPatch_General/noschema-ns1-ns2-one (0.00s)
    --- PASS: TestApplySmPatch_General/withschema-ns1-ns2-one (0.00s)
    --- PASS: TestApplySmPatch_General/withschema-ns1-ns2-three (0.00s)
    --- PASS: TestApplySmPatch_General/withschema-nil-ns2 (0.00s)
    --- PASS: TestApplySmPatch_General/noschema-ns1-ns2-two (0.00s)
    --- PASS: TestApplySmPatch_General/noschema-nil-ns2 (0.00s)
    --- PASS: TestApplySmPatch_General/noschema-ns1-nil (0.00s)
    --- PASS: TestApplySmPatch_General/clown (0.00s)
    --- PASS: TestApplySmPatch_General/confusion (0.00s)
    --- PASS: TestApplySmPatch_General/withschema-ns1-ns2-two (0.00s)
=== RUN   TestApplyFilter
=== RUN   TestApplyFilter/labels
=== RUN   TestApplyFilter/deleteOddNodes
=== RUN   TestApplyFilter/cloneOddNodes
--- PASS: TestApplyFilter (0.00s)
    --- PASS: TestApplyFilter/labels (0.00s)
    --- PASS: TestApplyFilter/deleteOddNodes (0.00s)
    --- PASS: TestApplyFilter/cloneOddNodes (0.00s)
=== RUN   TestApplySmPatch_Deletion
=== RUN   TestApplySmPatch_Deletion/delete1
=== RUN   TestApplySmPatch_Deletion/delete2
=== RUN   TestApplySmPatch_Deletion/delete3
--- PASS: TestApplySmPatch_Deletion (0.00s)
    --- PASS: TestApplySmPatch_Deletion/delete1 (0.00s)
    --- PASS: TestApplySmPatch_Deletion/delete2 (0.00s)
    --- PASS: TestApplySmPatch_Deletion/delete3 (0.00s)
=== RUN   TestOriginAnnotations
--- PASS: TestOriginAnnotations (0.00s)
=== RUN   TestTransformerAnnotations
--- PASS: TestTransformerAnnotations (0.00s)
=== RUN   TestFindPatchTargets
--- PASS: TestFindPatchTargets (0.00s)
PASS
ok  	sigs.k8s.io/kustomize/api/resmap	1.388s
=== RUN   TestRNodesFromBytes
=== RUN   TestRNodesFromBytes/empty2
=== RUN   TestRNodesFromBytes/deployment1
=== RUN   TestRNodesFromBytes/deployment2
=== RUN   TestRNodesFromBytes/empty1
--- PASS: TestRNodesFromBytes (0.00s)
    --- PASS: TestRNodesFromBytes/empty2 (0.00s)
    --- PASS: TestRNodesFromBytes/deployment1 (0.00s)
    --- PASS: TestRNodesFromBytes/deployment2 (0.00s)
    --- PASS: TestRNodesFromBytes/empty1 (0.00s)
=== RUN   TestSliceFromPatches
=== RUN   TestSliceFromPatches/listOfPatches
=== RUN   TestSliceFromPatches/listWithAnchorReference
=== RUN   TestSliceFromPatches/listWithNoEntries
=== RUN   TestSliceFromPatches/listWithNoItems
=== RUN   TestSliceFromPatches/happy
=== RUN   TestSliceFromPatches/badFileName
=== RUN   TestSliceFromPatches/badData
--- PASS: TestSliceFromPatches (0.01s)
    --- PASS: TestSliceFromPatches/listOfPatches (0.00s)
    --- PASS: TestSliceFromPatches/listWithAnchorReference (0.00s)
    --- PASS: TestSliceFromPatches/listWithNoEntries (0.00s)
    --- PASS: TestSliceFromPatches/listWithNoItems (0.00s)
    --- PASS: TestSliceFromPatches/happy (0.00s)
    --- PASS: TestSliceFromPatches/badFileName (0.00s)
    --- PASS: TestSliceFromPatches/badData (0.00s)
=== RUN   TestHash
--- PASS: TestHash (0.00s)
=== RUN   TestMoreRNodesFromBytes
=== RUN   TestMoreRNodesFromBytes/noBytes
=== RUN   TestMoreRNodesFromBytes/goodYaml1
=== RUN   TestMoreRNodesFromBytes/goodYaml2
=== RUN   TestMoreRNodesFromBytes/garbageInOneOfTwoObjects
=== RUN   TestMoreRNodesFromBytes/Missing_.metadata.name_in_object
=== RUN   TestMoreRNodesFromBytes/nil_value_in_list
=== RUN   TestMoreRNodesFromBytes/ConfigMapList
=== RUN   TestMoreRNodesFromBytes/garbage
=== RUN   TestMoreRNodesFromBytes/emptyObjects
=== RUN   TestMoreRNodesFromBytes/List
=== RUN   TestMoreRNodesFromBytes/listWithAnchors
=== RUN   TestMoreRNodesFromBytes/simpleAnchor
=== RUN   TestMoreRNodesFromBytes/goodJson
--- PASS: TestMoreRNodesFromBytes (0.01s)
    --- PASS: TestMoreRNodesFromBytes/noBytes (0.00s)
    --- PASS: TestMoreRNodesFromBytes/goodYaml1 (0.00s)
    --- PASS: TestMoreRNodesFromBytes/goodYaml2 (0.00s)
    --- PASS: TestMoreRNodesFromBytes/garbageInOneOfTwoObjects (0.00s)
    --- PASS: TestMoreRNodesFromBytes/Missing_.metadata.name_in_object (0.00s)
    --- PASS: TestMoreRNodesFromBytes/nil_value_in_list (0.00s)
    --- PASS: TestMoreRNodesFromBytes/ConfigMapList (0.00s)
    --- PASS: TestMoreRNodesFromBytes/garbage (0.00s)
    --- PASS: TestMoreRNodesFromBytes/emptyObjects (0.00s)
    --- PASS: TestMoreRNodesFromBytes/List (0.00s)
    --- PASS: TestMoreRNodesFromBytes/listWithAnchors (0.00s)
    --- PASS: TestMoreRNodesFromBytes/simpleAnchor (0.00s)
    --- PASS: TestMoreRNodesFromBytes/goodJson (0.00s)
=== RUN   TestDropLocalNodes
=== RUN   TestDropLocalNodes/localConfigSetToTrue
=== RUN   TestDropLocalNodes/localConfigSetToFalse
=== RUN   TestDropLocalNodes/localConfigMultiInput
=== RUN   TestDropLocalNodes/localConfigUnset
=== RUN   TestDropLocalNodes/localConfigSet
--- PASS: TestDropLocalNodes (0.00s)
    --- PASS: TestDropLocalNodes/localConfigSetToTrue (0.00s)
    --- PASS: TestDropLocalNodes/localConfigSetToFalse (0.00s)
    --- PASS: TestDropLocalNodes/localConfigMultiInput (0.00s)
    --- PASS: TestDropLocalNodes/localConfigUnset (0.00s)
    --- PASS: TestDropLocalNodes/localConfigSet (0.00s)
=== RUN   TestIdSet_Empty
--- PASS: TestIdSet_Empty (0.00s)
=== RUN   TestIdSet_One
--- PASS: TestIdSet_One (0.00s)
=== RUN   TestIdSet_Two
--- PASS: TestIdSet_Two (0.00s)
=== RUN   TestOriginAppend
--- PASS: TestOriginAppend (0.00s)
=== RUN   TestOriginString
--- PASS: TestOriginString (0.00s)
=== RUN   TestTransformationsString
--- PASS: TestTransformationsString (0.00s)
=== RUN   TestAsYAML
--- PASS: TestAsYAML (0.00s)
=== RUN   TestResourceString
--- PASS: TestResourceString (0.00s)
=== RUN   TestResourceId
--- PASS: TestResourceId (0.00s)
=== RUN   TestDeepCopy
--- PASS: TestDeepCopy (0.00s)
=== RUN   TestApplySmPatch_1
--- PASS: TestApplySmPatch_1 (0.09s)
=== RUN   TestApplySmPatch_2
--- PASS: TestApplySmPatch_2 (0.00s)
=== RUN   TestApplySmPatch_3
--- PASS: TestApplySmPatch_3 (0.00s)
=== RUN   TestApplySmPatchShouldOutputListItemsInCorrectOrder
=== RUN   TestApplySmPatchShouldOutputListItemsInCorrectOrder/Order_should_not_change_when_patch_has_foo_only
=== RUN   TestApplySmPatchShouldOutputListItemsInCorrectOrder/Order_changes_when_patch_has_bar_only
=== RUN   TestApplySmPatchShouldOutputListItemsInCorrectOrder/Order_should_not_change_and_should_include_a_new_item_at_the_beginning_when_patch_has_a_new_list_item
=== RUN   TestApplySmPatchShouldOutputListItemsInCorrectOrder/Order_should_not_change_when_patch_has_foo_and_bar_in_same_order
=== RUN   TestApplySmPatchShouldOutputListItemsInCorrectOrder/Order_should_change_when_patch_has_foo_and_bar_in_different_order
--- PASS: TestApplySmPatchShouldOutputListItemsInCorrectOrder (0.00s)
    --- PASS: TestApplySmPatchShouldOutputListItemsInCorrectOrder/Order_should_not_change_when_patch_has_foo_only (0.00s)
    --- PASS: TestApplySmPatchShouldOutputListItemsInCorrectOrder/Order_changes_when_patch_has_bar_only (0.00s)
    --- PASS: TestApplySmPatchShouldOutputListItemsInCorrectOrder/Order_should_not_change_and_should_include_a_new_item_at_the_beginning_when_patch_has_a_new_list_item (0.00s)
    --- PASS: TestApplySmPatchShouldOutputListItemsInCorrectOrder/Order_should_not_change_when_patch_has_foo_and_bar_in_same_order (0.00s)
    --- PASS: TestApplySmPatchShouldOutputListItemsInCorrectOrder/Order_should_change_when_patch_has_foo_and_bar_in_different_order (0.00s)
=== RUN   TestApplySmPatchShouldOutputPrimitiveListItemsInCorrectOrder
=== RUN   TestApplySmPatchShouldOutputPrimitiveListItemsInCorrectOrder/Order_should_not_change_when_patch_has_foo_only
=== RUN   TestApplySmPatchShouldOutputPrimitiveListItemsInCorrectOrder/Order_should_not_change_when_patch_has_bar_only
    resource_test.go:523: 
=== RUN   TestApplySmPatchShouldOutputPrimitiveListItemsInCorrectOrder/Order_should_not_change_and_should_include_a_new_item_at_the_beginning_when_patch_has_a_new_list_item
=== RUN   TestApplySmPatchShouldOutputPrimitiveListItemsInCorrectOrder/Order_should_not_change_when_patch_has_foo_and_bar_in_same_order
=== RUN   TestApplySmPatchShouldOutputPrimitiveListItemsInCorrectOrder/Order_should_change_when_patch_has_foo_and_bar_in_different_order
--- PASS: TestApplySmPatchShouldOutputPrimitiveListItemsInCorrectOrder (0.00s)
    --- PASS: TestApplySmPatchShouldOutputPrimitiveListItemsInCorrectOrder/Order_should_not_change_when_patch_has_foo_only (0.00s)
    --- SKIP: TestApplySmPatchShouldOutputPrimitiveListItemsInCorrectOrder/Order_should_not_change_when_patch_has_bar_only (0.00s)
    --- PASS: TestApplySmPatchShouldOutputPrimitiveListItemsInCorrectOrder/Order_should_not_change_and_should_include_a_new_item_at_the_beginning_when_patch_has_a_new_list_item (0.00s)
    --- PASS: TestApplySmPatchShouldOutputPrimitiveListItemsInCorrectOrder/Order_should_not_change_when_patch_has_foo_and_bar_in_same_order (0.00s)
    --- PASS: TestApplySmPatchShouldOutputPrimitiveListItemsInCorrectOrder/Order_should_change_when_patch_has_foo_and_bar_in_different_order (0.00s)
=== RUN   TestMergeDataMapFrom
--- PASS: TestMergeDataMapFrom (0.00s)
=== RUN   TestApplySmPatch_SwapOrder
--- PASS: TestApplySmPatch_SwapOrder (0.00s)
=== RUN   TestApplySmPatch
--- PASS: TestApplySmPatch (0.02s)
=== RUN   TestResourceStorePreviousId
=== RUN   TestResourceStorePreviousId/default_namespace,_first_previous_name
=== RUN   TestResourceStorePreviousId/default_namespace,_second_previous_name
=== RUN   TestResourceStorePreviousId/non-default_namespace
--- PASS: TestResourceStorePreviousId (0.00s)
    --- PASS: TestResourceStorePreviousId/default_namespace,_first_previous_name (0.00s)
    --- PASS: TestResourceStorePreviousId/default_namespace,_second_previous_name (0.00s)
    --- PASS: TestResourceStorePreviousId/non-default_namespace (0.00s)
=== RUN   TestResource_PrevIds
=== RUN   TestResource_PrevIds/no_previous_IDs
=== RUN   TestResource_PrevIds/one_previous_ID
=== RUN   TestResource_PrevIds/two_ids
--- PASS: TestResource_PrevIds (0.00s)
    --- PASS: TestResource_PrevIds/no_previous_IDs (0.00s)
    --- PASS: TestResource_PrevIds/one_previous_ID (0.00s)
    --- PASS: TestResource_PrevIds/two_ids (0.00s)
=== RUN   TestSameEndingSubarray
=== RUN   TestSameEndingSubarray/one_nil
=== RUN   TestSameEndingSubarray/both_empty
=== RUN   TestSameEndingSubarray/no1
=== RUN   TestSameEndingSubarray/no2
=== RUN   TestSameEndingSubarray/yes1
=== RUN   TestSameEndingSubarray/yes2
=== RUN   TestSameEndingSubarray/yes3
=== RUN   TestSameEndingSubarray/both_nil
--- PASS: TestSameEndingSubarray (0.00s)
    --- PASS: TestSameEndingSubarray/one_nil (0.00s)
    --- PASS: TestSameEndingSubarray/both_empty (0.00s)
    --- PASS: TestSameEndingSubarray/no1 (0.00s)
    --- PASS: TestSameEndingSubarray/no2 (0.00s)
    --- PASS: TestSameEndingSubarray/yes1 (0.00s)
    --- PASS: TestSameEndingSubarray/yes2 (0.00s)
    --- PASS: TestSameEndingSubarray/yes3 (0.00s)
    --- PASS: TestSameEndingSubarray/both_nil (0.00s)
=== RUN   TestGetGvk
--- PASS: TestGetGvk (0.00s)
=== RUN   TestSetGvk
--- PASS: TestSetGvk (0.00s)
=== RUN   TestRefBy
--- PASS: TestRefBy (0.00s)
=== RUN   TestOrigin
--- PASS: TestOrigin (0.00s)
=== RUN   TestTransformations
--- PASS: TestTransformations (0.00s)
PASS
ok  	sigs.k8s.io/kustomize/api/resource	(cached)
?   	sigs.k8s.io/kustomize/api/testutils/filtertest	[no test files]
?   	sigs.k8s.io/kustomize/api/testutils/kusttest	[no test files]
?   	sigs.k8s.io/kustomize/api/testutils/localizertest	[no test files]
?   	sigs.k8s.io/kustomize/api/testutils/resmaptest	[no test files]
?   	sigs.k8s.io/kustomize/api/testutils/valtest	[no test files]
=== RUN   TestKustomization_CheckDeprecatedFields
=== RUN   TestKustomization_CheckDeprecatedFields/using_bases
=== RUN   TestKustomization_CheckDeprecatedFields/using_ImageTags
=== RUN   TestKustomization_CheckDeprecatedFields/usingPatchesJson6902
=== RUN   TestKustomization_CheckDeprecatedFields/usingPatchesStrategicMerge
=== RUN   TestKustomization_CheckDeprecatedFields/usingVar
=== RUN   TestKustomization_CheckDeprecatedFields/usingAll
--- PASS: TestKustomization_CheckDeprecatedFields (0.00s)
    --- PASS: TestKustomization_CheckDeprecatedFields/using_bases (0.00s)
    --- PASS: TestKustomization_CheckDeprecatedFields/using_ImageTags (0.00s)
    --- PASS: TestKustomization_CheckDeprecatedFields/usingPatchesJson6902 (0.00s)
    --- PASS: TestKustomization_CheckDeprecatedFields/usingPatchesStrategicMerge (0.00s)
    --- PASS: TestKustomization_CheckDeprecatedFields/usingVar (0.00s)
    --- PASS: TestKustomization_CheckDeprecatedFields/usingAll (0.00s)
=== RUN   TestFixKustomizationPostUnmarshalling
--- PASS: TestFixKustomizationPostUnmarshalling (0.00s)
=== RUN   TestFixKustomizationPostUnmarshalling_2
--- PASS: TestFixKustomizationPostUnmarshalling_2 (0.00s)
=== RUN   TestEnforceFields_InvalidKindAndVersion
--- PASS: TestEnforceFields_InvalidKindAndVersion (0.00s)
=== RUN   TestEnforceFields_InvalidKind
--- PASS: TestEnforceFields_InvalidKind (0.00s)
=== RUN   TestEnforceFields_InvalidVersion
--- PASS: TestEnforceFields_InvalidVersion (0.00s)
=== RUN   TestEnforceFields_ComponentKind
--- PASS: TestEnforceFields_ComponentKind (0.00s)
=== RUN   TestEnforceFields
--- PASS: TestEnforceFields (0.00s)
=== RUN   TestUnmarshal
--- PASS: TestUnmarshal (0.00s)
=== RUN   TestUnmarshal_UnkownField
--- PASS: TestUnmarshal_UnkownField (0.00s)
=== RUN   TestUnmarshal_InvalidYaml
--- PASS: TestUnmarshal_InvalidYaml (0.00s)
=== RUN   TestGVK
--- PASS: TestGVK (0.00s)
=== RUN   TestDefaulting
--- PASS: TestDefaulting (0.00s)
=== RUN   TestVarSet
--- PASS: TestVarSet (0.00s)
=== RUN   TestVarSetCopy
--- PASS: TestVarSetCopy (0.00s)
=== RUN   TestFsSlice_MergeAll
--- PASS: TestFsSlice_MergeAll (0.00s)
=== RUN   TestMergeGlobalOptionsIntoLocal
--- PASS: TestMergeGlobalOptionsIntoLocal (0.00s)
=== RUN   TestAsHelmArgs
=== RUN   TestAsHelmArgs/use_generate-name
=== RUN   TestAsHelmArgs/use_release-name
--- PASS: TestAsHelmArgs (0.00s)
    --- PASS: TestAsHelmArgs/use_generate-name (0.00s)
    --- PASS: TestAsHelmArgs/use_release-name (0.00s)
=== RUN   TestPatchEquals
--- PASS: TestPatchEquals (0.00s)
=== RUN   TestSelectorRegexMatchGvk
--- PASS: TestSelectorRegexMatchGvk (0.00s)
=== RUN   TestSelectorRegexMatchName
--- PASS: TestSelectorRegexMatchName (0.00s)
=== RUN   TestSelectorRegexMatchNamespace
--- PASS: TestSelectorRegexMatchNamespace (0.00s)
PASS
ok  	sigs.k8s.io/kustomize/api/types	(cached)
FAIL
